06-03 10:15:03.541 D/WindowManager( 1375): prepareSync <SYNC_STATE_WAITING_FOR_DRAW>, mPrepareSyncSeqId=0, win=Window{b9717a u0 Splash Screen com.google.android.googlequicksearchbox}
06-03 10:15:03.541 I/HoneySpace.TopTaskSource( 2557): onTaskMovedToFront : taskId = 163
06-03 10:15:03.541 E/BufferQueueDebug(  846): [b9717a Splash Screen com.google.android.googlequicksearchbox#2251](this:0xb400006f3aa3aba0,id:-1,api:0,p:-1,c:-1) id info cannot be read from 'b9717a Splash Screen com.google.android.googlequicksearchbox#2251'
06-03 10:15:03.542 I/BufferQueueDebug(  846): [b9717a Splash Screen com.google.android.googlequicksearchbox#2251](this:0xb400006f3aa3aba0,id:-1,api:0,p:-1,c:-1) BufferQueue core=(846:/system/bin/surfaceflinger)
06-03 10:15:03.542 I/SurfaceFlinger(  846): id=2251 createSurf, flag=84004, b9717a Splash Screen com.google.android.googlequicksearchbox#2251
06-03 10:15:03.542 I/SurfaceFlinger(  846): [4362d2a com.sec.android.app.launcher/com.sec.android.app.launcher.activities.LauncherActivity#97] FrameRatePriority: -1
06-03 10:15:03.543 I/HoneySpace.TopTaskUseCase( 2557): topTasks 163 ComponentInfo{com.google.android.googlequicksearchbox/com.google.android.apps.search.googleapp.activity.GoogleAppActivity}
06-03 10:15:03.543 V/WindowManager( 1375): addWindow: ActivityRecord{4ea1f36 u0 com.google.android.googlequicksearchbox/.InternalGoogleAppActivityEntrypoint t163} startingWindow=Window{b9717a u0 Splash Screen com.google.android.googlequicksearchbox}
06-03 10:15:03.544 D/InputTransport( 1375): Input channel destroyed: 'b9717a ', fd=946
06-03 10:15:03.549 I/InsetsController( 2053): onStateChanged: host=Splash Screen com.google.android.googlequicksearchbox, from=android.view.ViewRootImpl.setView:1753, state=InsetsState: {mDisplayFrame=Rect(0, 0 - 1080, 2340), mDisplayCutout=DisplayCutout{insets=Rect(0, 80 - 0, 0) waterfall=Insets{left=0, top=0, right=0, bottom=0} boundingRect={Bounds=[Rect(0, 0 - 0, 0), Rect(472, 0 - 608, 80), Rect(0, 0 - 0, 0), Rect(0, 0 - 0, 0)]} cutoutPathParserInfo={CutoutPathParserInfo{displayWidth=1080 displayHeight=2340 physicalDisplayWidth=1080 physicalDisplayHeight=2340 density={2.8125} cutoutSpec={M 0,0 H -24.177777778 V 28.4444444444 H 24.177777778 V 0 H 0 Z @dp} rotation={0} scale={1.0} physicalPixelDisplaySizeRatio={1.0}}}}, mRoundedCorners=RoundedCorners{[RoundedCorner{position=TopLeft, radius=0, center=Point(0, 0)}, RoundedCorner{position=TopRight, radius=0, center=Point(0, 0)}, RoundedCorner{position=BottomRight, radius=0, center=Point(0, 0)}, RoundedCorner{position=BottomLeft, radius=0, center=Point(0, 0)}]}  mRoundedCornerFrame=Rect(0, 0 - 1080, 2340), mPrivacyIndicatorBounds=PrivacyIndicatorBounds {static bounds=Rect(956, 0 - 1080, 80) rotation=0}, mDisplayShape=DisplayShape{ spec=-311912193 displayWidth=1080 displayHeight=2340 physicalPixelDisplaySizeRatio=1.0 rotation=0 offsetX=0 offsetY=0 scale=1.0}, mSources= { InsetsSource: {e0360000 mType=statusBars mFrame=[0,0][1080,80] mVisible=true mFlags=[]}, InsetsSource: {e0360005 mType=mandatorySystemGestures mFrame=[0,0][1080,114] mVisible=true mFlags=[]}, InsetsSource: {e0360006 mType=tappableElement mFrame=[0,0][1080,80] mVisible=true mFlags=[]}, InsetsSource: {3 mType=ime mFrame=[0,0][0,0] mVisible=false mFlags=[]}, InsetsSource: {27 mType=displayCutout mFrame=[0,0][1080,80] mVisible=true mFlags=[]}, InsetsSource: {52340001 mType=navigationBars mFrame=[0,2205][1080,2340] mVisible=true mFlags=[]}, InsetsSource: {52340004 mType=systemGestures mFrame=[0,0][0,0] mVisible=true mFlags=[]}, InsetsSource: {52340005 mType=mandatorySystemGestures mFrame=[0,2205][1080,2340] mVisible=true mFlags=[]}, InsetsSource: {52340006 mType=tappableElement mFrame=[0,2205][1080,2340] mVisible=true mFlags=[]}, InsetsSource: {52340024 mType=systemGestures mFrame=[0,0][0,0] mVisible=true mFlags=[]} }
06-03 10:15:03.549 I/ViewRootImpl@83a39cc[googlequicksearchbox]( 2053): synced displayState. AttachInfo displayState=2
06-03 10:15:03.549 I/ViewRootImpl@83a39cc[googlequicksearchbox]( 2053): setView = android.widget.FrameLayout@bb5a7f6 TM=true
06-03 10:15:03.549 D/AS.MultiSoundManager( 1375): mForegroundUid = 10219
06-03 10:15:03.549 D/AS.MultiSoundManager( 1375): mForegroundUid = 10219
06-03 10:15:03.551 D/OpenGLRenderer( 2053): HWUI - treat SMPTE_170M as sRGB
06-03 10:15:03.554 D/CoreBackPreview( 1375): Window{b9717a u0 Splash Screen com.google.android.googlequicksearchbox}: Setting back callback OnBackInvokedCallbackInfo{mCallback=android.window.IOnBackInvokedCallback$Stub$Proxy@d84ed59, mPriority=0, mIsAnimationCallback=false}
06-03 10:15:03.555 D/PkgPredictorService-SecIpmManagerServiceImpl( 1375): onForegroundActivitiesChanged pid:18102 uid:10219
06-03 10:15:03.555 D/AppCompatDelegate(18102): Checking for metadata for AppLocalesMetadataHolderService : Service not found
06-03 10:15:03.557 I/CameraService( 1019): onUidStateChanged: uid=10219, procState is changed. (3 -> 2)
06-03 10:15:03.558 D/SurfaceComposerClient( 1375): Transaction::apply InputWindowCommands.focusRequests timestamp=44396031783183, windowName=<null>
06-03 10:15:03.561 V/WindowManager( 1375): Relayout Window{b9717a u0 Splash Screen com.google.android.googlequicksearchbox}: viewVisibility=0 req=1080x2340 ty=3 d0
06-03 10:15:03.561 I/CocktailBarManagerServiceContainer( 1375): handleMessage: entry what = 6
06-03 10:15:03.561 D/RestrictionPolicy( 1375): isScreenCaptureEnabled : ret=true userId=0
06-03 10:15:03.561 I/CocktailBarManagerServiceImpl( 1375): notePauseComponent : no active host
06-03 10:15:03.562 I/Rubin   ( 7090): [331] ac.a.c(Unknown Source) : Notify com.samsung.android.rubin.inferenceengine.contextanalytics.engine.loggers.AppUsageLogger's database is updated.
06-03 10:15:03.562 E/BufferQueueDebug(  846): [Splash Screen com.google.android.googlequicksearchbox$_2053#2252](this:0xb400006f3aa55ba0,id:-1,api:0,p:-1,c:-1) id info cannot be read from 'Splash Screen com.google.android.googlequicksearchbox$_2053#2252'
06-03 10:15:03.563 I/BufferQueueDebug(  846): [Splash Screen com.google.android.googlequicksearchbox$_2053#2252](this:0xb400006f3aa55ba0,id:-1,api:0,p:-1,c:-1) BufferQueue core=(846:/system/bin/surfaceflinger)
06-03 10:15:03.563 I/SurfaceFlinger(  846): id=2252 createSurf, flag=44004, Splash Screen com.google.android.googlequicksearchbox$_2053#2252
06-03 10:15:03.564 D/WindowManager( 1375): makeSurface duration=1 name=Splash Screen com.google.android.googlequicksearchbox$_2053
06-03 10:15:03.564 D/SurfaceFlinger(  846): Focus addInputWindowCommands timestamp=44396031783183, windowName=<null>
06-03 10:15:03.566 D/SurfaceFlinger(  846): Find Focus windowName=<null>, notVisible=1
06-03 10:15:03.566 D/Layer   (  846): Focus: TransientLaunchOverlayToken{9141352 token=android.os.BinderProxy@1618bdd}#106 isHiddenByPolicy s.flags&layer_state_t::eLayerHidden=1
06-03 10:15:03.566 D/Layer   (  846): Focus: isHiddenByPolicy parent TransientLaunchOverlayToken{9141352 token=android.os.BinderProxy@1618bdd}#106 is hidden cause not visible
06-03 10:15:03.566 D/SurfaceFlinger(  846): Focus inVisible Reason:isVisibleForInput(){hasInputInfo()?canReceiveInput():isVisible()}=0 has=1 can{!isHiddenByPolicy()&&(mBuffer==nullptr||getAlpha()>0.0f)}=0 Hidden=1 Buf=0 getA=1
06-03 10:15:03.566 D/SurfaceFlinger(  846): Find Focus windowName=<null>, notVisible=1
06-03 10:15:03.566 D/WindowManager( 1375): SyncGroup 126:  Unfinished container: Task{6f5ee37 #163 type=standard A=10219:com.google.android.googlequicksearchbox.googleapp} mSyncState=2
06-03 10:15:03.566 D/Layer   (  846): Focus: Task=152#952 isHiddenByPolicy s.flags&layer_state_t::eLayerHidden=1
06-03 10:15:03.566 D/Layer   (  846): Focus: isHiddenByPolicy parent Task=152#952 is hidden cause not visible
06-03 10:15:03.566 D/SurfaceFlinger(  846): Focus inVisible Reason:isVisibleForInput(){hasInputInfo()?canReceiveInput():isVisible()}=0 has=1 can{!isHiddenByPolicy()&&(mBuffer==nullptr||getAlpha()>0.0f)}=0 Hidden=1 Buf=1 getA=1
06-03 10:15:03.566 D/SurfaceFlinger(  846): Find Focus windowName=<null>, notVisible=1
06-03 10:15:03.566 D/Layer   (  846): Focus: Task=152#952 isHiddenByPolicy s.flags&layer_state_t::eLayerHidden=1
06-03 10:15:03.566 D/Layer   (  846): Focus: isHiddenByPolicy parent Task=152#952 is hidden cause not visible
06-03 10:15:03.566 D/SurfaceFlinger(  846): Focus inVisible Reason:isVisibleForInput(){hasInputInfo()?canReceiveInput():isVisible()}=0 has=1 can{!isHiddenByPolicy()&&(mBuffer==nullptr||getAlpha()>0.0f)}=0 Hidden=1 Buf=1 getA=1
06-03 10:15:03.566 D/SurfaceFlinger(  846): Find Focus windowName=<null>, notVisible=1
06-03 10:15:03.566 D/Layer   (  846): Focus: Task=156#1488 isHiddenByPolicy s.flags&layer_state_t::eLayerHidden=1
06-03 10:15:03.566 D/Layer   (  846): Focus: isHiddenByPolicy parent Task=156#1488 is hidden cause not visible
06-03 10:15:03.566 D/SurfaceFlinger(  846): Focus inVisible Reason:isVisibleForInput(){hasInputInfo()?canReceiveInput():isVisible()}=0 has=1 can{!isHiddenByPolicy()&&(mBuffer==nullptr||getAlpha()>0.0f)}=0 Hidden=1 Buf=1 getA=1
06-03 10:15:03.566 D/SurfaceFlinger(  846): Find Focus windowName=<null>, notVisible=1
06-03 10:15:03.566 D/Layer   (  846): Focus: Task=156#1488 isHiddenByPolicy s.flags&layer_state_t::eLayerHidden=1
06-03 10:15:03.566 D/Layer   (  846): Focus: isHiddenByPolicy parent Task=156#1488 is hidden cause not visible
06-03 10:15:03.566 D/SurfaceFlinger(  846): Focus inVisible Reason:isVisibleForInput(){hasInputInfo()?canReceiveInput():isVisible()}=0 has=1 can{!isHiddenByPolicy()&&(mBuffer==nullptr||getAlpha()>0.0f)}=0 Hidden=1 Buf=1 getA=1
06-03 10:15:03.566 D/SurfaceFlinger(  846): Find Focus windowName=<null>, notVisible=1
06-03 10:15:03.566 D/Layer   (  846): Focus: Task=156#1488 isHiddenByPolicy s.flags&layer_state_t::eLayerHidden=1
06-03 10:15:03.566 D/Layer   (  846): Focus: isHiddenByPolicy parent Task=156#1488 is hidden cause not visible
06-03 10:15:03.566 D/SurfaceFlinger(  846): Focus inVisible Reason:isVisibleForInput(){hasInputInfo()?canReceiveInput():isVisible()}=0 has=1 can{!isHiddenByPolicy()&&(mBuffer==nullptr||getAlpha()>0.0f)}=0 Hidden=1 Buf=1 getA=1
06-03 10:15:03.566 D/SurfaceFlinger(  846): Find Focus windowName=<null>, notVisible=1
06-03 10:15:03.566 D/Layer   (  846): Focus: Task=156#1488 isHiddenByPolicy s.flags&layer_state_t::eLayerHidden=1
06-03 10:15:03.566 D/Layer   (  846): Focus: isHiddenByPolicy parent Task=156#1488 is hidden cause not visible
06-03 10:15:03.566 D/SurfaceFlinger(  846): Focus inVisible Reason:isVisibleForInput(){hasInputInfo()?canReceiveInput():isVisible()}=0 has=1 can{!isHiddenByPolicy()&&(mBuffer==nullptr||getAlpha()>0.0f)}=0 Hidden=1 Buf=1 getA=1
06-03 10:15:03.566 D/SurfaceFlinger(  846): Find Focus windowName=<null>, notVisible=1
06-03 10:15:03.566 D/Layer   (  846): Focus: Task=150#841 isHiddenByPolicy s.flags&layer_state_t::eLayerHidden=1
06-03 10:15:03.566 D/Layer   (  846): Focus: isHiddenByPolicy parent Task=150#841 is hidden cause not visible
06-03 10:15:03.566 D/SurfaceFlinger(  846): Focus inVisible Reason:isVisibleForInput(){hasInputInfo()?canReceiveInput():isVisible()}=0 has=1 can{!isHiddenByPolicy()&&(mBuffer==nullptr||getAlpha()>0.0f)}=0 Hidden=1 Buf=1 getA=1
06-03 10:15:03.566 D/SurfaceFlinger(  846): Find Focus windowName=<null>, notVisible=1
06-03 10:15:03.566 V/WindowManager( 1375): Relayout hash=b9717a, pid=2053, syncId=-1: mAttrs={(0,0)(fillxfill) sim={adjust=pan} layoutInDisplayCutoutMode=always ty=APPLICATION_STARTING fmt=TRANSLUCENT wanim=0x1030303
06-03 10:15:03.566 V/WindowManager( 1375):   fl=81030118
06-03 10:15:03.566 V/WindowManager( 1375):   pfl=16000010
06-03 10:15:03.566 V/WindowManager( 1375):   apr=LIGHT_STATUS_BARS LIGHT_NAVIGATION_BARS
06-03 10:15:03.566 V/WindowManager( 1375):   bhv=DEFAULT
06-03 10:15:03.566 V/WindowManager( 1375):   fitSides= naviIconColor=0}
06-03 10:15:03.566 D/SurfaceFlinger(  846): Focus inVisible Reason:isVisibleForInput(){hasInputInfo()?canReceiveInput():isVisible()}=0 has=1 can{!isHiddenByPolicy()&&(mBuffer==nullptr||getAlpha()>0.0f)}=0 Hidden=0 Buf=0 getA=0
06-03 10:15:03.567 D/SurfaceFlinger(  846): updateWinowInfo=1, setFocusedWindow timestamp=44396031783183, windowName=<null>
06-03 10:15:03.567 D/InputDispatcher( 1375): Focus request (0): <null> but waiting because NO_WINDOW
06-03 10:15:03.567 D/InputDispatcher( 1375): Focus left window (0): 4362d2a com.sec.android.app.launcher/com.sec.android.app.launcher.activities.LauncherActivity
06-03 10:15:03.567 D/BufferQueueConsumer( 2053): [](id:80500000098,api:0,p:-1,c:2053) connect: controlledByApp=false
06-03 10:15:03.568 I/BLASTBufferQueue_Java( 2053): new BLASTBufferQueue, mName= ViewRootImpl@83a39cc[googlequicksearchbox] mNativeObject= 0xb4000070d63caa80 sc.mNativeObject= 0xb4000070d5245c80 caller= android.view.ViewRootImpl.updateBlastSurfaceIfNeeded:3028 android.view.ViewRootImpl.relayoutWindow:10131 android.view.ViewRootImpl.performTraversals:4110 android.view.ViewRootImpl.doTraversal:3288 android.view.ViewRootImpl$TraversalRunnable.run:11344 android.view.Choreographer$CallbackRecord.run:1689 android.view.Choreographer$CallbackRecord.run:1698 android.view.Choreographer.doCallbacks:1153 android.view.Choreographer.doFrame:1079 android.view.Choreographer$FrameDisplayEventReceiver.run:1646 
06-03 10:15:03.568 I/HoneySpace.TopTaskSource( 2557): onTaskFocusChanged(): taskId = 163
06-03 10:15:03.568 I/BLASTBufferQueue_Java( 2053): update, w= 1080 h= 2340 mName = ViewRootImpl@83a39cc[googlequicksearchbox] mNativeObject= 0xb4000070d63caa80 sc.mNativeObject= 0xb4000070d5245c80 format= -3 caller= android.graphics.BLASTBufferQueue.<init>:89 android.view.ViewRootImpl.updateBlastSurfaceIfNeeded:3028 android.view.ViewRootImpl.relayoutWindow:10131 android.view.ViewRootImpl.performTraversals:4110 android.view.ViewRootImpl.doTraversal:3288 android.view.ViewRootImpl$TraversalRunnable.run:11344 
06-03 10:15:03.568 I/HoneySpace.TopTaskSource( 2557): onTaskMovedToFront : taskId = 163
06-03 10:15:03.569 I/ViewRootImpl@83a39cc[googlequicksearchbox]( 2053): Relayout returned: old=(0,0,1080,2340) new=(0,0,1080,2340) relayoutAsync=false req=(1080,2340)0 dur=7 res=0x403 s={true 0xb4000070d5870000} ch=true seqId=0
06-03 10:15:03.570 I/ViewRootImpl@83a39cc[googlequicksearchbox]( 2053): performConfigurationChange setNightDimText nightDimLevel=0
06-03 10:15:03.570 D/ViewRootImpl@83a39cc[googlequicksearchbox]( 2053): mThreadedRenderer.initialize() mSurface={isValid=true 0xb4000070d5870000} hwInitialized=true
06-03 10:15:03.570 I/ViewRootImpl@c33b44f[LauncherActivity]( 2557): handleWindowFocusChanged: 0 0 call from android.view.ViewRootImpl.-$$Nest$mhandleWindowFocusChanged:0
06-03 10:15:03.570 I/ImeFocusController( 2557): onPreWindowFocus: skipped, hasWindowFocus=false mHasImeFocus=true
06-03 10:15:03.571 D/ViewRootImpl@83a39cc[googlequicksearchbox]( 2053): reportNextDraw android.view.ViewRootImpl.performTraversals:4718 android.view.ViewRootImpl.doTraversal:3288 android.view.ViewRootImpl$TraversalRunnable.run:11344 android.view.Choreographer$CallbackRecord.run:1689 android.view.Choreographer$CallbackRecord.run:1698 
06-03 10:15:03.572 I/ViewRootImpl@83a39cc[googlequicksearchbox]( 2053): Setup new sync=wmsSync-ViewRootImpl@83a39cc[googlequicksearchbox]#59
06-03 10:15:03.572 I/ViewRootImpl@83a39cc[googlequicksearchbox]( 2053): Creating new active sync group ViewRootImpl@83a39cc[googlequicksearchbox]#60
06-03 10:15:03.572 I/ImeFocusController( 2557): onPostWindowFocus: skipped, hasWindowFocus=false mHasImeFocus=true
06-03 10:15:03.574 D/io_stats(  569): !@   8,32 r 11244429 288131792 w 4614017 42041668 d 213348 128188984 f 538709 2287703 iot 6504944 0 th 0 0 0 pt 0 inp 0 0 44396.052
06-03 10:15:03.574 I/ViewRootImpl@83a39cc[googlequicksearchbox]( 2053): registerCallbacksForSync syncBuffer=false
06-03 10:15:03.577 I/ViewRootImpl@83a39cc[googlequicksearchbox]( 2053): Received frameDrawingCallback syncResult=0 frameNum=1.
06-03 10:15:03.577 I/ViewRootImpl@83a39cc[googlequicksearchbox]( 2053): mWNT: t=0xb4000070d549c180 mBlastBufferQueue=0xb4000070d63caa80 fn= 1 mRenderHdrSdrRatio=1.0 caller= android.view.ViewRootImpl$8.onFrameDraw:13841 android.view.ThreadedRenderer$1.onFrameDraw:792 <bottom of call stack> 
06-03 10:15:03.577 I/ViewRootImpl@83a39cc[googlequicksearchbox]( 2053): Setting up sync and frameCommitCallback
06-03 10:15:03.579 I/HoneySpace.TopTaskSource( 2557): onTaskFocusChanged(): taskId = 163
06-03 10:15:03.580 I/HoneySpace.TopTaskSource( 2557): onTaskMovedToFront : taskId = 163
06-03 10:15:03.580 D/BLASTBufferQueue( 2053): [ViewRootImpl@83a39cc[googlequicksearchbox]#152](f:0,a:0) onFrameAvailable the first frame is available
06-03 10:15:03.581 D/BLASTBufferQueue( 2053): [ViewRootImpl@83a39cc[googlequicksearchbox]#152](f:0,a:1) acquireNextBufferLocked size=1080x2340 mFrameNumber=1 applyTransaction=true mTimestamp=44396059168414(auto) mPendingTransactions.size=0 graphicBufferId=8817567860812 transform=0
06-03 10:15:03.581 I/ViewRootImpl@83a39cc[googlequicksearchbox]( 2053): Received frameCommittedCallback lastAttemptedDrawFrameNum=1 didProduceBuffer=true
06-03 10:15:03.583 D/OpenGLRenderer( 2053): CFMS:: SetUp Pid : 2053    Tid : 2269
06-03 10:15:03.584 I/ViewRootImpl@83a39cc[googlequicksearchbox]( 2053): reportDrawFinished seqId=0
06-03 10:15:03.584 D/WindowManager( 1375): finishDrawingWindow: Window{b9717a u0 Splash Screen com.google.android.googlequicksearchbox} mDrawState=DRAW_PENDING seqId=0
06-03 10:15:03.584 V/WindowManager( 1375): Finishing drawing window Window{b9717a u0 Splash Screen com.google.android.googlequicksearchbox}: mDrawState=DRAW_PENDING
06-03 10:15:03.584 V/WindowManager( 1375): Draw state now committed in Window{b9717a u0 Splash Screen com.google.android.googlequicksearchbox}
06-03 10:15:03.586 V/Transition( 1375):  allReady query: used=true, override=false, defer=0, states=Display{#0 state=ON size=1080x2340 ROTATION_0}:true
06-03 10:15:03.587 V/WindowManager( 1375): SyncGroup 126: Finished!
06-03 10:15:03.587 V/WindowManager( 1375): performShowLocked: mDrawState=HAS_DRAWN in Window{b9717a u0 Splash Screen com.google.android.googlequicksearchbox}
06-03 10:15:03.587 D/ChangeTransitionController( 1375): onTransactionReady: TransitionRecord{98288d1 id=126 type=OPEN flags=0x0}
06-03 10:15:03.587 V/WindowManager( 1375): Start calculating TransitionInfo based on participants: {ActivityRecord{861ca4 u0 com.sec.android.app.launcher/.activities.LauncherActivity t144}, WallpaperWindowToken{445c02e token=android.os.Binder@8a4b2a9}, ActivityRecord{4ea1f36 u0 com.google.android.googlequicksearchbox/.InternalGoogleAppActivityEntrypoint t163}, Task{6f5ee37 #163 type=standard A=10219:com.google.android.googlequicksearchbox.googleapp}}
06-03 10:15:03.587 V/WindowManager( 1375):   Final targets: [Task{6f5ee37 #163 type=standard A=10219:com.google.android.googlequicksearchbox.googleapp}, Task{9c3adf7 #1 type=home}]
06-03 10:15:03.589 E/BufferQueueDebug(  846): [Transition Root: Task=163#2253](this:0xb400006f3a98aba0,id:-1,api:0,p:-1,c:-1) id info cannot be read from 'Transition Root: Task=163#2253'
06-03 10:15:03.590 I/BufferQueueDebug(  846): [Transition Root: Task=163#2253](this:0xb400006f3a98aba0,id:-1,api:0,p:-1,c:-1) BufferQueue core=(846:/system/bin/surfaceflinger)
06-03 10:15:03.590 I/SurfaceFlinger(  846): id=2253 createSurf, flag=84004, Transition Root: Task=163#2253
06-03 10:15:03.601 I/dqdp    (18102): Checking for device compliance...
06-03 10:15:03.602 I/SurfaceControl( 1375): show, t=StartTransaction_SyncId<126>, sc=Surface(name=ActivityRecord{4ea1f36 u0 com.google.android.googlequicksearchbox/.InternalGoogleAppActivityEntrypoint t163})/@0x1112d2a, caller=com.android.server.wm.Transition.onTransactionReady:1991 com.android.server.wm.BLASTSyncEngine$SyncGroup.finishNow:315 com.android.server.wm.BLASTSyncEngine$SyncGroup.tryFinish:242 com.android.server.wm.BLASTSyncEngine$SyncGroup.-$$Nest$mtryFinish:0 com.android.server.wm.BLASTSyncEngine.onSurfacePlacement:675 com.android.server.wm.RootWindowContainer.performSurfacePlacementNoTrace:990 
06-03 10:15:03.607 V/ClearcutMetricXmitter(18102): Transmission is done.
06-03 10:15:03.608 V/WindowManager( 1375): Calling onTransitionReady: {id=126 t=OPEN f=0x0 trk=0 r=[0@Point(0, 0)] c=[
06-03 10:15:03.608 V/WindowManager( 1375):         {WCT{RemoteToken{455064 Task{6f5ee37 #163 type=standard A=10219:com.google.android.googlequicksearchbox.googleapp}}} m=OPEN f=NONE leash=Surface(name=Task=163)/@0x2d5ee91 sb=Rect(0, 0 - 1080, 2340) eb=Rect(0, 0 - 1080, 2340) d=0 dim=true inset=Rect(0, 80 - 0, 135)},
06-03 10:15:03.608 V/WindowManager( 1375):         {WCT{RemoteToken{db7714e Task{9c3adf7 #1 type=home}}} m=TO_BACK f=SHOW_WALLPAPER|EDGE_EXTENSION_RESTRICTION leash=Surface(name=Task=1)/@0xd2fe911 sb=Rect(0, 0 - 1080, 2340) eb=Rect(0, 0 - 1080, 2340) d=0 inset=Rect(0, 80 - 0, 135)}
06-03 10:15:03.608 V/WindowManager( 1375):     ]}
06-03 10:15:03.611 V/WindowManager( 1375): Sent Transition #126 createdAt=06-03 10:15:03.462 via request=TransitionRequestInfo { type = OPEN, triggerTask = TaskInfo{userId=0 taskId=163 displayId=0 isRunning=true baseIntent=Intent { dat=ga:/... flg=0x10008000 cmp=com.google.android.googlequicksearchbox/.InternalGoogleAppActivityEntrypoint } baseActivity=ComponentInfo{com.google.android.googlequicksearchbox/com.google.android.apps.search.googleapp.activity.GoogleAppActivity} topActivity=ComponentInfo{com.google.android.googlequicksearchbox/com.google.android.apps.search.googleapp.activity.GoogleAppActivity} origActivity=ComponentInfo{com.google.android.googlequicksearchbox/com.google.android.googlequicksearchbox.InternalGoogleAppActivityEntrypoint} realActivity=ComponentInfo{com.google.android.googlequicksearchbox/com.google.android.apps.search.googleapp.activity.GoogleAppActivity} numActivities=1 lastActiveTime=1213766765 supportsMultiWindow=true resizeMode=2 isResizeable=true minWidth=-1 minHeight=-1 maxWidth=-1 maxHeight=-1 defaultMinSize=220 token=WCT{RemoteToken{455064 Task{6f5ee37 #163 type=standard A=10219:com.google.android.googlequicksearchbox.googleapp}}} topActivityType=1 pictureInPictureParams=null shouldDockBigOverlays=false launchIntoPipHostTaskId=-1 lastParentTaskIdBeforePip=-1 displayCutoutSafeInsets=Rect(0, 80 - 0, 0) topActivityInfo=ActivityInfo{9ee3782 com.google.android.googlequicksearchbox.InternalGoogleAppActivityEntrypoint} launchCookies=[android.os.BinderProxy@fe36e93] positionInParent=Point(0, 0) parentTaskId=-1 isFocused=false isVisible=false isVisibleRequested=false isSleeping=false topActivityInSizeCompat=false topActivityEligibleForLetterboxEducation= false topActivityLetterboxed= false isFromDoubleTap= false topActivityLetterboxVerticalPosition= -1 topActivityLetterboxHorizontalPosition= -1 topActivityLetterboxWidth=-1 topActivityLetterboxHeight=-1 locusId=null displayAreaFeatureId=1 cameraCompatControlState=hidden originallySupportedMultiWindow=true hasWallpaper=false topActivityInFixedAspectRatio=false rootAffinity=10219:com.google.android.googlequicksearchbox.googleapp topActivityInDisplayCompat=false topActivityInBoundsCompat=false topActivityBounds=null singleTapFromLetterbox=false isTopTaskInStage=false topActivityUiMode=17 CoverLauncherWidgetTask=false CoverScreenTask=false isAllowedSeamlessRotation=false isTopTransparentActivity=false hasPopOver=false}, remoteTransition = RemoteTransition { remoteTransition = android.window.IRemoteTransition$Stub$Proxy@8390ed0, appThread = android.app.IApplicationThread$Stub$Proxy@7aedec9, debugName = QuickstepLaunch }, displayChange = null }
06-03 10:15:03.611 V/WindowManager( 1375):     startWCT=WindowContainerTransaction { changes = {} hops = [] errorCallbackToken=null taskFragmentOrganizer=null }
06-03 10:15:03.611 V/WindowManager( 1375):     info={id=126 t=OPEN f=0x0 trk=0 r=[0@Point(0, 0)] c=[
06-03 10:15:03.611 V/WindowManager( 1375):         {WCT{RemoteToken{455064 Task{6f5ee37 #163 type=standard A=10219:com.google.android.googlequicksearchbox.googleapp}}} m=OPEN f=NONE leash=Surface(name=Task=163)/@0x2d5ee91 sb=Rect(0, 0 - 1080, 2340) eb=Rect(0, 0 - 1080, 2340) d=0 dim=true inset=Rect(0, 80 - 0, 135)},
06-03 10:15:03.611 V/WindowManager( 1375):         {WCT{RemoteToken{db7714e Task{9c3adf7 #1 type=home}}} m=TO_BACK f=SHOW_WALLPAPER|EDGE_EXTENSION_RESTRICTION leash=Surface(name=Task=1)/@0xd2fe911 sb=Rect(0, 0 - 1080, 2340) eb=Rect(0, 0 - 1080, 2340) d=0 inset=Rect(0, 80 - 0, 135)}
06-03 10:15:03.611 V/WindowManager( 1375):     ]}
06-03 10:15:03.612 V/WindowManagerShell( 2053): onTransitionReady android.os.BinderProxy@1201834: {id=126 t=OPEN f=0x0 trk=0 r=[0@Point(0, 0)] c=[{WCT{android.window.IWindowContainerToken$Stub$Proxy@ca79eef} m=OPEN f=NONE leash=Surface(name=Task=163)/@0xb4c14d0 sb=Rect(0, 0 - 1080, 2340) eb=Rect(0, 0 - 1080, 2340) d=0 dim=true inset=Rect(0, 80 - 0, 135)},{WCT{android.window.IWindowContainerToken$Stub$Proxy@1a5adfc} m=TO_BACK f=SHOW_WALLPAPER|EDGE_EXTENSION_RESTRICTION leash=Surface(name=Task=1)/@0x69c6cc9 sb=Rect(0, 0 - 1080, 2340) eb=Rect(0, 0 - 1080, 2340) d=0 inset=Rect(0, 80 - 0, 135)}]}
06-03 10:15:03.612 E/BufferQueueDebug(  846): [d987bf8 ActivityRecordInputSink com.google.android.googlequicksearchbox/com.google.android.apps.search.googleapp.activity.GoogleAppActivity#2254](this:0xb400006f3aa5fba0,id:-1,api:0,p:-1,c:-1) id info cannot be read from 'd987bf8 ActivityRecordInputSink com.google.android.googlequicksearchbox/com.google.android.apps.search.googleapp.activity.GoogleAppActivity#2254'
06-03 10:15:03.612 I/BufferQueueDebug(  846): [d987bf8 ActivityRecordInputSink com.google.android.googlequicksearchbox/com.google.android.apps.search.googleapp.activity.GoogleAppActivity#2254](this:0xb400006f3aa5fba0,id:-1,api:0,p:-1,c:-1) BufferQueue core=(846:/system/bin/surfaceflinger)
06-03 10:15:03.613 I/SurfaceFlinger(  846): id=2254 createSurf, flag=84000, d987bf8 ActivityRecordInputSink com.google.android.googlequicksearchbox/com.google.android.apps.search.googleapp.activity.GoogleAppActivity#2254
06-03 10:15:03.614 I/SurfaceControl( 2053): hide, t=FinishTransaction_SyncId<126>, sc=Surface(name=Task=1)/@0x69c6cc9, caller=com.android.wm.shell.transition.Transitions.dispatchReady:682 com.android.wm.shell.transition.Transitions.onTransitionReady:119 com.android.wm.shell.transition.Transitions$TransitionPlayerImpl$$ExternalSyntheticLambda0.run:13 android.os.Handler.handleCallback:958 android.os.Handler.dispatchMessage:99 android.os.Looper.loopOnce:230 
06-03 10:15:03.614 I/SurfaceControl( 2053): show, t=StartTransaction_SyncId<126>, sc=Surface(name=Task=163)/@0xb4c14d0, caller=com.android.wm.shell.transition.Transitions.dispatchReady:687 com.android.wm.shell.transition.Transitions.onTransitionReady:119 com.android.wm.shell.transition.Transitions$TransitionPlayerImpl$$ExternalSyntheticLambda0.run:13 android.os.Handler.handleCallback:958 android.os.Handler.dispatchMessage:99 android.os.Looper.loopOnce:230 
06-03 10:15:03.615 I/SurfaceControl( 2053): show, t=FinishTransaction_SyncId<126>, sc=Surface(name=Task=163)/@0xb4c14d0, caller=com.android.wm.shell.transition.Transitions.dispatchReady:744 com.android.wm.shell.transition.Transitions.onTransitionReady:119 com.android.wm.shell.transition.Transitions$TransitionPlayerImpl$$ExternalSyntheticLambda0.run:13 android.os.Handler.handleCallback:958 android.os.Handler.dispatchMessage:99 android.os.Looper.loopOnce:230 
06-03 10:15:03.615 V/WindowManagerShell( 2053): Playing animation for (#126)android.os.BinderProxy@1201834@0
06-03 10:15:03.615 I/SurfaceControl( 2053): show, t=StartTransaction_SyncId<126>, sc=Surface(name=Transition Root: Task=163)/@0x635bfce, caller=com.android.wm.shell.transition.Transitions.playTransition:80 com.android.wm.shell.transition.Transitions.processReadyQueue:195 com.android.wm.shell.transition.Transitions.dispatchReady:762 com.android.wm.shell.transition.Transitions.onTransitionReady:119 com.android.wm.shell.transition.Transitions$TransitionPlayerImpl$$ExternalSyntheticLambda0.run:13 android.os.Handler.handleCallback:958 
06-03 10:15:03.615 V/WindowManagerShell( 2053):  try firstHandler com.android.wm.shell.transition.DefaultMixedHandler@96330ad
06-03 10:15:03.616 V/WindowManagerShell( 2053):  Delegate animation for #126 to RemoteTransition { remoteTransition = android.window.IRemoteTransition$Stub$Proxy@ec083a0, appThread = android.app.IApplicationThread$Stub$Proxy@dd2fb59, debugName = QuickstepLaunch }
06-03 10:15:03.619 V/WindowManagerShell( 2053):  animated by firstHandler
06-03 10:15:03.619 I/GameSDK@LifeCycle( 1375): noteResumeComponent(): package name  : com.google.android.googlequicksearchbox
06-03 10:15:03.620 E/BufferQueueDebug(  846): [Surface(name=Task=163)/@0x9fd072_transition-leash#2255](this:0xb400006f3a95dba0,id:-1,api:0,p:-1,c:-1) id info cannot be read from 'Surface(name=Task=163)/@0x9fd072_transition-leash#2255'
06-03 10:15:03.620 I/BufferQueueDebug(  846): [Surface(name=Task=163)/@0x9fd072_transition-leash#2255](this:0xb400006f3a95dba0,id:-1,api:0,p:-1,c:-1) BufferQueue core=(846:/system/bin/surfaceflinger)
06-03 10:15:03.620 I/SurfaceFlinger(  846): id=2255 createSurf, flag=84000, Surface(name=Task=163)/@0x9fd072_transition-leash#2255
06-03 10:15:03.621 I/SurfaceControl( 2557): show, t=StartTransaction_SyncId<126>, sc=Surface(name=Task=163)/@0x9fd072, caller=com.android.wm.shell.util.TransitionUtil.createLeash:127 com.android.wm.shell.util.TransitionUtil.newTarget:2 com.android.wm.shell.util.TransitionUtil.newTarget:1 com.android.systemui.shared.system.RemoteAnimationTargetCompat.wrap:48 com.android.systemui.shared.system.RemoteAnimationTargetCompat.wrapApps:5 com.android.systemui.shared.system.RemoteAnimationRunnerCompat$1.startAnimation:19 
06-03 10:15:03.621 D/SGM:FgCheckThread( 1375): noteResumeComponent(), received pkgName: com.google.android.googlequicksearchbox, userId: 0
06-03 10:15:03.622 D/SGM:FgCheckThread( 1375): onLooperPrepared(), msg: MSG_APP_RESUME, pkgName: com.google.android.googlequicksearchbox, userid: 0
06-03 10:15:03.622 D/SGM:FgCheckThread( 1375): handleResume().
06-03 10:15:03.622 E/BufferQueueDebug(  846): [Surface(name=Task=1)/@0x4f12940_transition-leash#2256](this:0xb400006f3aaf8ba0,id:-1,api:0,p:-1,c:-1) id info cannot be read from 'Surface(name=Task=1)/@0x4f12940_transition-leash#2256'
06-03 10:15:03.622 I/BufferQueueDebug(  846): [Surface(name=Task=1)/@0x4f12940_transition-leash#2256](this:0xb400006f3aaf8ba0,id:-1,api:0,p:-1,c:-1) BufferQueue core=(846:/system/bin/surfaceflinger)
06-03 10:15:03.622 I/DecorView(18102): setWindowBackground: isPopOver=false color=ffffffff d=android.graphics.drawable.ColorDrawable@e501a4d
06-03 10:15:03.622 D/SGM:FgCheckThread( 1375): sendFocusOutConditionally() - mPrevNotiPkg: (unknown), userId: 0
06-03 10:15:03.622 I/SurfaceFlinger(  846): id=2256 createSurf, flag=84000, Surface(name=Task=1)/@0x4f12940_transition-leash#2256
06-03 10:15:03.622 D/SGM:FgCheckThread( 1375):   handleResume(). pkgName: com.google.android.googlequicksearchbox, userId: 0, isTunableApp: null
06-03 10:15:03.622 D/SGM:FgCheckThread( 1375): notifyFocusInOut(). of pkg: com.google.android.googlequicksearchbox, type: 4, isTunableApp: false, userId: 0
06-03 10:15:03.622 D/SGM:FgCheckThread( 1375):   notifyFocusInOut(). unexpected mPrevNotiType: -1
06-03 10:15:03.622 D/SGM:SystemHelper( 1375): callReleaseBlock needReleaseBlock:false
06-03 10:15:03.623 I/SurfaceControl( 2557): show, t=StartTransaction_SyncId<126>, sc=Surface(name=Task=1)/@0x4f12940, caller=com.android.wm.shell.util.TransitionUtil.createLeash:127 com.android.wm.shell.util.TransitionUtil.newTarget:2 com.android.wm.shell.util.TransitionUtil.newTarget:1 com.android.systemui.shared.system.RemoteAnimationTargetCompat.wrap:48 com.android.systemui.shared.system.RemoteAnimationTargetCompat.wrapApps:5 com.android.systemui.shared.system.RemoteAnimationRunnerCompat$1.startAnimation:19 
06-03 10:15:03.624 I/CocktailBarManagerServiceContainer( 1375): handleMessage: entry what = 5
06-03 10:15:03.625 I/CocktailBarManagerServiceImpl( 1375): noteResumeComponent : no active host
06-03 10:15:03.625 I/SurfaceControl( 2557): apply is called, name=StartTransaction_SyncId<126>, caller=android.view.SurfaceControl$Transaction.apply:2921 com.android.systemui.shared.system.RemoteAnimationRunnerCompat$1.startAnimation:658 android.window.IRemoteTransition$Stub.onTransact:131 android.os.Binder.execTransactInternal:1380 android.os.Binder.execTransact:1311 <bottom of call stack> 
06-03 10:15:03.627 I/HoneySpace.ShellAnimationRunner( 2557): [onAnimationStart] appTarget(0) : taskId-163, mode-0
06-03 10:15:03.627 I/HoneySpace.ShellAnimationRunner( 2557): [onAnimationStart] appTarget(1) : taskId-1, mode-1
06-03 10:15:03.627 I/HoneySpace.ShellTransitionManager( 2557): open animation start
06-03 10:15:03.627 I/HoneySpace.ShellAnimationRunner( 2557): finishExistingAnimation, null
06-03 10:15:03.627 I/HoneySpace.AppWidgetLaunchAnimationDelegate( 2557): onAnimationStart
06-03 10:15:03.627 I/HoneySpace.TransitionUtils( 2557): areAllTargetsTranslucent - false
06-03 10:15:03.632 I/Layer   (  846): Layer [Splash Screen com.google.android.googlequicksearchbox$_2053#2252] hidden!! flag(0)
06-03 10:15:03.640 D/SGM:GameManager( 1375): identifyGamePackage. com.google.android.googlequicksearchbox, mCurrentUserId: 0, callerUserId: 0, callingMethodInfo: com.samsung.android.game.SemGameManager.isGamePackage(SemGameManager.java:109)
06-03 10:15:03.641 D/SGM:PkgDataHelper( 1375): getGamePkgData(). com.google.android.googlequicksearchbox
06-03 10:15:03.641 I/etmy    (18102): onMoveToForeground
06-03 10:15:03.641 D/SGM:SemGameManager( 1375): isGamePackage(), pkgName=com.google.android.googlequicksearchbox, ret=false
06-03 10:15:03.647 I/etlq    (18102): (REDACTED) %s TNG App is logging Clearcut event named %s with the %s account state (zwieback available: %b) and %s source
06-03 10:15:03.649 I/HoneySpace.FloatingWidgetView( 2557): init - appWidgetView:com.honeyspace.ui.common.widget.HoneyAppWidgetHostView{6a2bcd0 VFE....L. R....... 0,981-1007,1308}
06-03 10:15:03.650 D/data_transfer( 1020): waitConnection: socketFd=6
06-03 10:15:03.650 D/data_transfer( 1020): clientlisten thread is running
06-03 10:15:03.650 D/data_transfer( 1020): waitConnection: wait clientfd=-1
06-03 10:15:03.651 I/cmkq    (18102): (REDACTED) Window focus changed. Has focus: %b
06-03 10:15:03.653 D/BtGatt.GattService( 2360): onScanResult to scannerId: 7- eventType=0x10, addressType=1, address=XX:XX:XX:XX:48:CE, primaryPhy=1, secondaryPhy=0, advertisingSid=0xff, txPower=127, rssi=-88, periodicAdvInt=0x0
06-03 10:15:03.655 I/GestureDetector( 1375): handleMessage TAP
06-03 10:15:03.656 I/GestureDetector( 1375): handleMessage TAP
06-03 10:15:03.661 I/cljt    (18102): (REDACTED) MultiColumnLayoutModule %d columns in portrait orientation %dx%d dp
06-03 10:15:03.665 I/cmgn    (18102): SBN: registerDeferredFragment for chips
06-03 10:15:03.666 I/chxu$a  (18102): (REDACTED) %s.
06-03 10:15:03.670 I/HoneySpace.ContentsAnimator( 2557): from : 0.0
06-03 10:15:03.670 I/HoneySpace.ContentsAnimator( 2557): ContentsAnimator start
06-03 10:15:03.670 I/HoneySpace.WallpaperAnimator( 2557): isOpen: true, from: 1.0, to: 1.2
06-03 10:15:03.670 I/HoneySpace.WallpaperAnimator( 2557): wallpaper animation start
06-03 10:15:03.671 I/WindowManager( 1375): Reparenting to leash, surface=Surface(name=RemoteWallpaperAnim:1:1)/@0xefb86, leashParent=Surface(name=OneHanded:0:14)/@0x6a81c47
06-03 10:15:03.672 E/BufferQueueDebug(  846): [Surface(name=RemoteWallpaperAnim:1:1)/@0xefb86 - animation-leash of remote_wallpaper#2257](this:0xb400006f3aafeba0,id:-1,api:0,p:-1,c:-1) id info cannot be read from 'Surface(name=RemoteWallpaperAnim:1:1)/@0xefb86 - animation-leash of remote_wallpaper#2257'
06-03 10:15:03.672 I/BufferQueueDebug(  846): [Surface(name=RemoteWallpaperAnim:1:1)/@0xefb86 - animation-leash of remote_wallpaper#2257](this:0xb400006f3aafeba0,id:-1,api:0,p:-1,c:-1) BufferQueue core=(846:/system/bin/surfaceflinger)
06-03 10:15:03.672 I/SurfaceFlinger(  846): id=2257 createSurf, flag=24000, Surface(name=RemoteWallpaperAnim:1:1)/@0xefb86 - animation-leash of remote_wallpaper#2257
06-03 10:15:03.672 I/HoneySpace.AnimationResult( 2557): setAnimation, animation: false
06-03 10:15:03.673 I/HoneySpace.FloatingWidgetView( 2557): start fwv anim
06-03 10:15:03.673 I/HoneySpace.AppWidgetLaunchAnimationDelegate( 2557): [WidgetLaunch] START
06-03 10:15:03.673 D/WindowManager( 1375): makeSurface duration=2 leash=Surface(name=Surface(name=RemoteWallpaperAnim:1:1)/@0xefb86 - animation-leash of remote_wallpaper)/@0x7743530
06-03 10:15:03.674 D/WindowManager( 1375): startAnimation for remote wallpaper, leash=Surface(name=Surface(name=RemoteWallpaperAnim:1:1)/@0xefb86 - animation-leash of remote_wallpaper)/@0x7743530
06-03 10:15:03.674 D/WindowManager( 1375): startRemoteWallpaperAnimation, d=0, leash=Surface(name=Surface(name=RemoteWallpaperAnim:1:1)/@0xefb86 - animation-leash of remote_wallpaper)/@0x7743530
06-03 10:15:03.674 I/HoneySpace.AppWidgetLaunchAnimationDelegate( 2557): previewAlpha : 0.0, current rect : RectF(52.0, 1252.0, 1031.0, 1387.0)
06-03 10:15:03.674 D/BtGatt.GattService( 2360): onScanResult to scannerId: 4- eventType=0x1b, addressType=1, address=XX:XX:XX:XX:58:AC, primaryPhy=1, secondaryPhy=0, advertisingSid=0xff, txPower=127, rssi=-87, periodicAdvInt=0x0
06-03 10:15:03.674 I/HoneySpace.AppWidgetLaunchAnimationDelegate( 2557): previewAlpha : 0.0, current rect : RectF(52.0, 1252.0, 1031.0, 1387.0)
06-03 10:15:03.676 I/HoneySpace.AppWidgetLaunchAnimationDelegate( 2557): previewAlpha : 0.0, current rect : RectF(52.0, 1252.0, 1031.0, 1387.0)
06-03 10:15:03.680 I/ViewRootImpl@c33b44f[LauncherActivity]( 2557): mWNT: t=0xb4000070cc91b280 mBlastBufferQueue=0xb4000070cc84d000 fn= 714 mRenderHdrSdrRatio=1.0 caller= com.android.systemui.shared.launcher.ViewRootImplCompat.mergeWithNextTransaction:4 com.honeyspace.transition.utils.SurfaceTransactionApplier.scheduleApply$lambda$1:26 com.honeyspace.transition.utils.SurfaceTransactionApplier.c:0 
06-03 10:15:03.680 I/ViewRootImpl@c33b44f[LauncherActivity]( 2557): mWNT: t=0xb4000070e5d26880 mBlastBufferQueue=0xb4000070cc84d000 fn= 714 mRenderHdrSdrRatio=1.0 caller= com.android.systemui.shared.launcher.ViewRootImplCompat.mergeWithNextTransaction:4 com.honeyspace.transition.utils.SurfaceTransactionApplier.scheduleApply$lambda$1:26 com.honeyspace.transition.utils.SurfaceTransactionApplier.c:0 
06-03 10:15:03.680 I/ViewRootImpl@c33b44f[LauncherActivity]( 2557): mWNT: t=0xb4000070e5d26a00 mBlastBufferQueue=0xb4000070cc84d000 fn= 714 mRenderHdrSdrRatio=1.0 caller= com.android.systemui.shared.launcher.ViewRootImplCompat.mergeWithNextTransaction:4 com.honeyspace.transition.utils.SurfaceTransactionApplier.scheduleApply$lambda$1:26 com.honeyspace.transition.utils.SurfaceTransactionApplier.c:0 
06-03 10:15:03.686 D/MdnieScenarioControlService( 1375):  packageName : com.google.android.googlequicksearchbox    className : com.google.android.apps.search.googleapp.activity.GoogleAppActivity
06-03 10:15:03.687 I/HoneySpace.AppWidgetLaunchAnimationDelegate( 2557): previewAlpha : 0.0, current rect : RectF(49.992584, 1203.6674, 1032.8916, 1423.7899)
06-03 10:15:03.687 I/CameraService( 1019): onUidStateChanged: uid=10230, procState is changed. (19 -> 17)
06-03 10:15:03.688 V/MdnieScenarioControlService( 1375): setUIMode from UI function(3)
06-03 10:15:03.690 I/ViewRootImpl@c33b44f[LauncherActivity]( 2557): mWNT: t=0xb4000070cde77100 mBlastBufferQueue=0xb4000070cc84d000 fn= 715 mRenderHdrSdrRatio=1.0 caller= com.android.systemui.shared.launcher.ViewRootImplCompat.mergeWithNextTransaction:4 com.honeyspace.transition.utils.SurfaceTransactionApplier.scheduleApply$lambda$1:26 com.honeyspace.transition.utils.SurfaceTransactionApplier.c:0 
06-03 10:15:03.691 I/SDHMS:l ( 3557): onTaskStackChanged
06-03 10:15:03.692 I/HoneySpace.RecentTasks( 2557): onRecentTasksChanged
06-03 10:15:03.698 I/HoneySpace.AppWidgetLaunchAnimationDelegate( 2557): previewAlpha : 0.0, current rect : RectF(46.312805, 1115.0703, 1036.3591, 1491.2285)
06-03 10:15:03.701 I/SemDvfsHyPerManager( 3557): acquire hyper - TABaseBoost/3557@19, type = 1090523139
06-03 10:15:03.701 I/HYPER-HAL(  809): [RequestManager.cpp]acquire(): Acquired ID : 6395695  [3557 / 19]    HINT :      list : [TABoost / 0] 
06-03 10:15:03.702 I/ViewRootImpl@c33b44f[LauncherActivity]( 2557): mWNT: t=0xb4000070cde77700 mBlastBufferQueue=0xb4000070cc84d000 fn= 716 mRenderHdrSdrRatio=1.0 caller= com.android.systemui.shared.launcher.ViewRootImplCompat.mergeWithNextTransaction:4 com.honeyspace.transition.utils.SurfaceTransactionApplier.scheduleApply$lambda$1:26 com.honeyspace.transition.utils.SurfaceTransactionApplier.c:0 
06-03 10:15:03.710 I/HoneySpace.AppWidgetLaunchAnimationDelegate( 2557): previewAlpha : 0.0, current rect : RectF(39.259033, 945.23584, 1043.006, 1620.5034)
06-03 10:15:03.711 I/ViewRootImpl@c33b44f[LauncherActivity]( 2557): mWNT: t=0xb4000070cde77880 mBlastBufferQueue=0xb4000070cc84d000 fn= 717 mRenderHdrSdrRatio=1.0 caller= com.android.systemui.shared.launcher.ViewRootImplCompat.mergeWithNextTransaction:4 com.honeyspace.transition.utils.SurfaceTransactionApplier.scheduleApply$lambda$1:26 com.honeyspace.transition.utils.SurfaceTransactionApplier.c:0 
06-03 10:15:03.716 D/SGM:GameManager( 1375): identifyGamePackage. com.google.android.googlequicksearchbox, mCurrentUserId: 0, callerUserId: 0, callingMethodInfo: com.samsung.android.game.IGameManagerService$Stub.onTransact(IGameManagerService.java:233)
06-03 10:15:03.716 D/SGM:PkgDataHelper( 1375): getGamePkgData(). com.google.android.googlequicksearchbox
06-03 10:15:03.721 I/HoneySpace.AppWidgetLaunchAnimationDelegate( 2557): previewAlpha : 0.0, current rect : RectF(30.29187, 729.3351, 1051.4557, 1784.8431)
06-03 10:15:03.723 I/ViewRootImpl@c33b44f[LauncherActivity]( 2557): mWNT: t=0xb4000070cde77a00 mBlastBufferQueue=0xb4000070cc84d000 fn= 718 mRenderHdrSdrRatio=1.0 caller= com.android.systemui.shared.launcher.ViewRootImplCompat.mergeWithNextTransaction:4 com.honeyspace.transition.utils.SurfaceTransactionApplier.scheduleApply$lambda$1:26 com.honeyspace.transition.utils.SurfaceTransactionApplier.c:0 
06-03 10:15:03.726 D/SemWifiUsabilityStatsMonitor( 1375): onWifiUsabilityStats - seqNum 1179, isSameBssidAndFreq true
06-03 10:15:03.726 I/SemWifiLinkQualityMonitor( 1375): Link stat: 0 / 0 / 1.00 (418) / 180 / -61.0 || 100.0 : 180.00 / 0.5 : 1.00 / 0.55 : 0.30 / B (G) || 0.15 ms / 54.31 Mbps / D || 0 / N / 0 Y / 0 Y
06-03 10:15:03.730 D/BoundBrokerSvc( 5397): onBind: Intent { act=com.google.android.gms.icing.LIGHTWEIGHT_INDEX_SERVICE pkg=com.google.android.gms }
06-03 10:15:03.730 D/BoundBrokerSvc( 5397): Loading bound service for intent: Intent { act=com.google.android.gms.icing.LIGHTWEIGHT_INDEX_SERVICE pkg=com.google.android.gms }
06-03 10:15:03.731 I/HoneySpace.AppWidgetLaunchAnimationDelegate( 2557): previewAlpha : 0.08064516, current rect : RectF(23.393616, 563.24634, 1057.956, 1911.2668)
06-03 10:15:03.733 I/ViewRootImpl@c33b44f[LauncherActivity]( 2557): mWNT: t=0xb4000070cdf9e000 mBlastBufferQueue=0xb4000070cc84d000 fn= 719 mRenderHdrSdrRatio=1.0 caller= com.android.systemui.shared.launcher.ViewRootImplCompat.mergeWithNextTransaction:4 com.honeyspace.transition.utils.SurfaceTransactionApplier.scheduleApply$lambda$1:26 com.honeyspace.transition.utils.SurfaceTransactionApplier.c:0 
06-03 10:15:03.734 I/hwcomposer(  803): [HWCDisplay] [Display_0 (type:1, mode:2)] fps:45.464001,dur:1011.79,max:460.64,min:7.90  
06-03 10:15:03.736 I/PromoManagerDataService(18102): PromoManagerDataServiceImpl.getTabTypePromotion[SUGGEST]
06-03 10:15:03.745 I/HoneySpace.AppWidgetLaunchAnimationDelegate( 2557): previewAlpha : 0.2580645, current rect : RectF(18.384277, 442.63788, 1062.6763, 2003.072)
06-03 10:15:03.749 I/ViewRootImpl@c33b44f[LauncherActivity]( 2557): mWNT: t=0xb4000070cdf9e180 mBlastBufferQueue=0xb4000070cc84d000 fn= 720 mRenderHdrSdrRatio=1.0 caller= com.android.systemui.shared.launcher.ViewRootImplCompat.mergeWithNextTransaction:4 com.honeyspace.transition.utils.SurfaceTransactionApplier.scheduleApply$lambda$1:26 com.honeyspace.transition.utils.SurfaceTransactionApplier.c:0 
06-03 10:15:03.754 I/HoneySpace.AppWidgetLaunchAnimationDelegate( 2557): previewAlpha : 0.43548387, current rect : RectF(14.478821, 348.60553, 1066.3564, 2074.6477)
06-03 10:15:03.758 I/ViewRootImpl@c33b44f[LauncherActivity]( 2557): mWNT: t=0xb4000070cdf9e300 mBlastBufferQueue=0xb4000070cc84d000 fn= 721 mRenderHdrSdrRatio=1.0 caller= com.android.systemui.shared.launcher.ViewRootImplCompat.mergeWithNextTransaction:4 com.honeyspace.transition.utils.SurfaceTransactionApplier.scheduleApply$lambda$1:26 com.honeyspace.transition.utils.SurfaceTransactionApplier.c:0 
06-03 10:15:03.761 I/InputMethodManager(18102): invalidateInput
06-03 10:15:03.765 I/HoneySpace.AppWidgetLaunchAnimationDelegate( 2557): previewAlpha : 0.61290324, current rect : RectF(11.577942, 278.761, 1069.0901, 2127.8123)
06-03 10:15:03.766 D/SurfaceFlinger(  846): Display 4627039422300187648 HWC layers:
06-03 10:15:03.766 D/SurfaceFlinger(  846):      DEVICE | 0xb400006f3a4c03c0 | 0100 | RGBA_8888    |  662.0   69.0 1678.0 2271.0 |    0    0 1080 2340 | Wallpaper BBQ wrapper 5_system#72
06-03 10:15:03.766 D/SurfaceFlinger(  846):      DEVICE | 0xb400006f3a98f640 | 0100 | RGBA_8888    |    0.0    0.0 1080.0 2340.0 |    0    0 1080 2340 | com.sec.android.app.launcher/com.sec[...]tivities.LauncherActivity$_2557#2223
06-03 10:15:03.766 D/SurfaceFlinger(  846):      CLIENT | 0xb400006f3a9d4440 | 0100 | RGBA_8888    |    0.0    0.0 1080.0 1407.0 |   23  563 1058 1911 | Splash Screen com.google.android.googlequicksearchbox$_2053#2252
06-03 10:15:03.766 D/SurfaceFlinger(  846):      DEVICE | 0xb400006f652917c0 | 0100 | RGBA_8888    |    0.0    0.0 1080.0   80.0 |    0    0 1080   80 | StatusBar$_2053#89
06-03 10:15:03.766 D/SurfaceFlinger(  846):      DEVICE | 0xb400006f3b0c8a80 | 0100 | RGBA_8888    |    0.0    0.0 1080.0  135.0 |    0 2205 1080 2340 | NavigationBar0$_2053#88
06-03 10:15:03.766 D/SurfaceFlinger(  846): 
06-03 10:15:03.770 E/PQ_HDR  (  803): DpAsyncBlitStream:: thie platform unsupport compress format
06-03 10:15:03.771 I/ViewRootImpl@c33b44f[LauncherActivity]( 2557): mWNT: t=0xb4000070cdf9e480 mBlastBufferQueue=0xb4000070cc84d000 fn= 722 mRenderHdrSdrRatio=1.0 caller= com.android.systemui.shared.launcher.ViewRootImplCompat.mergeWithNextTransaction:4 com.honeyspace.transition.utils.SurfaceTransactionApplier.scheduleApply$lambda$1:26 com.honeyspace.transition.utils.SurfaceTransactionApplier.c:0 
06-03 10:15:03.773 D/AutofillManager(18102): view is not autofillable - activity denied for autofill
06-03 10:15:03.774 D/AutofillManager(18102): view is not autofillable - activity denied for autofill
06-03 10:15:03.776 I/HoneySpace.AppWidgetLaunchAnimationDelegate( 2557): previewAlpha : 0.7903226, current rect : RectF(9.2595215, 222.94073, 1071.2747, 2170.3015)
06-03 10:15:03.778 E/PQ_HDR  (  803): DpAsyncBlitStream:: thie platform unsupport compress format
06-03 10:15:03.779 I/ViewRootImpl@c33b44f[LauncherActivity]( 2557): mWNT: t=0xb4000070cdf9e900 mBlastBufferQueue=0xb4000070cc84d000 fn= 723 mRenderHdrSdrRatio=1.0 caller= com.android.systemui.shared.launcher.ViewRootImplCompat.mergeWithNextTransaction:4 com.honeyspace.transition.utils.SurfaceTransactionApplier.scheduleApply$lambda$1:26 com.honeyspace.transition.utils.SurfaceTransactionApplier.c:0 
06-03 10:15:03.782 D/AutofillManager(18102): view is not autofillable - activity denied for autofill
06-03 10:15:03.782 I/cqtz    (18102): AppSearch is not enabled.
06-03 10:15:03.787 D/SurfaceFlinger(  846): [SF client] NEW(0xb400006f3456a780) for (18102:com.google.android.googlequicksearchbox:search)
06-03 10:15:03.789 I/HoneySpace.AppWidgetLaunchAnimationDelegate( 2557): previewAlpha : 0.983871, current rect : RectF(7.2147217, 173.70764, 1073.2015, 2207.7769)
06-03 10:15:03.789 E/PQ_HDR  (  803): DpAsyncBlitStream:: thie platform unsupport compress format
06-03 10:15:03.789 D/NativeCustomFrequencyManager(18102): [NativeCFMS] BpCustomFrequencyManager::BpCustomFrequencyManager()
06-03 10:15:03.791 V/MdnieScenarioControlService( 1375): mAclOffEnabled : false
06-03 10:15:03.791 D/InputTransport( 1375): Input channel constructed: 'fc01d3e', fd=946
06-03 10:15:03.791 D/InputTransport( 1375): Input channel constructed: 'fc01d3e', fd=956
06-03 10:15:03.792 D/InputTransport( 1375): Input channel constructed: 'fc01d3e', fd=957
06-03 10:15:03.792 E/BufferQueueDebug(  846): [fc01d3e com.google.android.googlequicksearchbox/com.google.android.googlequicksearchbox.InternalGoogleAppActivityEntrypoint#2258](this:0xb400006f3a9f3ba0,id:-1,api:0,p:-1,c:-1) id info cannot be read from 'fc01d3e com.google.android.googlequicksearchbox/com.google.android.googlequicksearchbox.InternalGoogleAppActivityEntrypoint#2258'
06-03 10:15:03.793 I/BufferQueueDebug(  846): [fc01d3e com.google.android.googlequicksearchbox/com.google.android.googlequicksearchbox.InternalGoogleAppActivityEntrypoint#2258](this:0xb400006f3a9f3ba0,id:-1,api:0,p:-1,c:-1) BufferQueue core=(846:/system/bin/surfaceflinger)
06-03 10:15:03.793 I/SurfaceFlinger(  846): id=2258 createSurf, flag=84004, fc01d3e com.google.android.googlequicksearchbox/com.google.android.googlequicksearchbox.InternalGoogleAppActivityEntrypoint#2258
06-03 10:15:03.794 D/RestrictionPolicy( 1375): isScreenCaptureEnabled : ret=true userId=0
06-03 10:15:03.795 D/InputTransport( 1375): Input channel destroyed: 'fc01d3e', fd=957
