 
06-03 10:15:00.003 D/QSClockBellTower( 2053): onReceive(android.intent.action.TIME_TICK) mTimeZoneString:America/New_York
06-03 10:15:00.004 I/DateTimeView( 2053): updateAll - getTimeFormat
06-03 10:15:00.006 I/EyeComfortSolutionService( 1375): action  :  android.intent.action.TIME_TICK
06-03 10:15:00.007 D/FaceWidgetPagesController( 2053): onTimeChanged()
06-03 10:15:00.010 D/QSClockBellTower( 2053): He is ready to ring the bell. (((QSClockBellSound - TimeText:10:15, TimeContentDescription:10:15 AM, DateText:Tue, June 3, ShortDateText:Tue, Jun 3, Demo:false, QuickStar-Second(false|12:34:56), QuickStar-DateText:Tue, Jun 3)))
06-03 10:15:00.011 D/QSClock ( 2053): StatusBar clock=10:15 notifyTimeChanged(QSClockBellSound - TimeText:10:15, TimeContentDescription:10:15 AM, DateText:Tue, June 3, ShortDateText:Tue, Jun 3, Demo:false, QuickStar-Second(false|12:34:56), QuickStar-DateText:Tue, Jun 3) clockVisibleByPolicy=true, clockVisibleByUser=true, visible=true, parent=android.widget.LinearLayout{caa89f0 V.E...... ......ID 0,0-95,72 #7f0a0591 app:id/left_clock_container}
06-03 10:15:00.012 D/QSClockBellTower( 2053): Everyone heard the bell. run(currentTime:1748960100008, getTime():Tue Jun 03 10:15:00 EDT 2025, getTimeZone():libcore.util.ZoneInfo[mDstSavings=3600000,mUseDst=true,mDelegate=[id="America/New_York",mRawOffset=-18000000,mEarliestRawOffset=-17762000,transitions=360]])
06-03 10:15:00.020 I/fghc    (18102): (REDACTED) GMSCore Auth returned %d accounts.
06-03 10:15:00.020 I/fghc    (18102): (REDACTED) GoogleOwnersProvider returned %d accounts.
06-03 10:15:00.032 I/BufferQueueProducer(  846): [StatusBar$_2053#89](this:0xb400006f3ab23ba0,id:-1,api:0,p:-1,c:846) queueBuffer: fps=8.29 dur=1688.24 max=1055.16 min=10.89
06-03 10:15:00.033 D/QsExpandAnimator( 2053): mIsDateButtonOverlapped = false >> false, (346.0 + 375) = 721.0 : 984
06-03 10:15:00.035 W/View    ( 2053): requestLayout() improperly called by android.widget.FrameLayout{e3fc8bc V.E...... ......ID 0,142-1080,2205 #7f0a0846 app:id/qs_frame} during layout: running second layout pass
06-03 10:15:00.037 D/SystemUIAnalytics( 2053): sendEventLog , , active, Dnd
06-03 10:15:00.047 D/SamsungAnalytics605033( 2053): SendLog Result = 0
06-03 10:15:00.060 D/BtGatt.GattService( 2360): onScanResult to scannerId: 4- eventType=0x1b, addressType=1, address=XX:XX:XX:XX:58:AC, primaryPhy=1, secondaryPhy=0, advertisingSid=0xff, txPower=127, rssi=-80, periodicAdvInt=0x0
06-03 10:15:00.070 D/BtGatt.GattService( 2360): onScanResult to scannerId: 7- eventType=0x10, addressType=1, address=XX:XX:XX:XX:48:CE, primaryPhy=1, secondaryPhy=0, advertisingSid=0xff, txPower=127, rssi=-88, periodicAdvInt=0x0
06-03 10:15:00.073 I/GestureDetector( 1375): handleMessage TAP
06-03 10:15:00.074 I/GestureDetector( 1375): handleMessage TAP
06-03 10:15:00.077 I/hwcomposer(  803): [HWC] (0)fire a callback of refresh to SF[4]  
06-03 10:15:00.091 D/skia    (18102): SkJpegCodec::onGetPixels + (739, 415)
06-03 10:15:00.094 D/skia    (18102): SkJpegCodec::onGetPixels -
06-03 10:15:00.104 D/skia    (18102): onGetGainmapInfo: false.
06-03 10:15:00.122 W/View    (18102): requestLayout() improperly called by android.widget.FrameLayout{4a6292d V.E...... ......ID 0,0-1080,315 #7f0b1f93 app:id/googleapp_discover_header_container} during layout: running second layout pass
06-03 10:15:00.129 I/AdvertisingIdClient(18102): getting error as 17: API: ClientTelemetry.API is not available on this device. Connection failed with: ConnectionResult{statusCode=API_DISABLED_FOR_CONNECTION, resolution=null, message=null}
06-03 10:15:00.129 I/AdvertisingIdClient(18102): getting error as 17: API: ClientTelemetry.API is not available on this device. Connection failed with: ConnectionResult{statusCode=API_DISABLED_FOR_CONNECTION, resolution=null, message=null}
06-03 10:15:00.137 D/SystemUIAnalytics( 2053): sendEventLog , , active, QRScanner
06-03 10:15:00.143 D/SurfaceFlinger(  846): GPIS:: requestGPISForClientComposition
06-03 10:15:00.156 D/SamsungAnalytics605033( 2053): SendLog Result = 0
06-03 10:15:00.160 D/skia    (18102): onGetGainmapInfo: false.
06-03 10:15:00.175 I/ckym    (18102): Got message
06-03 10:15:00.175 I/ckym    (18102): InitializationAck from server
06-03 10:15:00.176 I/etir    (18102): (REDACTED) AppFlow %s is about to be transmitted
06-03 10:15:00.176 I/etlq    (18102): (REDACTED) %s TNG App is logging Clearcut event named %s with the %s account state (zwieback available: %b) and %s source
06-03 10:15:00.176 I/ckzs    (18102): Updating status to connected
06-03 10:15:00.187 W/earchbox:search(18102): Cleared Reference was only reachable from finalizer (only reported once)
06-03 10:15:00.188 I/clew    (18102): onFeedRendered
06-03 10:15:00.237 D/SystemUIAnalytics( 2053): sendEventLog , , active, LifestyleMode
06-03 10:15:00.238 I/hwcomposer(  803): [HWC] (0)fire a callback of refresh to SF[4]  
06-03 10:15:00.248 D/SamsungAnalytics605033( 2053): SendLog Result = 0
06-03 10:15:00.286 I/earchbox:search(18102): Background concurrent mark compact GC freed 10MB AllocSpace bytes, 29(1924KB) LOS objects, 50% free, 23MB/46MB, paused 2.228ms,9.510ms total 230.189ms
06-03 10:15:00.286 W/earchbox:search(18102): Reducing the number of considered missed Gc histogram windows from 139 to 100
06-03 10:15:00.318 I/InputMethodService( 5933): removeImeSurface
06-03 10:15:00.318 I/InputMethodService( 5933): cancelImeSurfaceRemoval: removeCallbacks
06-03 10:15:00.337 D/SystemUIAnalytics( 2053): sendEventLog , , active, MultiControl
06-03 10:15:00.347 D/SamsungAnalytics605033( 2053): SendLog Result = 0
06-03 10:15:00.604 V/CpEventLog(u0)(19910): cp_state: [                 contacts = {contacts=1, raw_contacts=1, data=4, account={secphone(1)=0, secphone(2)=1, google(3)=0, sim(4)=0, agg(5)=0, samsung(6)=0, mobileservice(7)=0}, trash=0, trash_acc={}, trash_sync=0, database=contacts2.db} ]
06-03 10:15:00.604 V/CpEventLog(u0)(19910): cp_state: [               aggregated = {[2]=1} ]
06-03 10:15:00.604 V/CpEventLog(u0)(19910): cp_state: [                  request = {} ]
06-03 10:15:00.604 V/CpEventLog(u0)(19910): cp_state: [                    calls = {types={}, database=calllog.db} ]
06-03 10:15:00.604 V/CpEventLog(u0)(19910): cp_state: [                  profile = {contacts=0, raw_contacts=0, data=0, account={secphone(1)=0, google(2)=0, sim(3)=0, agg(4)=0, samsung(5)=0, mobileservice(6)=0}, trash=0, trash_acc={}, trash_sync=0, database=profile.db} ]
06-03 10:15:00.604 V/CpEventLog(u0)(19910): cp_state: [               sa_profile = {contacts=1, raw_contacts=1, data=2, account={secphone(1)=1, google(2)=0, sim(3)=0, agg(4)=0, samsung(5)=0, mobileservice(6)=0}, trash=0, trash_acc={}, trash_sync=0, database=profile_sa.db} ]
06-03 10:15:00.604 V/CpEventLog(u0)(19910): cp_state: [                      etc = {binders=0, country_iso=US, version=15.0.64, db_version=1708, csc=ATT/ATT} ]
06-03 10:15:00.604 V/CpEventLog(u0)(19910): cp_state: ------------------------------------------------------------------------------
06-03 10:15:00.649 D/data_transfer( 1020): waitConnection: socketFd=6
06-03 10:15:00.649 D/data_transfer( 1020): clientlisten thread is running
06-03 10:15:00.649 D/data_transfer( 1020): waitConnection: wait clientfd=-1
06-03 10:15:00.685 D/InputReader( 1375): Btn_touch(6): value=1 when=44393.163614
06-03 10:15:00.685 I/InputReader( 1375): Touch event's action is 0x0 (id=5, t=0) [pCnt=1, s=0.2554 ] when=44393.163614
06-03 10:15:00.686 I/InputDispatcher( 1375): Delivering touch to (2053): action: 0x0, f=0x0, d=0, '255b007', t=1 +(0,-2205)
06-03 10:15:00.687 I/ViewRootImpl@8ced9ff[NavigationBar0]( 2053): ViewPostIme pointer 0
06-03 10:15:00.687 I/GestureDetector( 1375): obtain mCurrentDownEvent. id: 513712150 caller: com.android.server.wm.SystemGesturesPointerEventListener.onPointerEvent:204 com.android.server.wm.PointerEventDispatcher.onInputEvent:53 android.view.InputEventReceiver.dispatchInputEvent:337 
06-03 10:15:00.687 I/GestureDetector( 1375): obtain mCurrentDownEvent. id: 513712150 caller: com.android.server.wm.SystemPerformancePointerEventListener.onPointerEvent:89 com.android.server.wm.PointerEventDispatcher.onInputEvent:53 android.view.InputEventReceiver.dispatchInputEvent:337 
06-03 10:15:00.688 I/SemDvfsHyPerManager( 3557): acquire hyper - TATouchBoost/3557@20, type = 1090523139
06-03 10:15:00.689 I/HYPER-HAL(  809): [RequestManager.cpp]acquire(): Acquired ID : 6399273  [3557 / 20]    HINT :      list : [TABoost / 40] [TIMEOUT / 1500] 
06-03 10:15:00.691 I/KeyButtonView( 2053): injectInputEvent - 3
06-03 10:15:00.691 V/Vibrator( 2053): semGetSupportedVibrationType: ret=1
06-03 10:15:00.692 D/InputDispatcher( 1375): Inject key (2053/10064): action=0, f=0x48, d=0, time=44393168000000
06-03 10:15:00.692 D/InputManager-JNI( 1375): !@interceptKeyBeforeQueueing(0), action=0, interactive=true
06-03 10:15:00.692 D/WindowManager( 1375): interceptKeyTq keycode=3 interactive=true keyguardActive=false policyFlags=2b000002
06-03 10:15:00.693 D/PhoneWindowManagerExt( 1375): setScreenshotEnabled, screenOnFully=true
06-03 10:15:00.694 D/VibratorManagerService( 1375): vibrate - uid: 10064, opPkg: com.android.systemui, effect: Mono{mEffect=Composed{segments=[SemHaptic{mType=50124, mMagnitude=-1}], repeat=-1, mMagnitudeType=TYPE_TOUCH}}, attrs: VibrationAttributes: Usage=UNKNOWN Audio Usage= USAGE_UNKNOWN tags= Flags=0, reason: null, token: android.os.BinderProxy@b5ef7a3
06-03 10:15:00.694 D/SingleKeyGesture( 1375): interceptKeyDown, info : KeyCode=KEYCODE_UNKNOWN, size=0
06-03 10:15:00.694 I/GestureDetector( 1375): obtain mCurrentMotionEventRaw. action: 2 id: 36109734
06-03 10:15:00.694 D/VibratorManagerService( 1375): converted usage = TOUCH(18)
06-03 10:15:00.694 I/GestureDetector( 1375): obtain mCurrentMotionEventRaw. action: 2 id: 36109734
06-03 10:15:00.694 D/VibratorManagerService( 1375): getPatternFrequencyByIndex(), index out of bound, mVibePatternHash:77, type:50124, index:100
06-03 10:15:00.694 D/VibratorManagerService( 1375): semDcVibrate : EFFECT_CLICK_RESERVED_DC(100), repeat: -1, usage: TOUCH(18), magnitude: 45
06-03 10:15:00.694 D/VibratorManagerService( 1375): Starting vibrate for vibration 121
06-03 10:15:00.696 D/PhoneWindowManagerExt( 1375): interceptKeyTq code=3 down=true repeatCount=0 displayId=0 interactive=true
06-03 10:15:00.696 D/WindowManager( 1375): interceptKeyTq interceptKeyResult=1
06-03 10:15:00.696 D/PhoneWindowManagerExt( 1375): f.b. a=false id=1 he=true ksno=false uid=1000 callingPackage=android reason=Virtual Key - Press Caller=com.android.server.policy.PhoneWindowManager.performHapticFeedback:7290 com.android.server.policy.PhoneWindowManager.performHapticFeedback:7276 com.android.server.policy.PhoneWindowManager.interceptKeyBeforeQueueing:5593 com.android.server.wm.InputManagerCallback.interceptKeyBeforeQueueing:163 com.android.server.input.InputManagerService.interceptKeyBeforeQueueing:3523 
06-03 10:15:00.697 V/Vibrator( 1375): semGetSupportedVibrationType: ret=1
06-03 10:15:00.698 D/PhoneWindowManagerExt( 1375): haptic generated by application
06-03 10:15:00.698 D/InputManager-JNI( 1375): !@handleInterceptActions(0), action=0, wmActions=1
06-03 10:15:00.698 E/SecVibrator-HAL-AIDL-CORE(  825): V_2_0: Vibrator on for timeoutMs: 45
06-03 10:15:00.698 E/SecVibrator-HAL-AIDL-CORE(  825): HW_API: do_on for timeoutMs: 45
06-03 10:15:00.698 E/SecVibrator-HAL-AIDL-CORE(  825): HW_API: >> writeNode node:/timed_output/vibrator/enable val:45
06-03 10:15:00.699 D/WindowManager( 1375): interceptKeyTi keyCode=3 down=true repeatCount=0 keyguardOn=false canceled=false
06-03 10:15:00.699 D/PhoneWindowManagerExt( 1375): interceptKeyTi code=3 down=true repeatCount=0 displayId=0 interactive=true
06-03 10:15:00.699 E/SecVibrator-HAL-AIDL-CORE(  825): HW_API: << writeNode node OK : 3
06-03 10:15:00.710 I/BufferQueueProducer(  846): [NavigationBar0$_2053#88](this:0xb400006f3ab06ba0,id:-1,api:0,p:-1,c:846) queueBuffer: fps=11.74 dur=1021.72 max=899.52 min=10.85
06-03 10:15:00.710 D/SurfaceFlinger(  846): GPIS:: requestGPISForClientComposition
06-03 10:15:00.712 I/hwcomposer(  803): [HWCDisplay] [Display_0 (type:1, mode:2)] fps:22.728369,dur:1099.95,max:464.89,min:8.83  
06-03 10:15:00.720 D/SemWifiUsabilityStatsMonitor( 1375): onWifiUsabilityStats - seqNum 1178, isSameBssidAndFreq true
06-03 10:15:00.720 I/SemWifiLinkQualityMonitor( 1375): Link stat: 0 / 0 / 1.00 (59) / 180 / -60.0 || 100.0 : 180.00 / 0.5 : 1.00 / 0.55 : 0.30 / B (G) || 0.15 ms / 54.31 Mbps / D || 0 / N / 0 Y / 0 Y
06-03 10:15:00.742 D/VibratorManagerService( 1375): Vibration 121 finished with EndInfo{status=FINISHED, endedBy=null}
06-03 10:15:00.743 D/VibratorManagerService( 1375): Reporting vibration 121 finished with EndInfo{status=FINISHED, endedBy=null}
06-03 10:15:00.743 D/VibratorManagerService( 1375): Vibration for uid=10064 and with attrs=VibrationAttributes: Usage=TOUCH Audio Usage= USAGE_UNKNOWN tags= Flags=0 ended with status FINISHED
06-03 10:15:00.744 E/SecVibrator-HAL-AIDL-CORE(  825): V_2_0: Vibrator off
06-03 10:15:00.744 E/SecVibrator-HAL-AIDL-CORE(  825): HW_API: do_off
06-03 10:15:00.744 E/SecVibrator-HAL-AIDL-CORE(  825): HW_API: >> writeNode node:/timed_output/vibrator/enable val:0
06-03 10:15:00.744 E/SecVibrator-HAL-AIDL-CORE(  825): HW_API: << writeNode node OK : 2
06-03 10:15:00.745 D/VibratorManagerService( 1375): Vibration 121 on vibrator 0 complete, notifying thread
06-03 10:15:00.746 D/VibratorManagerService( 1375): VibrationThread released after finished vibration
06-03 10:15:00.746 D/VibratorManagerService( 1375): Processing VibrationThread released callback
06-03 10:15:00.757 I/bavc    ( 1815): (REDACTED) getHotwordActive::active query: %s, watch: %s, devices connected: %s
06-03 10:15:00.771 D/InputDispatcher( 1375): Touch is slipping out of window 255b007 NavigationBar0 into window 76ff518 (2-2)-Window{d2e1de2 alpha=1.0 fl=} in display 0
06-03 10:15:00.772 I/InputDispatcher( 1375): Delivering touch to (2053): action: 0x3, f=0x20, d=0, '255b007', t=1 +(0,-2205)
06-03 10:15:00.772 I/InputDispatcher( 1375): Delivering touch to (18102): action: 0x0, f=0x0, d=0, '76ff518', t=1 
06-03 10:15:00.772 I/ViewRootImpl@4d540bf[0 fl=}](18102): ViewPostIme pointer 0
06-03 10:15:00.774 I/KeyButtonView( 2053): injectInputEvent - 3
06-03 10:15:00.775 D/InputDispatcher( 1375): Inject key (2053/10064): action=1, f=0x68, d=0, time=44393252000000
06-03 10:15:00.775 D/InputManager-JNI( 1375): !@interceptKeyBeforeQueueing(0), action=1, interactive=true
06-03 10:15:00.776 I/GestureDetector(18102): obtain mCurrentDownEvent. id: 1488888104 caller: dofq.x:1461 oaw.w:17 obi.onTouch:40 
06-03 10:15:00.776 D/WindowManager( 1375): interceptKeyTq keycode=3 interactive=true keyguardActive=false policyFlags=2b000002
06-03 10:15:00.776 I/GestureDetector(18102): obtain mCurrentDownEvent. id: 1488888104 caller: dofq.x:1485 oaw.w:17 obi.onTouch:40 
06-03 10:15:00.776 D/SingleKeyGesture( 1375): interceptKeyUp, longPress=false info : KeyCode=KEYCODE_UNKNOWN, size=0
06-03 10:15:00.776 D/SingleKeyGesture( 1375): interceptKeyUp, mActiveRule is null
06-03 10:15:00.776 D/PhoneWindowManagerExt( 1375): interceptKeyTq code=3 down=false repeatCount=0 displayId=0 interactive=true
06-03 10:15:00.776 D/WindowManager( 1375): interceptKeyTq interceptKeyResult=1
06-03 10:15:00.777 D/InputManager-JNI( 1375): !@handleInterceptActions(0), action=1, wmActions=1
06-03 10:15:00.777 D/WindowManager( 1375): requestTransientBars: swipeTarget=Window{255b007 u0 NavigationBar0}, controlTarget=Window{76ff518 u0 (2-2)-Window{d2e1de2 alpha=1.0 fl=}}, canShowTransient=false, restorePositionTypes=0x3, from=com.android.server.wm.DisplayPolicy$1.onSwipeFromBottom:600 com.android.server.wm.SystemGesturesPointerEventListener.onPointerEvent:269 
06-03 10:15:00.777 D/WindowManager( 1375): interceptKeyTi keyCode=3 down=false repeatCount=0 keyguardOn=false canceled=true
06-03 10:15:00.777 D/PhoneWindowManagerExt( 1375): interceptKeyTi code=3 down=false repeatCount=0 displayId=0 interactive=true
06-03 10:15:00.778 I/WindowManager( 1375): Ignoring HOME; event canceled.
06-03 10:15:00.788 I/BufferQueueProducer(  846): [(2-2)-Window{d2e1de2 alpha=1.0 fl=}$_18102#2244](this:0xb400006f3aa30ba0,id:-1,api:0,p:-1,c:846) queueBuffer: fps=8.62 dur=1044.12 max=599.89 min=11.08
06-03 10:15:00.789 I/GestureDetector(18102): obtain mCurrentMotionEventRaw. action: 3 id: 804773296
06-03 10:15:00.789 I/GestureDetector(18102): obtain mCurrentMotionEventRaw. action: 3 id: 804773296
06-03 10:15:00.793 D/PowerManagerService( 1375): [api] userActivityFromNative : touch displayId=0 eventTime=44393271
06-03 10:15:00.795 I/SemDvfsHyPerManager( 3557): acquire hyper - TATouchBoost/3557@20, type = 1090523139
06-03 10:15:00.795 I/HYPER-HAL(  809): [RequestManager.cpp]acquire(): Acquired ID : 6399273  [3557 / 20]    HINT :      list : [TABoost / 40] [TIMEOUT / 1500] 
06-03 10:15:00.805 I/clew    (18102): makeRequest: subscribing to new source
06-03 10:15:00.806 I/ckwa    (18102): (REDACTED) loading data on surface %s.
06-03 10:15:00.815 D/InputReader( 1375): Btn_touch(6): value=0 when=44393.293851
06-03 10:15:00.815 I/InputReader( 1375): Touch event's action is 0x1 (id=5, t=0) [pCnt=1, s=] when=44393.293851
06-03 10:15:00.816 I/InputDispatcher( 1375): Delivering touch to (18102): action: 0x1, f=0x0, d=0, '76ff518', t=1 
06-03 10:15:00.817 I/SemDvfsHyPerManager( 1375): acquire hyper - GESTURE_DETECTED_HRR/1375@27, type = -999
06-03 10:15:00.818 I/SemDvfsHyPerManager( 1375): acquire hyper - SMOOTH_SCROLL/1375@20, type = -999
06-03 10:15:00.818 I/HYPER-HAL(  809): [RequestManager.cpp]acquire(): Acquired ID : 983530  [1375 / 27]    HINT : GESTURE_DETECTED_HRR    list : [TIMEOUT / 2394] 
06-03 10:15:00.818 I/SemDvfsHyPerManager( 1375): acquire hyper - GESTURE_DETECTED_HRR/1375@27, type = -999
06-03 10:15:00.818 I/HYPER-HAL(  809): [RequestManager.cpp]acquire(): Acquired ID : 973730  [1375 / 20]    HINT : SMOOTH_SCROLL    list : 
06-03 10:15:00.819 I/mtkpower_client(  809): perf_lock_rel, hdl:2413, tid:845
06-03 10:15:00.820 I/mtkpower_client(  809): perf_lock_acq, hdl:0, dur:0, num:2, tid:845
06-03 10:15:00.820 I/ViewRootImpl@4d540bf[0 fl=}](18102): ViewPostIme pointer 1
06-03 10:15:00.820 I/libPowerHal(  816): [perfLockRel] hdl:2413, idx:0
06-03 10:15:00.820 I/libPowerHal(  816): [setClusterFreq]  set cpu_ctrl cpufreq: -1 -1 -1 -1 
06-03 10:15:00.822 I/mtkpower_client(  809): ret_hdl:2414
06-03 10:15:00.822 I/HYPER-HAL(  809): [RequestManager.cpp]acquire(): Acquired ID : 983530  [1375 / 27]    HINT : GESTURE_DETECTED_HRR    list : [TIMEOUT / 2394] 
06-03 10:15:00.822 I/mtkpower_client(  809): perf_lock_rel, hdl:2414, tid:845
06-03 10:15:00.822 I/libPowerHal(  816): [perfLockAcq] idx:0 hdl:2414 hint:-1 pid:809 tid:845 duration:0 lock_user:vendor.samsung. => ret_hdl:2414
06-03 10:15:00.822 I/libPowerHal(  816): [setClusterFreq] vendor.samsung. set cpufreq[0] min:1150000 max:-1 cpufreq[1] min:-1 max:-1 
06-03 10:15:00.822 I/libPowerHal(  816): [setClusterFreq]  set cpu_ctrl cpufreq: 1150000 -1 -1 -1 
06-03 10:15:00.823 I/mtkpower_client(  809): perf_lock_acq, hdl:0, dur:0, num:2, tid:845
06-03 10:15:00.823 I/libPowerHal(  816): [perfLockRel] hdl:2414, idx:0
06-03 10:15:00.823 I/libPowerHal(  816): [setClusterFreq]  set cpu_ctrl cpufreq: -1 -1 -1 -1 
06-03 10:15:00.824 I/mtkpower_client(  809): ret_hdl:2415
06-03 10:15:00.825 I/HYPER-HAL(  809): [RequestManager.cpp]releaseLocked(): Released ID : 973730
06-03 10:15:00.825 I/libPowerHal(  816): [perfLockAcq] idx:0 hdl:2415 hint:-1 pid:809 tid:845 duration:0 lock_user:vendor.samsung. => ret_hdl:2415
06-03 10:15:00.825 I/libPowerHal(  816): [setClusterFreq] vendor.samsung. set cpufreq[0] min:1150000 max:-1 cpufreq[1] min:-1 max:-1 
06-03 10:15:00.825 I/libPowerHal(  816): [setClusterFreq]  set cpu_ctrl cpufreq: 1150000 -1 -1 -1 
06-03 10:15:00.837 I/clnd    (18102): (REDACTED) Created StreamSubTree successfully, items %s
06-03 10:15:00.837 I/ckwa    (18102): (REDACTED) RenderableStreamDataSource#loadData - sessionStatus(%s)
06-03 10:15:00.839 I/SemDvfsHyPerManager( 1375): acquire hyper - SMOOTH_SCROLL/1375@20, type = -999
06-03 10:15:00.840 I/HYPER-HAL(  809): [RequestManager.cpp]acquire(): Acquired ID : 973730  [1375 / 20]    HINT : SMOOTH_SCROLL    list : 
06-03 10:15:00.840 I/ckwa    (18102): RenderableStreamDataSource#loadData - cacheHit
06-03 10:15:00.840 I/mtkpower_client(  809): perf_lock_rel, hdl:2415, tid:845
06-03 10:15:00.841 I/mtkpower_client(  809): perf_lock_acq, hdl:0, dur:0, num:2, tid:845
06-03 10:15:00.841 I/libPowerHal(  816): [perfLockRel] hdl:2415, idx:0
06-03 10:15:00.841 I/ckwa    (18102): (REDACTED) RenderableStreamDataSource#loadData - succeed, cache status: %s
06-03 10:15:00.841 I/libPowerHal(  816): [setClusterFreq]  set cpu_ctrl cpufreq: -1 -1 -1 -1 
06-03 10:15:00.842 I/mtkpower_client(  809): ret_hdl:2416
06-03 10:15:00.843 I/libPowerHal(  816): [perfLockAcq] idx:0 hdl:2416 hint:-1 pid:809 tid:845 duration:0 lock_user:vendor.samsung. => ret_hdl:2416
06-03 10:15:00.843 I/libPowerHal(  816): [setClusterFreq] vendor.samsung. set cpufreq[0] min:1150000 max:-1 cpufreq[1] min:-1 max:-1 
06-03 10:15:00.843 I/libPowerHal(  816): [setClusterFreq]  set cpu_ctrl cpufreq: 1150000 -1 -1 -1 
06-03 10:15:00.846 I/clew    (18102): (REDACTED) StreamFragmentPeer#onNewData called, renderable slices %s
06-03 10:15:00.846 I/cjfl    (18102): (REDACTED) Trying to load %s elementsRenderData
06-03 10:15:00.849 I/clgj    (18102): (REDACTED) Tracking batch for content id %s and stream %s
06-03 10:15:00.850 I/clgj    (18102): (REDACTED) Tracking batch for content id %s and stream %s
06-03 10:15:00.851 I/clgj    (18102): (REDACTED) Tracking batch for content id %s and stream %s
06-03 10:15:00.851 I/clgj    (18102): (REDACTED) Tracking batch for content id %s and stream %s
06-03 10:15:00.852 I/clgj    (18102): (REDACTED) Tracking batch for content id %s and stream %s
06-03 10:15:00.867 W/ComponentTree(18102): Main Thread Layout state is not found
06-03 10:15:00.923 D/skia    (18102): onGetGainmapInfo: false.
06-03 10:15:00.955 D/skia    (18102): onGetGainmapInfo: false.
06-03 10:15:00.989 D/skia    (18102): SkJpegCodec::onGetPixels + (738, 414)
06-03 10:15:00.994 D/skia    (18102): SkJpegCodec::onGetPixels -
06-03 10:15:00.999 D/skia    (18102): onGetGainmapInfo: false.
06-03 10:15:01.008 I/HoneySpace.LiveIconSupplier( 2557): time tick - 62, CLOCK, 10:15 - 09:14, 202598306
06-03 10:15:01.013 I/LauncherActivityInfo( 2557): Trying to load live icon for com.sec.android.app.clockpackage
06-03 10:15:01.030 I/earchbox:search(18102): Compiler allocated 5285KB to compile void com.facebook.litho.ComponentTree.F(android.graphics.Rect, boolean)
06-03 10:15:01.065 D/skia    (18102): onGetGainmapInfo: false.
06-03 10:15:01.084 I/LiveIconUtil( 2557): getLiveIcon was called in ClockPackage
06-03 10:15:01.085 I/LiveIconUtil( 2557): getLiveIcon res = com.sec.android.app.clockpackage
06-03 10:15:01.096 I/LiveIconUtil( 2557): stdIconSize : 135 , targetIconSize : 163
06-03 10:15:01.096 I/LiveIconUtil( 2557): iconDpi : 640 , mTargetIconDpi : 450
06-03 10:15:01.145 I/AppIconSolution( 2557): load= live icon for com.sec.android.app.clockpackage, from overlay = false
06-03 10:15:01.148 I/LauncherActivityInfo( 2557): packageName: com.sec.android.app.clockpackage, useThemeIcon: false, height: 288, width: 288, density: 640
06-03 10:15:01.153 I/HoneySpace.LiveIconSupplier( 2557): updateIcon - 62, CLOCK, true - 10:15, 125752638
06-03 10:15:01.182 I/ahoc    (18102): getLocaleToModelSpecsMap
06-03 10:15:01.182 I/ahoc    (18102): Fetching latest config from MDD...
06-03 10:15:01.182 I/ahoc    (18102): (REDACTED) Found map of size: %d
06-03 10:15:01.184 D/skia    (18102): SkJpegCodec::onGetPixels + (626, 490)
06-03 10:15:01.187 E/earchbox:search(18102): Invalid resource ID 0x00000007.
06-03 10:15:01.187 W/ConstraintSet(18102): id unknown UNKNOWN
06-03 10:15:01.189 D/skia    (18102): SkJpegCodec::onGetPixels -
06-03 10:15:01.199 D/skia    (18102): onGetGainmapInfo: false.
06-03 10:15:01.211 D/CompatibilityChangeReporter( 1375): Compat change id reported: 143937733; UID 10230; state: ENABLED
06-03 10:15:01.217 D/CompatibilityChangeReporter( 1375): Compat change id reported: 135634846; UID 10230; state: DISABLED
06-03 10:15:01.217 D/CompatibilityChangeReporter( 1375): Compat change id reported: 207557677; UID 10230; state: ENABLED
06-03 10:15:01.218 W/Zygote  (  789): forkRepeatedly terminated due to non-simple command
06-03 10:15:01.218 D/Zygote  (  789): mbuffer starts with 15, nice name is com.android.chrome_zygote, mEnd = 417, mNext = 198, mLinesLeft = 6, mFd = 6
06-03 10:15:01.218 E/earchbox:search(18102): Invalid resource ID 0x00000007.
06-03 10:15:01.219 W/ConstraintSet(18102): id unknown UNKNOWN
06-03 10:15:01.219 E/earchbox:search(18102): Invalid resource ID 0x00000009.
06-03 10:15:01.219 W/ConstraintSet(18102): id unknown UNKNOWN
06-03 10:15:01.234 I/clew    (18102): makeRequest: subscribing to new source
06-03 10:15:01.234 I/ckwa    (18102): (REDACTED) loading data on surface %s.
06-03 10:15:01.236 D/Zygote  (  789): Forked child process 8786
06-03 10:15:01.242 W/ZygoteProcess( 1375): Got error connecting to zygote, retrying. msg= Connection refused
06-03 10:15:01.244 I/libc    ( 8786): SetHeapTaggingLevel: tag level set to 0
06-03 10:15:01.245 I/clnd    (18102): (REDACTED) Created StreamSubTree successfully, items %s
06-03 10:15:01.245 I/ckwa    (18102): (REDACTED) RenderableStreamDataSource#loadData - sessionStatus(%s)
06-03 10:15:01.246 I/etlq    (18102): (REDACTED) %s TNG App is logging Clearcut event named %s with the %s account state (zwieback available: %b) and %s source
06-03 10:15:01.249 I/ckwa    (18102): RenderableStreamDataSource#loadData - cacheHit
06-03 10:15:01.249 I/ckwa    (18102): (REDACTED) RenderableStreamDataSource#loadData - succeed, cache status: %s
06-03 10:15:01.252 I/d.chrome_zygote( 8786): Using CollectorTypeCMC GC.
06-03 10:15:01.259 I/clew    (18102): (REDACTED) StreamFragmentPeer#onNewData called, renderable slices %s
06-03 10:15:01.259 I/cjfl    (18102): (REDACTED) Trying to load %s elementsRenderData
06-03 10:15:01.262 I/clgj    (18102): (REDACTED) Tracking batch for content id %s and stream %s
06-03 10:15:01.278 I/ActivityManager( 1375): Killing 8619:com.android.vending/u0a217 (adj 905): AL_Kill : over 3 sec
06-03 10:15:01.284 D/AALLightSensor( 1091): oldLux=369 [SA:-1 LA:-1] newLux=369 (oriLux: 368)
06-03 10:15:01.288 I/libprocessgroup( 1375): Successfully killed process cgroup uid 10217 pid 8619 in 5ms
06-03 10:15:01.295 I/AppZygote( 1375): Starting application preload.
06-03 10:15:01.303 I/AppZygoteInit( 8786): Beginning application preload for com.android.chrome
06-03 10:15:01.304 E/earchbox:search(18102): Invalid resource ID 0x0000000d.
06-03 10:15:01.304 W/ConstraintSet(18102): id unknown UNKNOWN
06-03 10:15:01.306 E/earchbox:search(18102): Invalid resource ID 0x0000000d.
06-03 10:15:01.306 W/ConstraintSet(18102): id unknown UNKNOWN
06-03 10:15:01.306 E/earchbox:search(18102): Invalid resource ID 0x0000000f.
06-03 10:15:01.306 W/ConstraintSet(18102): id unknown UNKNOWN
06-03 10:15:01.310 W/ziparchive( 8786): Unable to open '/data/app/~~zF_w6dza9HaHCTgNg-dR8A==/com.google.android.trichromelibrary_710312533-G7Hm9juU-dmT3pSjikPlsQ==/base.dm': No such file or directory
06-03 10:15:01.310 W/ziparchive( 8786): Unable to open '/data/app/~~zF_w6dza9HaHCTgNg-dR8A==/com.google.android.trichromelibrary_710312533-G7Hm9juU-dmT3pSjikPlsQ==/base.dm': No such file or directory
06-03 10:15:01.313 W/d.chrome_zygote( 8786): Entry not found
06-03 10:15:01.315 D/ConnectivityService( 1375): releasing NetworkRequest [ REQUEST id=4615, [ Capabilities: INTERNET&NOT_RESTRICTED&TRUSTED&NOT_VCN_MANAGED Uid: 10217 RequestorUid: 10217 RequestorPkg: com.android.vending UnderlyingNetworks: Null] ] (release request)
06-03 10:15:01.315 D/ConnectivityService( 1375):  Removing from current network [213 WIFI], leaving 130 requests.
06-03 10:15:01.317 I/Zygote  (  789): Process 8619 exited due to signal 9 (Killed)
06-03 10:15:01.317 I/cklk    (18102): #getLastSuccessfulTime
06-03 10:15:01.317 D/MeasurementManager(18102): AdServicesInfo.version=16
06-03 10:15:01.319 W/ckjh    (18102): (REDACTED) Invalid int value while parsing string version: %s
06-03 10:15:01.319 W/ckjh    (18102): java.text.ParseException: Unparseable number: "ve"
06-03 10:15:01.319 W/ckjh    (18102): 	at java.text.NumberFormat.parse(NumberFormat.java:442)
06-03 10:15:01.319 W/ckjh    (18102): 	at ckjl.a(PG:201)
06-03 10:15:01.319 W/ckjh    (18102): 	at cklx.l(PG:130)
06-03 10:15:01.319 W/ckjh    (18102): 	at ckjd.invokeSuspend(PG:438)
06-03 10:15:01.319 W/ckjh    (18102): 	at ckjd.invoke(PG:13)
06-03 10:15:01.319 W/ckjh    (18102): 	at gjpl.a(PG:15)
06-03 10:15:01.319 W/ckjh    (18102): 	at gjcm.L(PG:53)
06-03 10:15:01.319 W/ckjh    (18102): 	at ckjh.f(PG:9)
06-03 10:15:01.319 W/ckjh    (18102): 	at ckja.invokeSuspend(PG:259)
06-03 10:15:01.319 W/ckjh    (18102): 	at ckja.invoke(PG:13)
06-03 10:15:01.319 W/ckjh    (18102): 	at gjpl.a(PG:15)
06-03 10:15:01.319 W/ckjh    (18102): 	at gjcm.L(PG:53)
06-03 10:15:01.319 W/ckjh    (18102): 	at ckjh.b(PG:9)
06-03 10:15:01.319 W/ckjh    (18102): 	at ckiz.invokeSuspend(PG:238)
06-03 10:15:01.319 W/ckjh    (18102): 	at gitf.resumeWith(PG:12)
06-03 10:15:01.319 W/ckjh    (18102): 	at gjcv.run(PG:110)
06-03 10:15:01.319 W/ckjh    (18102): 	at fgwc.run(PG:3)
06-03 10:15:01.319 W/ckjh    (18102): 	at fiep.run(PG:13)
06-03 10:15:01.319 W/ckjh    (18102): 	at dnld.run(PG:5)
06-03 10:15:01.319 W/ckjh    (18102): 	at fqxq.run(PG:44)
06-03 10:15:01.319 W/ckjh    (18102): 	at dnku.run(PG:42)
06-03 10:15:01.319 W/ckjh    (18102): 	at java.lang.Thread.run(Thread.java:1012)
06-03 10:15:01.319 W/ckjh    (18102): 	at dnmg.run(PG:62)
06-03 10:15:01.320 D/AdvertisingIdClient(18102): AdvertisingIdClient already created.
06-03 10:15:01.322 D/BoundBrokerSvc( 5055): onUnbind: Intent { act=com.google.android.gms.safetynet.service.START pkg=com.google.android.gms }
06-03 10:15:01.322 D/nativeloader( 8786): Configuring clns-4 for other apk /data/app/~~zF_w6dza9HaHCTgNg-dR8A==/com.google.android.trichromelibrary_710312533-G7Hm9juU-dmT3pSjikPlsQ==/base.apk. target_sdk_version=35, uses_libraries=ALL, library_path=/data/app/~~A32HPa8V7KJk9-wzyNxJIQ==/com.android.chrome-jbbwnhV9U7zuSCxmrNHOrw==/lib/arm64:/data/app/~~A32HPa8V7KJk9-wzyNxJIQ==/com.android.chrome-jbbwnhV9U7zuSCxmrNHOrw==/base.apk!/lib/arm64-v8a:/data/app/~~zF_w6dza9HaHCTgNg-dR8A==/com.google.android.trichromelibrary_710312533-G7Hm9juU-dmT3pSjikPlsQ==/base.apk!/lib/arm64-v8a, permitted_path=/data:/mnt/expand
06-03 10:15:01.322 D/nativeloader( 8786): Extending system_exposed_libraries: libPortraitDistortionCorrection.arcsoft.so:libPortraitDistortionCorrectionCali.arcsoft.so:libface_landmark.arcsoft.so:liblow_light_hdr.arcsoft.so:libhigh_dynamic_range.arcsoft.so:libFacialAttributeDetection.arcsoft.so:libaudiomirroring_jni.audiomirroring.samsung.so:libBeauty_v4.camera.samsung.so:libexifa.camera.samsung.so:libjpega.camera.samsung.so:libOpenCv.camera.samsung.so:libImageScreener.camera.samsung.so:libMyFilter.camera.samsung.so:libtensorflowLite.myfilter.camera.samsung.so:libtensorflowlite_inference_api.myfilter.camera.samsung.so:libHIDTSnapJNI.camera.samsung.so:libUltraWideDistortionCorrection.camera.samsung.so:libFace_Landmark_API.camera.samsung.so:libHpr_RecGAE_cvFeature_v1.0.camera.samsung.so:libHprFace_GAE_api.camera.samsung.so:libFacialBasedSelfieCorrection.camera.samsung.so:libHprFace_GAE_jni.camera.samsung.so:libcolor_engine.camera.samsung.so:libDLInterface_aidl.camera.samsung.so:libImageTagger.camera.samsung.so:libQREngine.camera.samsung.so:libEventDet
06-03 10:15:01.333 I/ckwa    (18102): (REDACTED) loading data on surface %s.
06-03 10:15:01.336 I/clew    (18102): makeRequest: subscribing to new source
06-03 10:15:01.336 I/ckwa    (18102): (REDACTED) loading data on surface %s.
06-03 10:15:01.338 I/AdvertisingIdClient(18102): shouldSendLog 1213763104
06-03 10:15:01.338 I/AdvertisingIdClient(18102): GetInfoInternal elapse 17ms
06-03 10:15:01.345 D/HidDeviceService( 2360): handleMessage(): msg.what=8
06-03 10:15:01.349 D/nativeloader( 8786): Configuring clns-5 for other apk /data/app/~~A32HPa8V7KJk9-wzyNxJIQ==/com.android.chrome-jbbwnhV9U7zuSCxmrNHOrw==/base.apk. target_sdk_version=35, uses_libraries=, library_path=/data/app/~~A32HPa8V7KJk9-wzyNxJIQ==/com.android.chrome-jbbwnhV9U7zuSCxmrNHOrw==/lib/arm64:/data/app/~~A32HPa8V7KJk9-wzyNxJIQ==/com.android.chrome-jbbwnhV9U7zuSCxmrNHOrw==/base.apk!/lib/arm64-v8a:/data/app/~~zF_w6dza9HaHCTgNg-dR8A==/com.google.android.trichromelibrary_710312533-G7Hm9juU-dmT3pSjikPlsQ==/base.apk!/lib/arm64-v8a, permitted_path=/data:/mnt/expand
06-03 10:15:01.351 I/etlq    (18102): (REDACTED) %s TNG App is logging Clearcut event named %s with the %s account state (zwieback available: %b) and %s source
06-03 10:15:01.353 D/AdvertisingIdClient(18102): AdvertisingIdClient already created.
06-03 10:15:01.353 D/MeasurementManager(18102): AdServicesInfo.version=16
06-03 10:15:01.354 W/ckjh    (18102): (REDACTED) Invalid int value while parsing string version: %s
06-03 10:15:01.354 W/ckjh    (18102): java.text.ParseException: Unparseable number: "ve"
06-03 10:15:01.354 W/ckjh    (18102): 	at java.text.NumberFormat.parse(NumberFormat.java:442)
06-03 10:15:01.354 W/ckjh    (18102): 	at ckjl.a(PG:201)
06-03 10:15:01.354 W/ckjh    (18102): 	at cklx.l(PG:130)
06-03 10:15:01.354 W/ckjh    (18102): 	at ckjd.invokeSuspend(PG:438)
06-03 10:15:01.354 W/ckjh    (18102): 	at ckjd.invoke(PG:13)
06-03 10:15:01.354 W/ckjh    (18102): 	at gjpl.a(PG:15)
06-03 10:15:01.354 W/ckjh    (18102): 	at gjcm.L(PG:53)
06-03 10:15:01.354 W/ckjh    (18102): 	at ckjh.f(PG:9)
06-03 10:15:01.354 W/ckjh    (18102): 	at ckja.invokeSuspend(PG:259)
06-03 10:15:01.354 W/ckjh    (18102): 	at ckja.invoke(PG:13)
06-03 10:15:01.354 W/ckjh    (18102): 	at gjpl.a(PG:15)
06-03 10:15:01.354 W/ckjh    (18102): 	at gjcm.L(PG:53)
06-03 10:15:01.354 W/ckjh    (18102): 	at ckjh.b(PG:9)
06-03 10:15:01.354 W/ckjh    (18102): 	at ckma.invokeSuspend(PG:307)
06-03 10:15:01.354 W/ckjh    (18102): 	at ckma.invoke(PG:13)
06-03 10:15:01.354 W/ckjh    (18102): 	at gjpl.a(PG:15)
06-03 10:15:01.354 W/ckjh    (18102): 	at gjcm.L(PG:53)
06-03 10:15:01.354 W/ckjh    (18102): 	at ckmc.c(PG:9)
06-03 10:15:01.354 W/ckjh    (18102): 	at cklj.invokeSuspend(PG:112)
06-03 10:15:01.354 W/ckjh    (18102): 	at gitf.resumeWith(PG:12)
06-03 10:15:01.354 W/ckjh    (18102): 	at gjcv.run(PG:110)
06-03 10:15:01.354 W/ckjh    (18102): 	at fgwc.run(PG:3)
06-03 10:15:01.354 W/ckjh    (18102): 	at fiep.run(PG:13)
06-03 10:15:01.354 W/ckjh    (18102): 	at dnld.run(PG:5)
06-03 10:15:01.354 W/ckjh    (18102): 	at fqxq.run(PG:44)
06-03 10:15:01.354 W/ckjh    (18102): 	at dnku.run(PG:42)
06-03 10:15:01.354 W/ckjh    (18102): 	at java.lang.Thread.run(Thread.java:1012)
06-03 10:15:01.354 W/ckjh    (18102): 	at dnmg.run(PG:62)
06-03 10:15:01.356 I/clnd    (18102): (REDACTED) Created StreamSubTree successfully, items %s
06-03 10:15:01.356 I/ckwa    (18102): (REDACTED) RenderableStreamDataSource#loadData - sessionStatus(%s)
06-03 10:15:01.360 I/ckwa    (18102): RenderableStreamDataSource#loadData - cacheHit
06-03 10:15:01.360 I/AdvertisingIdClient(18102): shouldSendLog 1213763104
06-03 10:15:01.360 I/AdvertisingIdClient(18102): GetInfoInternal elapse 6ms
06-03 10:15:01.361 I/ckwa    (18102): (REDACTED) RenderableStreamDataSource#loadData - succeed, cache status: %s
06-03 10:15:01.362 I/clew    (18102): Cancelled token handling.
06-03 10:15:01.362 I/clew    (18102): (REDACTED) StreamFragmentPeer#onNewData called, renderable slices %s
06-03 10:15:01.362 I/cjfl    (18102): (REDACTED) Trying to load %s elementsRenderData
06-03 10:15:01.365 D/BoundBrokerSvc( 5055): onBind: Intent { act=com.google.android.gms.safebrowsing.SafeBrowsingService.START dat=chimera-action:/... cmp=com.google.android.gms/.chimera.GmsBoundBrokerService }
06-03 10:15:01.365 D/BoundBrokerSvc( 5055): Loading bound service for intent: Intent { act=com.google.android.gms.safebrowsing.SafeBrowsingService.START dat=chimera-action:/... cmp=com.google.android.gms/.chimera.GmsBoundBrokerService }
06-03 10:15:01.366 I/cr_ZygotePreload( 8786): version=136.0.7103.125 (710312533) minSdkVersion=29 isBundle=true
06-03 10:15:01.367 V/ProtoDataStoreWithLams(18102): read()
06-03 10:15:01.379 D/nativeloader( 8786): Load /data/app/~~A32HPa8V7KJk9-wzyNxJIQ==/com.android.chrome-jbbwnhV9U7zuSCxmrNHOrw==/base.apk!/lib/arm64-v8a/libchromium_android_linker.so using ns clns-5 from class loader (caller=/data/app/~~A32HPa8V7KJk9-wzyNxJIQ==/com.android.chrome-jbbwnhV9U7zuSCxmrNHOrw==/base.apk): ok
06-03 10:15:01.380 I/cr_LibraryLoader( 8786): Loading monochrome_64 from within /data/app/~~A32HPa8V7KJk9-wzyNxJIQ==/com.android.chrome-jbbwnhV9U7zuSCxmrNHOrw==/base.apk
06-03 10:15:01.380 I/cr_Linker( 8786): loadLibraryImplLocked: monochrome_64, relroMode=1
06-03 10:15:01.381 D/libMEOW (18102): meow new tls: 0xb4000070b38bcd80
06-03 10:15:01.381 D/libMEOW (18102): applied 0 plugin for [com.google.android.googlequicksearchbox:search].
06-03 10:15:01.388 D/libMEOW (18102): meow new tls: 0xb4000070c4f84ac0
06-03 10:15:01.388 D/libMEOW (18102): applied 0 plugin for [com.google.android.googlequicksearchbox:search].
06-03 10:15:01.418 D/nativeloader( 8786): Load /data/app/~~zF_w6dza9HaHCTgNg-dR8A==/com.google.android.trichromelibrary_710312533-G7Hm9juU-dmT3pSjikPlsQ==/base.apk!/lib/arm64-v8a/libmonochrome_64.so using ns clns-5 from class loader (caller=/data/app/~~A32HPa8V7KJk9-wzyNxJIQ==/com.android.chrome-jbbwnhV9U7zuSCxmrNHOrw==/base.apk): ok
06-03 10:15:01.419 I/AppZygoteInit( 8786): Application preload done
06-03 10:15:01.419 I/AppZygote( 1375): Application preload done.
06-03 10:15:01.438 W/d.chrome_zygote( 8786): Reducing the number of considered missed Gc histogram windows from 4438 to 100
06-03 10:15:01.440 I/Zygote  ( 8786): Entering forkRepeatedly native zygote loop
06-03 10:15:01.449 D/Zygote  ( 8786): Forked child process 8805
06-03 10:15:01.451 E/libc    ( 8805): SetHeapTaggingLevel: re-enabling tagging after it was disabled is not supported
06-03 10:15:01.455 W/ActivityManager( 1375): Slow operation: 244ms so far, now at startProcess: returned from zygote!
06-03 10:15:01.455 W/ActivityManager( 1375): Slow operation: 245ms so far, now at startProcess: done updating battery stats
06-03 10:15:01.457 W/ActivityManager( 1375): Slow operation: 246ms so far, now at startProcess: building log message
06-03 10:15:01.457 I/ActivityManager( 1375): Start proc 8805:com.android.chrome:sandboxed_process0:org.chromium.content.app.SandboxedProcessService0:1/u0ai0 for  {com.android.chrome/org.chromium.content.app.SandboxedProcessService0:1}
06-03 10:15:01.459 W/ActivityManager( 1375): Slow operation: 249ms so far, now at startProcess: starting to update pids map
06-03 10:15:01.460 W/ActivityManager( 1375): Slow operation: 250ms so far, now at startProcess: done updating pids map
06-03 10:15:01.461 I/ocessService0:1( 8805): Using CollectorTypeCMC GC.
06-03 10:15:01.465 E/ocessService0:1( 8805): Not starting debugger since process cannot load the jdwp agent.
06-03 10:15:01.472 D/nativeloader( 8805): Load libframework-connectivity-tiramisu-jni.so using APEX ns com_android_tethering for caller /apex/com.android.tethering/javalib/framework-connectivity-t.jar: ok
06-03 10:15:01.475 D/ActivityThread( 8805): setConscryptValidator
06-03 10:15:01.475 D/ActivityThread( 8805): setConscryptValidator - put
06-03 10:15:01.483 D/CompatibilityChangeReporter( 1375): Compat change id reported: 168419799; UID 10230; state: DISABLED
06-03 10:15:01.484 D/CompatibilityChangeReporter( 1375): Compat change id reported: 273564678; UID 10230; state: DISABLED
06-03 10:15:01.496 D/CompatibilityChangeReporter( 8805): Compat change id reported: 171979766; UID 90000; state: ENABLED
06-03 10:15:01.496 D/CompatibilityChangeReporter( 8805): Compat change id reported: 242716250; UID 90000; state: ENABLED
06-03 10:15:01.499 D/skia    (18102): SkJpegCodec::onGetPixels + (626, 490)
06-03 10:15:01.504 D/skia    (18102): SkJpegCodec::onGetPixels -
06-03 10:15:01.513 D/skia    (18102): onGetGainmapInfo: false.
06-03 10:15:01.513 I/cjdp    (18102): #reportCmAdView: Reporting ad view
06-03 10:15:01.515 D/libMEOW (18102): meow new tls: 0xb4000070b3b017c0
06-03 10:15:01.516 D/libMEOW (18102): applied 0 plugin for [com.google.android.googlequicksearchbox:search].
06-03 10:15:01.526 I/cjdp    (18102): #reportCmAdView: Already reported ad view, skipping report
06-03 10:15:01.533 D/InputReader( 1375): Btn_touch(6): value=1 when=44394.012203
06-03 10:15:01.534 I/InputReader( 1375): Touch event's action is 0x0 (id=5, t=0) [pCnt=1, s=0.2555 ] when=44394.012203
06-03 10:15:01.535 I/InputDispatcher( 1375): Delivering touch to (2053): action: 0x0, f=0x0, d=0, '255b007', t=1 +(0,-2205)
06-03 10:15:01.535 I/GestureDetector( 1375): obtain mCurrentDownEvent. id: 884392456 caller: com.android.server.wm.SystemGesturesPointerEventListener.onPointerEvent:204 com.android.server.wm.PointerEventDispatcher.onInputEvent:53 android.view.InputEventReceiver.dispatchInputEvent:337 
06-03 10:15:01.536 I/GestureDetector( 1375): obtain mCurrentDownEvent. id: 884392456 caller: com.android.server.wm.SystemPerformancePointerEventListener.onPointerEvent:89 com.android.server.wm.PointerEventDispatcher.onInputEvent:53 android.view.InputEventReceiver.dispatchInputEvent:337 
06-03 10:15:01.536 I/clew    (18102): Cancelled token handling.
06-03 10:15:01.536 I/ViewRootImpl@8ced9ff[NavigationBar0]( 2053): ViewPostIme pointer 0
06-03 10:15:01.538 I/KeyButtonView( 2053): injectInputEvent - 3
06-03 10:15:01.539 I/GestureDetector( 1375): obtain mCurrentMotionEventRaw. action: 2 id: 867784592
06-03 10:15:01.539 I/GestureDetector( 1375): obtain mCurrentMotionEventRaw. action: 2 id: 867784592
06-03 10:15:01.539 D/InputDispatcher( 1375): Inject key (2053/10064): action=0, f=0x48, d=0, time=44394015000000
06-03 10:15:01.540 D/InputManager-JNI( 1375): !@interceptKeyBeforeQueueing(0), action=0, interactive=true
06-03 10:15:01.540 D/WindowManager( 1375): interceptKeyTq keycode=3 interactive=true keyguardActive=false policyFlags=2b000002
06-03 10:15:01.540 V/Vibrator( 2053): semGetSupportedVibrationType: ret=1
06-03 10:15:01.540 D/PhoneWindowManagerExt( 1375): setScreenshotEnabled, screenOnFully=true
06-03 10:15:01.540 D/SingleKeyGesture( 1375): interceptKeyDown, info : KeyCode=KEYCODE_UNKNOWN, size=0
06-03 10:15:01.540 D/PhoneWindowManagerExt( 1375): interceptKeyTq code=3 down=true repeatCount=0 displayId=0 interactive=true
06-03 10:15:01.540 D/WindowManager( 1375): interceptKeyTq interceptKeyResult=1
06-03 10:15:01.540 D/PhoneWindowManagerExt( 1375): f.b. a=false id=1 he=true ksno=false uid=1000 callingPackage=android reason=Virtual Key - Press Caller=com.android.server.policy.PhoneWindowManager.performHapticFeedback:7290 com.android.server.policy.PhoneWindowManager.performHapticFeedback:7276 com.android.server.policy.PhoneWindowManager.interceptKeyBeforeQueueing:5593 com.android.server.wm.InputManagerCallback.interceptKeyBeforeQueueing:163 com.android.server.input.InputManagerService.interceptKeyBeforeQueueing:3523 
06-03 10:15:01.540 V/Vibrator( 1375): semGetSupportedVibrationType: ret=1
06-03 10:15:01.540 D/PhoneWindowManagerExt( 1375): haptic generated by application
06-03 10:15:01.541 D/VibratorManagerService( 1375): vibrate - uid: 10064, opPkg: com.android.systemui, effect: Mono{mEffect=Composed{segments=[SemHaptic{mType=50124, mMagnitude=-1}], repeat=-1, mMagnitudeType=TYPE_TOUCH}}, attrs: VibrationAttributes: Usage=UNKNOWN Audio Usage= USAGE_UNKNOWN tags= Flags=0, reason: null, token: android.os.BinderProxy@b5ef7a3
06-03 10:15:01.541 D/VibratorManagerService( 1375): converted usage = TOUCH(18)
06-03 10:15:01.541 D/InputManager-JNI( 1375): !@handleInterceptActions(0), action=0, wmActions=1
06-03 10:15:01.541 D/VibratorManagerService( 1375): getPatternFrequencyByIndex(), index out of bound, mVibePatternHash:77, type:50124, index:100
06-03 10:15:01.541 D/VibratorManagerService( 1375): semDcVibrate : EFFECT_CLICK_RESERVED_DC(100), repeat: -1, usage: TOUCH(18), magnitude: 45
06-03 10:15:01.541 D/VibratorManagerService( 1375): Starting vibrate for vibration 122
06-03 10:15:01.537 I/SemDvfsHyPerManager( 3557): acquire hyper - TATouchBoost/3557@20, type = 1090523139
06-03 10:15:01.543 I/HYPER-HAL(  809): [RequestManager.cpp]acquire(): Acquired ID : 6399273  [3557 / 20]    HINT :      list : [TABoost / 40] [TIMEOUT / 1500] 
06-03 10:15:01.545 D/WindowManager( 1375): interceptKeyTi keyCode=3 down=true repeatCount=0 keyguardOn=false canceled=false
06-03 10:15:01.545 E/SecVibrator-HAL-AIDL-CORE(  825): V_2_0: Vibrator on for timeoutMs: 45
06-03 10:15:01.545 D/PhoneWindowManagerExt( 1375): interceptKeyTi code=3 down=true repeatCount=0 displayId=0 interactive=true
06-03 10:15:01.545 E/SecVibrator-HAL-AIDL-CORE(  825): HW_API: do_on for timeoutMs: 45
06-03 10:15:01.545 E/SecVibrator-HAL-AIDL-CORE(  825): HW_API: >> writeNode node:/timed_output/vibrator/enable val:45
06-03 10:15:01.546 E/SecVibrator-HAL-AIDL-CORE(  825): HW_API: << writeNode node OK : 3
06-03 10:15:01.548 I/LoadedApk( 8805): No resource references to update in package com.google.android.trichromelibrary
06-03 10:15:01.555 I/cr_SplitCompatApp( 8805): version=136.0.7103.125 (710312533) minSdkVersion=29 isBundle=true processName=com.android.chrome:sandboxed_process0:org.chromium.content.app.SandboxedProcessService0:1 isIsolatedProcess=true
06-03 10:15:01.557 I/clew    (18102): makeRequest: subscribing to new source
06-03 10:15:01.557 I/ckwa    (18102): (REDACTED) loading data on surface %s.
06-03 10:15:01.566 I/clnd    (18102): (REDACTED) Created StreamSubTree successfully, items %s
06-03 10:15:01.566 I/ckwa    (18102): (REDACTED) RenderableStreamDataSource#loadData - sessionStatus(%s)
06-03 10:15:01.570 W/SystemServiceRegistry( 8805): No service published for: uimode
06-03 10:15:01.572 I/ckwa    (18102): RenderableStreamDataSource#loadData - cacheHit
06-03 10:15:01.572 I/clew    (18102): Cancelled token handling.
06-03 10:15:01.572 I/ckwa    (18102): (REDACTED) RenderableStreamDataSource#loadData - succeed, cache status: %s
06-03 10:15:01.573 D/io_stats(  569): !@   8,32 r 11242273 288095216 w 4613588 42039480 d 213348 128188984 f 538682 2287639 iot 6503940 0 th 0 0 0 pt 0 inp 0 2 44394.051
06-03 10:15:01.573 D/io_stats(  569): !@ Read_top(KB): earchbox:search(18102) 113612 .android.chrome(24628) 36716 gle.android.gms(5055) 13392
06-03 10:15:01.573 D/io_stats(  569): !@ Write_top(KB): id.diagmonagent(3553) 1240 f2fs_ckpt-254:5(633) 420 earchbox:search(18102) 120
06-03 10:15:01.580 I/ActivityManager( 1375): Flag disabled. Ignoring finishAttachApplication from uid: 90000. pid: 8805
06-03 10:15:01.583 W/SystemServiceRegistry( 8805): No service published for: virtualdevice
06-03 10:15:01.584 I/cr_ChildProcessService( 8805): Creating new ChildProcessService pid=8805
06-03 10:15:01.590 D/VibratorManagerService( 1375): Vibration 122 finished with EndInfo{status=FINISHED, endedBy=null}
06-03 10:15:01.590 D/VibratorManagerService( 1375): Reporting vibration 122 finished with EndInfo{status=FINISHED, endedBy=null}
06-03 10:15:01.590 D/VibratorManagerService( 1375): Vibration for uid=10064 and with attrs=VibrationAttributes: Usage=TOUCH Audio Usage= USAGE_UNKNOWN tags= Flags=0 ended with status FINISHED
06-03 10:15:01.590 E/SecVibrator-HAL-AIDL-CORE(  825): V_2_0: Vibrator off
06-03 10:15:01.591 E/SecVibrator-HAL-AIDL-CORE(  825): HW_API: do_off
06-03 10:15:01.591 E/SecVibrator-HAL-AIDL-CORE(  825): HW_API: >> writeNode node:/timed_output/vibrator/enable val:0
06-03 10:15:01.591 E/SecVibrator-HAL-AIDL-CORE(  825): HW_API: << writeNode node OK : 2
06-03 10:15:01.592 D/VibratorManagerService( 1375): Vibration 122 on vibrator 0 complete, notifying thread
06-03 10:15:01.592 D/VibratorManagerService( 1375): VibrationThread released after finished vibration
06-03 10:15:01.592 D/VibratorManagerService( 1375): Processing VibrationThread released callback
06-03 10:15:01.605 I/cr_LibraryLoader( 8805): Successfully loaded native library
06-03 10:15:01.606 I/cr_CachingUmaRecorder( 8805): Flushed 3 samples from 3 histograms, 0 samples were dropped.
06-03 10:15:01.627 D/WindowManager( 1375): requestTransientBars: swipeTarget=Window{255b007 u0 NavigationBar0}, controlTarget=Window{76ff518 u0 (2-2)-Window{d2e1de2 alpha=1.0 fl=}}, canShowTransient=false, restorePositionTypes=0x3, from=com.android.server.wm.DisplayPolicy$1.onSwipeFromBottom:600 com.android.server.wm.SystemGesturesPointerEventListener.onPointerEvent:269 
06-03 10:15:01.638 D/InputDispatcher( 1375): Touch is slipping out of window 255b007 NavigationBar0 into window 76ff518 (2-2)-Window{d2e1de2 alpha=1.0 fl=} in display 0
06-03 10:15:01.638 I/InputDispatcher( 1375): Delivering touch to (2053): action: 0x3, f=0x20, d=0, '255b007', t=1 +(0,-2205)
06-03 10:15:01.638 I/ViewRootImpl@4d540bf[0 fl=}](18102): ViewPostIme pointer 0
06-03 10:15:01.639 I/InputDispatcher( 1375): Delivering touch to (18102): action: 0x0, f=0x0, d=0, '76ff518', t=1 
06-03 10:15:01.640 I/KeyButtonView( 2053): injectInputEvent - 3
06-03 10:15:01.640 D/InputDispatcher( 1375): Inject key (2053/10064): action=1, f=0x68, d=0, time=44394118000000
06-03 10:15:01.640 D/InputManager-JNI( 1375): !@interceptKeyBeforeQueueing(0), action=1, interactive=true
06-03 10:15:01.640 D/WindowManager( 1375): interceptKeyTq keycode=3 interactive=true keyguardActive=false policyFlags=2b000002
06-03 10:15:01.640 D/SingleKeyGesture( 1375): interceptKeyUp, longPress=false info : KeyCode=KEYCODE_UNKNOWN, size=0
06-03 10:15:01.640 D/SingleKeyGesture( 1375): interceptKeyUp, mActiveRule is null
06-03 10:15:01.640 D/PhoneWindowManagerExt( 1375): interceptKeyTq code=3 down=false repeatCount=0 displayId=0 interactive=true
06-03 10:15:01.640 D/WindowManager( 1375): interceptKeyTq interceptKeyResult=1
