06-03 10:15:03.798 I/InsetsController(18102): onStateChanged: host=com.google.android.googlequicksearchbox/com.google.android.googlequicksearchbox.InternalGoogleAppActivityEntrypoint, from=android.view.ViewRootImpl.setView:1753, state=InsetsState: {mDisplayFrame=Rect(0, 0 - 1080, 2340), mDisplayCutout=DisplayCutout{insets=Rect(0, 80 - 0, 0) waterfall=Insets{left=0, top=0, right=0, bottom=0} boundingRect={Bounds=[Rect(0, 0 - 0, 0), Rect(472, 0 - 608, 80), Rect(0, 0 - 0, 0), Rect(0, 0 - 0, 0)]} cutoutPathParserInfo={CutoutPathParserInfo{displayWidth=1080 displayHeight=2340 physicalDisplayWidth=1080 physicalDisplayHeight=2340 density={2.8125} cutoutSpec={M 0,0 H -24.177777778 V 28.4444444444 H 24.177777778 V 0 H 0 Z @dp} rotation={0} scale={1.0} physicalPixelDisplaySizeRatio={1.0}}}}, mRoundedCorners=RoundedCorners{[RoundedCorner{position=TopLeft, radius=0, center=Point(0, 0)}, RoundedCorner{position=TopRight, radius=0, center=Point(0, 0)}, RoundedCorner{position=BottomRight, radius=0, center=Point(0, 0)}, RoundedCorner{position=BottomLeft, radius=0, center=Point(0, 0)}]}  mRoundedCornerFrame=Rect(0, 0 - 1080, 2340), mPrivacyIndicatorBounds=PrivacyIndicatorBounds {static bounds=Rect(956, 0 - 1080, 80) rotation=0}, mDisplayShape=DisplayShape{ spec=-311912193 displayWidth=1080 displayHeight=2340 physicalPixelDisplaySizeRatio=1.0 rotation=0 offsetX=0 offsetY=0 scale=1.0}, mSources= { InsetsSource: {e0360000 mType=statusBars mFrame=[0,0][1080,80] mVisible=true mFlags=[]}, InsetsSource: {e0360005 mType=mandatorySystemGestures mFrame=[0,0][1080,114] mVisible=true mFlags=[]}, InsetsSource: {e0360006 mType=tappableElement mFrame=[0,0][1080,80] mVisible=true mFlags=[]}, InsetsSource: {3 mType=ime mFrame=[0,0][0,0] mVisible=false mFlags=[]}, InsetsSource: {27 mType=displayCutout mFrame=[0,0][1080,80] mVisible=true mFlags=[]}, InsetsSource: {52340001 mType=navigationBars mFrame=[0,2205][1080,2340] mVisible=true mFlags=[]}, InsetsSource: {52340004 mType=systemGestures mFrame=[0,0][0,0] mVisible=true mFlags=[]}, InsetsSource: {52340005 mType=mandatorySystemGestures mFrame=[0,2205][1080,2340] mVisible=true mFlags=[]}, InsetsSource: {52340006 mType=tappableElement mFrame=[0,2205][1080,2340] mVisible=true mFlags=[]}, InsetsSource: {52340024 mType=systemGestures mFrame=[0,0][0,0] mVisible=true mFlags=[]} }
06-03 10:15:03.799 I/ViewRootImpl@8930288[InternalGoogleAppActivityEntrypoint](18102): synced displayState. AttachInfo displayState=2
06-03 10:15:03.799 I/ViewRootImpl@8930288[InternalGoogleAppActivityEntrypoint](18102): setView = com.android.internal.policy.DecorView@3d8cad2 TM=true
06-03 10:15:03.800 I/cnew    (18102): onPause
06-03 10:15:03.801 E/PQ_HDR  (  803): DpAsyncBlitStream:: thie platform unsupport compress format
06-03 10:15:03.803 D/OpenGLRenderer(18102): HWUI - treat SMPTE_170M as sRGB
06-03 10:15:03.807 D/CoreBackPreview( 1375): Window{fc01d3e u0 com.google.android.googlequicksearchbox/com.google.android.googlequicksearchbox.InternalGoogleAppActivityEntrypoint}: Setting back callback OnBackInvokedCallbackInfo{mCallback=android.window.IOnBackInvokedCallback$Stub$Proxy@6985cb5, mPriority=-1, mIsAnimationCallback=false}
06-03 10:15:03.808 D/CoreBackPreview( 1375): Window{fc01d3e u0 com.google.android.googlequicksearchbox/com.google.android.googlequicksearchbox.InternalGoogleAppActivityEntrypoint}: Setting back callback OnBackInvokedCallbackInfo{mCallback=android.window.IOnBackInvokedCallback$Stub$Proxy@41ccf4a, mPriority=0, mIsAnimationCallback=true}
06-03 10:15:03.808 I/ViewRootImpl@c33b44f[LauncherActivity]( 2557): mWNT: t=0xb4000070cdf9ea80 mBlastBufferQueue=0xb4000070cc84d000 fn= 725 mRenderHdrSdrRatio=1.0 caller= com.android.systemui.shared.launcher.ViewRootImplCompat.mergeWithNextTransaction:4 com.honeyspace.transition.utils.SurfaceTransactionApplier.scheduleApply$lambda$1:26 com.honeyspace.transition.utils.SurfaceTransactionApplier.c:0 
06-03 10:15:03.810 I/HoneySpace.AppWidgetLaunchAnimationDelegate( 2557): previewAlpha : 1.0, current rect : RectF(4.421631, 106.45825, 1075.8335, 2258.9658)
06-03 10:15:03.812 E/PQ_HDR  (  803): DpAsyncBlitStream:: thie platform unsupport compress format
06-03 10:15:03.814 I/ViewRootImpl@c33b44f[LauncherActivity]( 2557): mWNT: t=0xb4000070cdf9ec00 mBlastBufferQueue=0xb4000070cc84d000 fn= 726 mRenderHdrSdrRatio=1.0 caller= com.android.systemui.shared.launcher.ViewRootImplCompat.mergeWithNextTransaction:4 com.honeyspace.transition.utils.SurfaceTransactionApplier.scheduleApply$lambda$1:26 com.honeyspace.transition.utils.SurfaceTransactionApplier.c:0 
06-03 10:15:03.814 D/AutofillManager(18102): view is not autofillable - activity denied for autofill
06-03 10:15:03.814 D/AutofillManager(18102): view is not autofillable - activity denied for autofill
06-03 10:15:03.820 I/HoneySpace.AppWidgetLaunchAnimationDelegate( 2557): previewAlpha : 1.0, current rect : RectF(3.3565674, 80.81616, 1076.837, 2278.4841)
06-03 10:15:03.820 V/WindowManager( 1375): Relayout Window{fc01d3e u0 com.google.android.googlequicksearchbox/com.google.android.googlequicksearchbox.InternalGoogleAppActivityEntrypoint}: viewVisibility=0 req=1080x2340 ty=1 d0
06-03 10:15:03.820 D/RestrictionPolicy( 1375): isScreenCaptureEnabled : ret=true userId=0
06-03 10:15:03.821 E/BufferQueueDebug(  846): [com.google.android.googlequicksearchbox/com.google.android.googlequicksearchbox.InternalGoogleAppActivityEntrypoint$_18102#2259](this:0xb400006f3a591ba0,id:-1,api:0,p:-1,c:-1) id info cannot be read from 'com.google.android.googlequicksearchbox/com.google.android.googlequicksearchbox.InternalGoogleAppActivityEntrypoint$_18102#2259'
06-03 10:15:03.821 I/BufferQueueDebug(  846): [com.google.android.googlequicksearchbox/com.google.android.googlequicksearchbox.InternalGoogleAppActivityEntrypoint$_18102#2259](this:0xb400006f3a591ba0,id:-1,api:0,p:-1,c:-1) BufferQueue core=(846:/system/bin/surfaceflinger)
06-03 10:15:03.822 I/SurfaceFlinger(  846): id=2259 createSurf, flag=44004, com.google.android.googlequicksearchbox/com.google.android.googlequicksearchbox.InternalGoogleAppActivityEntrypoint$_18102#2259
06-03 10:15:03.823 E/PQ_HDR  (  803): DpAsyncBlitStream:: thie platform unsupport compress format
06-03 10:15:03.823 D/WindowManager( 1375): makeSurface duration=3 name=com.google.android.googlequicksearchbox/com.google.android.googlequicksearchbox.InternalGoogleAppActivityEntrypoint$_18102
06-03 10:15:03.824 I/WindowManager( 1375): Cancelling animation restarting=true, leash=Surface(name=Surface(name=255b007 NavigationBar0)/@0x679c61b - animation-leash of insets_animation)/@0xda4e2dc
06-03 10:15:03.824 I/WindowManager( 1375): Reparenting to original parent: Surface(name=WindowToken{d3be221 type=2019 android.os.BinderProxy@7d7c2b})/@0x17c3b8, destroy=false, surface=Surface(name=255b007 NavigationBar0)/@0x679c61b
06-03 10:15:03.824 I/WindowManager( 1375): Reparenting to leash, surface=Surface(name=255b007 NavigationBar0)/@0x679c61b, leashParent=Surface(name=WindowToken{d3be221 type=2019 android.os.BinderProxy@7d7c2b})/@0x17c3b8
06-03 10:15:03.824 E/BufferQueueDebug(  846): [Surface(name=255b007 NavigationBar0)/@0x679c61b - animation-leash of insets_animation#2260](this:0xb400006f3ab3dba0,id:-1,api:0,p:-1,c:-1) id info cannot be read from 'Surface(name=255b007 NavigationBar0)/@0x679c61b - animation-leash of insets_animation#2260'
06-03 10:15:03.824 I/BufferQueueDebug(  846): [Surface(name=255b007 NavigationBar0)/@0x679c61b - animation-leash of insets_animation#2260](this:0xb400006f3ab3dba0,id:-1,api:0,p:-1,c:-1) BufferQueue core=(846:/system/bin/surfaceflinger)
06-03 10:15:03.824 I/SurfaceFlinger(  846): id=2260 createSurf, flag=24000, Surface(name=255b007 NavigationBar0)/@0x679c61b - animation-leash of insets_animation#2260
06-03 10:15:03.825 D/WindowManager( 1375): makeSurface duration=2 leash=Surface(name=Surface(name=255b007 NavigationBar0)/@0x679c61b - animation-leash of insets_animation)/@0x9339fd8
06-03 10:15:03.826 D/InsetsSourceProvider( 1375): updateControlForTarget: control=InsetsSourceControl: {52340001 mType=navigationBars initiallyVisible mSurfacePosition=Point(0, 2205) mInsetsHint=Insets{left=0, top=0, right=0, bottom=135}}, target=Window{b9717a u0 Splash Screen com.google.android.googlequicksearchbox}, from=com.android.server.wm.InsetsStateController.onControlTargetChanged:358 com.android.server.wm.InsetsStateController.onBarControlTargetChanged:327 com.android.server.wm.InsetsPolicy.updateBarControlTarget:173 com.android.server.wm.InsetsPolicy.updateSystemBars:805 com.android.server.wm.DisplayPolicy.updateSystemBarsLw:3425 
06-03 10:15:03.826 I/WindowManager( 1375): Cancelling animation restarting=true, leash=Surface(name=Surface(name=1cd3ec2 StatusBar)/@0xe6027e6 - animation-leash of insets_animation)/@0x42d7aba
06-03 10:15:03.826 I/WindowManager( 1375): Reparenting to original parent: Surface(name=WindowToken{8ae0536 type=2000 android.os.BinderProxy@b8471f8})/@0xcfd4127, destroy=false, surface=Surface(name=1cd3ec2 StatusBar)/@0xe6027e6
06-03 10:15:03.826 V/ClearcutMetricXmitter(18102): Transmission is done.
06-03 10:15:03.826 I/WindowManager( 1375): Reparenting to leash, surface=Surface(name=1cd3ec2 StatusBar)/@0xe6027e6, leashParent=Surface(name=WindowToken{8ae0536 type=2000 android.os.BinderProxy@b8471f8})/@0xcfd4127
06-03 10:15:03.827 E/BufferQueueDebug(  846): [Surface(name=1cd3ec2 StatusBar)/@0xe6027e6 - animation-leash of insets_animation#2261](this:0xb400006f3aa6dba0,id:-1,api:0,p:-1,c:-1) id info cannot be read from 'Surface(name=1cd3ec2 StatusBar)/@0xe6027e6 - animation-leash of insets_animation#2261'
06-03 10:15:03.827 I/BufferQueueDebug(  846): [Surface(name=1cd3ec2 StatusBar)/@0xe6027e6 - animation-leash of insets_animation#2261](this:0xb400006f3aa6dba0,id:-1,api:0,p:-1,c:-1) BufferQueue core=(846:/system/bin/surfaceflinger)
06-03 10:15:03.827 I/SurfaceFlinger(  846): id=2261 createSurf, flag=24000, Surface(name=1cd3ec2 StatusBar)/@0xe6027e6 - animation-leash of insets_animation#2261
06-03 10:15:03.827 I/ViewRootImpl@c33b44f[LauncherActivity]( 2557): mWNT: t=0xb4000070cdf9ed80 mBlastBufferQueue=0xb4000070cc84d000 fn= 727 mRenderHdrSdrRatio=1.0 caller= com.android.systemui.shared.launcher.ViewRootImplCompat.mergeWithNextTransaction:4 com.honeyspace.transition.utils.SurfaceTransactionApplier.scheduleApply$lambda$1:26 com.honeyspace.transition.utils.SurfaceTransactionApplier.c:0 
06-03 10:15:03.827 V/ClearcutMetricXmitter(18102): Transmission is done.
06-03 10:15:03.833 I/HoneySpace.AppWidgetLaunchAnimationDelegate( 2557): previewAlpha : 1.0, current rect : RectF(2.526123, 60.821045, 1077.6196, 2293.704)
06-03 10:15:03.834 I/ViewRootImpl@c33b44f[LauncherActivity]( 2557): mWNT: t=0xb4000070cdf9ef00 mBlastBufferQueue=0xb4000070cc84d000 fn= 728 mRenderHdrSdrRatio=1.0 caller= com.android.systemui.shared.launcher.ViewRootImplCompat.mergeWithNextTransaction:4 com.honeyspace.transition.utils.SurfaceTransactionApplier.scheduleApply$lambda$1:26 com.honeyspace.transition.utils.SurfaceTransactionApplier.c:0 
06-03 10:15:03.834 E/PQ_HDR  (  803): DpAsyncBlitStream:: thie platform unsupport compress format
06-03 10:15:03.835 D/WindowManager( 1375): makeSurface duration=8 leash=Surface(name=Surface(name=1cd3ec2 StatusBar)/@0xe6027e6 - animation-leash of insets_animation)/@0xee09616
06-03 10:15:03.836 D/InsetsSourceProvider( 1375): updateControlForTarget: control=InsetsSourceControl: {e0360000 mType=statusBars initiallyVisible mSurfacePosition=Point(0, 0) mInsetsHint=Insets{left=0, top=80, right=0, bottom=0}}, target=Window{b9717a u0 Splash Screen com.google.android.googlequicksearchbox}, from=com.android.server.wm.InsetsStateController.onControlTargetChanged:358 com.android.server.wm.InsetsStateController.onBarControlTargetChanged:324 com.android.server.wm.InsetsPolicy.updateBarControlTarget:173 com.android.server.wm.InsetsPolicy.updateSystemBars:805 com.android.server.wm.DisplayPolicy.updateSystemBarsLw:3425 
06-03 10:15:03.836 I/dqdp    (18102): (REDACTED) Device Compliance Fetch time taken = %sms
06-03 10:15:03.836 I/dqdp    (18102): Device is compliant!
06-03 10:15:03.837 I/id.app.launcher( 2557): NativeAlloc concurrent mark compact GC freed 3734KB AllocSpace bytes, 2(104KB) LOS objects, 49% free, 10MB/20MB, paused 3.707ms,3.589ms total 163.220ms
06-03 10:15:03.837 D/WindowManager( 1375): updateSystemBarAttributes: displayId=0, win=Window{b9717a u0 Splash Screen com.google.android.googlequicksearchbox}, navColorWin=Window{b9717a u0 Splash Screen com.google.android.googlequicksearchbox}, focusedCanBeNavColorWin=false, behavior=1, appearance=24, statusBarAppearanceRegions=[AppearanceRegion{LIGHT_STATUS_BARS bounds=[0,0][1080,2340]}], requestedVisibilities=-9, from=com.android.server.wm.DisplayPolicy.finishPostLayoutPolicyLw:2320 com.android.server.wm.DisplayContent.applySurfaceChangesTransaction:6130 com.android.server.wm.RootWindowContainer.applySurfaceChangesTransaction:1180 
06-03 10:15:03.838 D/SamsungStatusBarGrayIconHelper( 2053): isGrayAppearance=false
06-03 10:15:03.839 D/SamsungLightBarControlHelper( 2053): onStatusBarAppearanceChanged() -  sbModeChanged:false, statusBarMode:0, barState:MODE_TRANSPARENT, isKeyguardShowing:false, navbarColorManagedByIme:false, stackAppearanceChanged:true, (AppearanceRegion{LIGHT_STATUS_BARS bounds=[0,0][1080,2340]}, ), packageName:com.google.android.googlequicksearchbox
06-03 10:15:03.839 D/NavigationBar( 2053): onSystemBarAttributesChanged() -  displayId:0, appearance:24, packageName: com.google.android.googlequicksearchbox (APPEARANCE_LIGHT_STATUS_BARS APPEARANCE_LIGHT_NAVIGATION_BARS ), navbarColorManagedByIme:false
06-03 10:15:03.840 I/dqdp    (18102): Invoking "compliant" action...
06-03 10:15:03.840 D/SamsungLightBarControlHelper( 2053): updateNavigationBar (BLACK button) isLightOpaque:false, hasLightNavigationBarFlag:true, packageName:com.google.android.googlequicksearchbox, DirectReplying:false, NavBarColorMangedByIme:false, ForceDarkForScrim:false, QsCustomizing:false, PanelHasWhiteBg:true
06-03 10:15:03.840 D/SysUiState( 2053): SysUiState changed: old=0x10000000 new=0x10020000
06-03 10:15:03.843 I/InsetsSourceConsumer( 2053): applyRequestedVisibilityToControl: visible=true, type=navigationBars, host=Splash Screen com.google.android.googlequicksearchbox
06-03 10:15:03.843 V/WindowManager( 1375): Changing focus from null to Window{fc01d3e u0 com.google.android.googlequicksearchbox/com.google.android.googlequicksearchbox.InternalGoogleAppActivityEntrypoint} displayId=0 Callers=com.android.server.wm.RootWindowContainer.updateFocusedWindowLocked:578 com.android.server.wm.WindowManagerService.updateFocusedWindowLocked:6833 com.android.server.wm.WindowManagerService.relayoutWindow:2755 com.android.server.wm.Session.relayout:282 
06-03 10:15:03.843 I/InsetsSourceConsumer( 2053): applyRequestedVisibilityToControl: visible=true, type=statusBars, host=Splash Screen com.google.android.googlequicksearchbox
06-03 10:15:03.844 I/WindowManager( 1375): Cancelling animation restarting=true, leash=Surface(name=Surface(name=255b007 NavigationBar0)/@0x679c61b - animation-leash of insets_animation)/@0x9339fd8
06-03 10:15:03.844 I/WindowManager( 1375): Reparenting to original parent: Surface(name=WindowToken{d3be221 type=2019 android.os.BinderProxy@7d7c2b})/@0x17c3b8, destroy=false, surface=Surface(name=255b007 NavigationBar0)/@0x679c61b
06-03 10:15:03.844 I/WindowManager( 1375): Reparenting to leash, surface=Surface(name=255b007 NavigationBar0)/@0x679c61b, leashParent=Surface(name=WindowToken{d3be221 type=2019 android.os.BinderProxy@7d7c2b})/@0x17c3b8
06-03 10:15:03.844 E/BufferQueueDebug(  846): [Surface(name=255b007 NavigationBar0)/@0x679c61b - animation-leash of insets_animation#2262](this:0xb400006f3a594ba0,id:-1,api:0,p:-1,c:-1) id info cannot be read from 'Surface(name=255b007 NavigationBar0)/@0x679c61b - animation-leash of insets_animation#2262'
06-03 10:15:03.844 I/HoneySpace.SystemUiRepository( 2557): systemUiFlags: allow_gesture|awake
06-03 10:15:03.844 I/BufferQueueDebug(  846): [Surface(name=255b007 NavigationBar0)/@0x679c61b - animation-leash of insets_animation#2262](this:0xb400006f3a594ba0,id:-1,api:0,p:-1,c:-1) BufferQueue core=(846:/system/bin/surfaceflinger)
06-03 10:15:03.845 I/SurfaceFlinger(  846): id=2262 createSurf, flag=24000, Surface(name=255b007 NavigationBar0)/@0x679c61b - animation-leash of insets_animation#2262
06-03 10:15:03.845 I/HoneySpace.TaskbarEventTracker( 2557): invokeEvent() called with: event = SystemUiStateChanged(stateFlags=268566528)
06-03 10:15:03.845 D/NavigationModeController( 2053): getCurrentUserContext: contextUser=0 currentUser=0
06-03 10:15:03.846 D/WindowManager( 1375): makeSurface duration=1 leash=Surface(name=Surface(name=255b007 NavigationBar0)/@0x679c61b - animation-leash of insets_animation)/@0xe2ee184
06-03 10:15:03.846 D/InsetsSourceProvider( 1375): updateControlForTarget: control=InsetsSourceControl: {52340001 mType=navigationBars initiallyVisible mSurfacePosition=Point(0, 2205) mInsetsHint=Insets{left=0, top=0, right=0, bottom=135}}, target=Window{fc01d3e u0 com.google.android.googlequicksearchbox/com.google.android.googlequicksearchbox.InternalGoogleAppActivityEntrypoint}, from=com.android.server.wm.InsetsStateController.onControlTargetChanged:358 com.android.server.wm.InsetsStateController.onBarControlTargetChanged:327 com.android.server.wm.InsetsPolicy.updateBarControlTarget:173 com.android.server.wm.InsetsPolicy.updateSystemBars:805 com.android.server.wm.DisplayPolicy.updateSystemBarsLw:3425 
06-03 10:15:03.847 I/WindowManager( 1375): Cancelling animation restarting=true, leash=Surface(name=Surface(name=1cd3ec2 StatusBar)/@0xe6027e6 - animation-leash of insets_animation)/@0xee09616
06-03 10:15:03.847 I/WindowManager( 1375): Reparenting to original parent: Surface(name=WindowToken{8ae0536 type=2000 android.os.BinderProxy@b8471f8})/@0xcfd4127, destroy=false, surface=Surface(name=1cd3ec2 StatusBar)/@0xe6027e6
06-03 10:15:03.847 I/Layer   (  846): id=2246 removeFromCurrentState Surface(name=255b007 NavigationBar0)/@0x679c61b - animation-leash of insets_animation#2246 (132)
06-03 10:15:03.847 I/Layer   (  846): id=77 removeFromCurrentState 255b007 NavigationBar0#77 (132)
06-03 10:15:03.847 I/Layer   (  846): id=88 removeFromCurrentState NavigationBar0$_2053#88 (132)
06-03 10:15:03.847 I/Layer   (  846): id=2247 removeFromCurrentState Surface(name=1cd3ec2 StatusBar)/@0xe6027e6 - animation-leash of insets_animation#2247 (132)
06-03 10:15:03.847 I/Layer   (  846): id=86 removeFromCurrentState 1cd3ec2 StatusBar#86 (132)
06-03 10:15:03.847 I/Layer   (  846): id=89 removeFromCurrentState StatusBar$_2053#89 (132)
06-03 10:15:03.847 I/WindowManager( 1375): Reparenting to leash, surface=Surface(name=1cd3ec2 StatusBar)/@0xe6027e6, leashParent=Surface(name=WindowToken{8ae0536 type=2000 android.os.BinderProxy@b8471f8})/@0xcfd4127
06-03 10:15:03.847 I/Layer   (  846): id=77 addToCurrentState 255b007 NavigationBar0#77 (132)
06-03 10:15:03.847 I/Layer   (  846): id=88 addToCurrentState NavigationBar0$_2053#88 (132)
06-03 10:15:03.847 I/Layer   (  846): id=86 addToCurrentState 1cd3ec2 StatusBar#86 (132)
06-03 10:15:03.847 I/Layer   (  846): id=89 addToCurrentState StatusBar$_2053#89 (132)
06-03 10:15:03.847 I/HoneySpace.AppWidgetLaunchAnimationDelegate( 2557): previewAlpha : 1.0, current rect : RectF(1.84021, 44.306885, 1078.2659, 2306.2744)
06-03 10:15:03.849 E/PQ_HDR  (  803): DpAsyncBlitStream:: thie platform unsupport compress format
06-03 10:15:03.849 E/BufferQueueDebug(  846): [Surface(name=1cd3ec2 StatusBar)/@0xe6027e6 - animation-leash of insets_animation#2263](this:0xb400006f3aafbba0,id:-1,api:0,p:-1,c:-1) id info cannot be read from 'Surface(name=1cd3ec2 StatusBar)/@0xe6027e6 - animation-leash of insets_animation#2263'
06-03 10:15:03.849 I/ViewRootImpl@c33b44f[LauncherActivity]( 2557): mWNT: t=0xb4000070cdf9f080 mBlastBufferQueue=0xb4000070cc84d000 fn= 729 mRenderHdrSdrRatio=1.0 caller= com.android.systemui.shared.launcher.ViewRootImplCompat.mergeWithNextTransaction:4 com.honeyspace.transition.utils.SurfaceTransactionApplier.scheduleApply$lambda$1:26 com.honeyspace.transition.utils.SurfaceTransactionApplier.c:0 
06-03 10:15:03.851 I/SurfaceFlinger(  846): id=2246 Removed Surface(name=255b007 NavigationBar0)/@0x679c61b - animation-leash of insets_animation#2246 (132)
06-03 10:15:03.851 I/SurfaceFlinger(  846): id=2247 Removed Surface(name=1cd3ec2 StatusBar)/@0xe6027e6 - animation-leash of insets_animation#2247 (132)
06-03 10:15:03.851 D/NavigationModeController( 2053): getCurrentUserContext: contextUser=0 currentUser=0
06-03 10:15:03.853 I/BufferQueueDebug(  846): [Surface(name=1cd3ec2 StatusBar)/@0xe6027e6 - animation-leash of insets_animation#2263](this:0xb400006f3aafbba0,id:-1,api:0,p:-1,c:-1) BufferQueue core=(846:/system/bin/surfaceflinger)
06-03 10:15:03.853 I/SurfaceFlinger(  846): id=2263 createSurf, flag=24000, Surface(name=1cd3ec2 StatusBar)/@0xe6027e6 - animation-leash of insets_animation#2263
06-03 10:15:03.853 W/id.app.launcher( 2557): ApkAssets: Deleting an ApkAssets object '<empty> and /data/app/~~zuM353Qs9amx42O9JY_Y3w==/com.sec.android.app.clockpackage-c4xUenWVFz2AuoyQsqzMtg==/base.apk' with 1 weak references
06-03 10:15:03.854 I/HoneySpace.AppWidgetLaunchAnimationDelegate( 2557): previewAlpha : 1.0, current rect : RectF(1.2498779, 30.092773, 1078.8223, 2317.0938)
06-03 10:15:03.854 I/BufferQueueDebug(  846): [Surface(name=255b007 NavigationBar0)/@0x679c61b - animation-leash of insets_animation#2246](this:0xb400006f3a987ba0,id:-1,api:0,p:-1,c:846) onDestructor()
06-03 10:15:03.854 I/Layer   (  846): id=2246 Destroyed Surface(name=255b007 NavigationBar0)/@0x679c61b - animation-leash of insets_animation#2246
06-03 10:15:03.854 I/BufferQueueDebug(  846): [Surface(name=1cd3ec2 StatusBar)/@0xe6027e6 - animation-leash of insets_animation#2247](this:0xb400006f3b26aba0,id:-1,api:0,p:-1,c:846) onDestructor()
06-03 10:15:03.854 I/Layer   (  846): id=2247 Destroyed Surface(name=1cd3ec2 StatusBar)/@0xe6027e6 - animation-leash of insets_animation#2247
06-03 10:15:03.855 D/WindowManager( 1375): makeSurface duration=7 leash=Surface(name=Surface(name=1cd3ec2 StatusBar)/@0xe6027e6 - animation-leash of insets_animation)/@0x93a8a33
06-03 10:15:03.855 D/InsetsSourceProvider( 1375): updateControlForTarget: control=InsetsSourceControl: {e0360000 mType=statusBars initiallyVisible mSurfacePosition=Point(0, 0) mInsetsHint=Insets{left=0, top=80, right=0, bottom=0}}, target=Window{fc01d3e u0 com.google.android.googlequicksearchbox/com.google.android.googlequicksearchbox.InternalGoogleAppActivityEntrypoint}, from=com.android.server.wm.InsetsStateController.onControlTargetChanged:358 com.android.server.wm.InsetsStateController.onBarControlTargetChanged:324 com.android.server.wm.InsetsPolicy.updateBarControlTarget:173 com.android.server.wm.InsetsPolicy.updateSystemBars:805 com.android.server.wm.DisplayPolicy.updateSystemBarsLw:3425 
06-03 10:15:03.855 I/ViewRootImpl@c33b44f[LauncherActivity]( 2557): mWNT: t=0xb4000071d7f6f180 mBlastBufferQueue=0xb4000070cc84d000 fn= 730 mRenderHdrSdrRatio=1.0 caller= com.android.systemui.shared.launcher.ViewRootImplCompat.mergeWithNextTransaction:4 com.honeyspace.transition.utils.SurfaceTransactionApplier.scheduleApply$lambda$1:26 com.honeyspace.transition.utils.SurfaceTransactionApplier.c:0 
06-03 10:15:03.857 V/WindowManager( 1375): Relayout hash=fc01d3e, pid=18102, syncId=-1: mAttrs={(0,0)(fillxfill) sim={adjust=pan forwardNavigation} layoutInDisplayCutoutMode=always ty=BASE_APPLICATION wanim=0x1030303
06-03 10:15:03.857 V/WindowManager( 1375):   fl=81810100
06-03 10:15:03.857 V/WindowManager( 1375):   pfl=12008040
06-03 10:15:03.857 V/WindowManager( 1375):   vsysui=2110
06-03 10:15:03.857 V/WindowManager( 1375):   apr=LIGHT_STATUS_BARS LIGHT_NAVIGATION_BARS
06-03 10:15:03.857 V/WindowManager( 1375):   bhv=DEFAULT
06-03 10:15:03.857 V/WindowManager( 1375):   fitSides= naviIconColor=0}
06-03 10:15:03.857 E/PQ_HDR  (  803): DpAsyncBlitStream:: thie platform unsupport compress format
06-03 10:15:03.858 D/NavigationModeController( 2053): getCurrentUserContext: contextUser=0 currentUser=0
06-03 10:15:03.858 D/BufferQueueConsumer(18102): [](id:46b600000001,api:0,p:-1,c:18102) connect: controlledByApp=false
06-03 10:15:03.859 I/BLASTBufferQueue_Java(18102): new BLASTBufferQueue, mName= ViewRootImpl@8930288[InternalGoogleAppActivityEntrypoint] mNativeObject= 0xb4000070d5665b00 sc.mNativeObject= 0xb4000070c4f6a8c0 caller= android.view.ViewRootImpl.updateBlastSurfaceIfNeeded:3028 android.view.ViewRootImpl.relayoutWindow:10131 android.view.ViewRootImpl.performTraversals:4110 android.view.ViewRootImpl.doTraversal:3288 android.view.ViewRootImpl$TraversalRunnable.run:11344 android.view.Choreographer$CallbackRecord.run:1689 android.view.Choreographer$CallbackRecord.run:1698 android.view.Choreographer.doCallbacks:1153 android.view.Choreographer.doFrame:1079 android.view.Choreographer$FrameDisplayEventReceiver.run:1646 
06-03 10:15:03.859 I/BLASTBufferQueue_Java(18102): update, w= 1080 h= 2340 mName = ViewRootImpl@8930288[InternalGoogleAppActivityEntrypoint] mNativeObject= 0xb4000070d5665b00 sc.mNativeObject= 0xb4000070c4f6a8c0 format= -1 caller= android.graphics.BLASTBufferQueue.<init>:89 android.view.ViewRootImpl.updateBlastSurfaceIfNeeded:3028 android.view.ViewRootImpl.relayoutWindow:10131 android.view.ViewRootImpl.performTraversals:4110 android.view.ViewRootImpl.doTraversal:3288 android.view.ViewRootImpl$TraversalRunnable.run:11344 
06-03 10:15:03.860 I/ViewRootImpl@8930288[InternalGoogleAppActivityEntrypoint](18102): Relayout returned: old=(0,0,1080,2340) new=(0,0,1080,2340) relayoutAsync=false req=(1080,2340)0 dur=38 res=0x403 s={true 0xb4000070c52ef000} ch=true seqId=0
06-03 10:15:03.860 I/ViewRootImpl@8930288[InternalGoogleAppActivityEntrypoint](18102): performConfigurationChange setNightDimText nightDimLevel=0
06-03 10:15:03.860 D/ViewRootImpl@8930288[InternalGoogleAppActivityEntrypoint](18102): mThreadedRenderer.initialize() mSurface={isValid=true 0xb4000070c52ef000} hwInitialized=true
06-03 10:15:03.861 D/NavigationModeController( 2053): getCurrentUserContext: contextUser=0 currentUser=0
06-03 10:15:03.863 D/ViewRootImpl@8930288[InternalGoogleAppActivityEntrypoint](18102): reportNextDraw android.view.ViewRootImpl.performTraversals:4718 android.view.ViewRootImpl.doTraversal:3288 android.view.ViewRootImpl$TraversalRunnable.run:11344 android.view.Choreographer$CallbackRecord.run:1689 android.view.Choreographer$CallbackRecord.run:1698 
06-03 10:15:03.865 I/Layer   (  846): id=2260 removeFromCurrentState Surface(name=255b007 NavigationBar0)/@0x679c61b - animation-leash of insets_animation#2260 (131)
06-03 10:15:03.865 I/SurfaceFlinger(  846): [fc01d3e com.google.android.googlequicksearchbox/com.google.android.googlequicksearchbox.InternalGoogleAppActivityEntrypoint#2258] FrameRatePriority: 1
06-03 10:15:03.865 I/Layer   (  846): id=2261 removeFromCurrentState Surface(name=1cd3ec2 StatusBar)/@0xe6027e6 - animation-leash of insets_animation#2261 (131)
06-03 10:15:03.865 I/ViewRootImpl@8930288[InternalGoogleAppActivityEntrypoint](18102): Setup new sync=wmsSync-ViewRootImpl@8930288[InternalGoogleAppActivityEntrypoint]#2
06-03 10:15:03.865 I/ViewRootImpl@8930288[InternalGoogleAppActivityEntrypoint](18102): Creating new active sync group ViewRootImpl@8930288[InternalGoogleAppActivityEntrypoint]#3
06-03 10:15:03.866 D/SurfaceComposerClient( 1375): Transaction::apply InputWindowCommands.focusRequests timestamp=44396341752337, windowName=fc01d3e com.google.android.googlequicksearchbox/com.google.android.googlequicksearchbox.InternalGoogleAppActivityEntrypoint
06-03 10:15:03.866 I/HoneySpace.AppWidgetLaunchAnimationDelegate( 2557): previewAlpha : 1.0, current rect : RectF(0.8406372, 20.240723, 1079.2078, 2324.5933)
06-03 10:15:03.867 I/ViewRootImpl@8930288[InternalGoogleAppActivityEntrypoint](18102): registerCallbacksForSync syncBuffer=false
06-03 10:15:03.868 I/ViewRootImpl@c33b44f[LauncherActivity]( 2557): mWNT: t=0xb4000071d7f6f780 mBlastBufferQueue=0xb4000070cc84d000 fn= 731 mRenderHdrSdrRatio=1.0 caller= com.android.systemui.shared.launcher.ViewRootImplCompat.mergeWithNextTransaction:4 com.honeyspace.transition.utils.SurfaceTransactionApplier.scheduleApply$lambda$1:26 com.honeyspace.transition.utils.SurfaceTransactionApplier.c:0 
06-03 10:15:03.869 E/PQ_HDR  (  803): DpAsyncBlitStream:: thie platform unsupport compress format
06-03 10:15:03.871 D/NavigationModeController( 2053): getCurrentUserContext: contextUser=0 currentUser=0
06-03 10:15:03.875 D/SamsungLightBarControlHelper( 2053): updateStatusBar (BLACK icon) numStacks:1, StatusBarMode:MODE_TRANSPARENT, lightBarBounds:[Rect(0, 0 - 1080, 2340)], StatusBarState:SHADE, packageName:com.google.android.googlequicksearchbox, isWhiteKeyguardStatusBar:true
06-03 10:15:03.875 D/SurfaceFlinger(  846): Focus addInputWindowCommands timestamp=44396341752337, windowName=fc01d3e com.google.android.googlequicksearchbox/com.google.android.googlequicksearchbox.InternalGoogleAppActivityEntrypoint
06-03 10:15:03.876 I/HoneySpace.AppWidgetLaunchAnimationDelegate( 2557): previewAlpha : 1.0, current rect : RectF(0.49749756, 11.979126, 1079.5312, 2330.8818)
06-03 10:15:03.877 D/SurfaceFlinger(  846): Find Focus windowName=fc01d3e com.google.android.googlequicksearchbox/com.google.android.googlequicksearchbox.InternalGoogleAppActivityEntrypoint, notVisible=1
06-03 10:15:03.877 D/Layer   (  846): Focus: com.google.android.googlequicksearchbox/com.google.android.googlequicksearchbox.InternalGoogleAppActivityEntrypoint$_18102#2259 isHiddenByPolicy s.flags&layer_state_t::eLayerHidden=1
06-03 10:15:03.877 D/SurfaceFlinger(  846): Focus inVisible Reason:isVisibleForInput(){hasInputInfo()?canReceiveInput():isVisible()}=0 has=1 can{!isHiddenByPolicy()&&(mBuffer==nullptr||getAlpha()>0.0f)}=0 Hidden=1 Buf=1 getA=1
06-03 10:15:03.879 E/PQ_HDR  (  803): DpAsyncBlitStream:: thie platform unsupport compress format
06-03 10:15:03.879 D/SurfaceFlinger(  846): updateWinowInfo=1, setFocusedWindow timestamp=44396341752337, windowName=fc01d3e com.google.android.googlequicksearchbox/com.google.android.googlequicksearchbox.InternalGoogleAppActivityEntrypoint
06-03 10:15:03.880 I/ViewRootImpl@c33b44f[LauncherActivity]( 2557): mWNT: t=0xb4000070e5d24900 mBlastBufferQueue=0xb4000070cc84d000 fn= 732 mRenderHdrSdrRatio=1.0 caller= com.android.systemui.shared.launcher.ViewRootImplCompat.mergeWithNextTransaction:4 com.honeyspace.transition.utils.SurfaceTransactionApplier.scheduleApply$lambda$1:26 com.honeyspace.transition.utils.SurfaceTransactionApplier.c:0 
06-03 10:15:03.881 D/InputDispatcher( 1375): Focus request (0): fc01d3e com.google.android.googlequicksearchbox/com.google.android.googlequicksearchbox.InternalGoogleAppActivityEntrypoint but waiting because NO_WINDOW
06-03 10:15:03.881 V/WindowManager( 1375): Relayout Window{255b007 u0 NavigationBar0}: viewVisibility=0 req=1080x135 ty=2019 d0
06-03 10:15:03.884 I/BLASTBufferQueue_Java( 2053): update, w= 1080 h= 135 mName = ViewRootImpl@8ced9ff[NavigationBar0] mNativeObject= 0xb4000071d7fa8480 sc.mNativeObject= 0xb4000070d7473680 format= -3 caller= android.view.ViewRootImpl.updateBlastSurfaceIfNeeded:3017 android.view.ViewRootImpl.relayoutWindow:10131 android.view.ViewRootImpl.performTraversals:4110 android.view.ViewRootImpl.doTraversal:3288 android.view.ViewRootImpl$TraversalRunnable.run:11344 android.view.Choreographer$CallbackRecord.run:1689 
06-03 10:15:03.884 I/ViewRootImpl@8ced9ff[NavigationBar0]( 2053): Relayout returned: old=(0,2205,1080,2340) new=(0,2205,1080,2340) relayoutAsync=true req=(1080,135)0 dur=7 res=0x0 s={true 0xb4000070d6958800} ch=false seqId=3
06-03 10:15:03.884 I/ViewRootImpl@8ced9ff[NavigationBar0]( 2053): registerCallbackForPendingTransactions
06-03 10:15:03.884 I/ViewRootImpl@8930288[InternalGoogleAppActivityEntrypoint](18102): Received frameDrawingCallback syncResult=0 frameNum=1.
06-03 10:15:03.886 I/ViewRootImpl@8930288[InternalGoogleAppActivityEntrypoint](18102): mWNT: t=0xb4000070c4e4c880 mBlastBufferQueue=0xb4000070d5665b00 fn= 1 mRenderHdrSdrRatio=1.0 caller= android.view.ViewRootImpl$8.onFrameDraw:13841 android.view.ThreadedRenderer$1.onFrameDraw:792 <bottom of call stack> 
06-03 10:15:03.886 I/ViewRootImpl@8ced9ff[NavigationBar0]( 2053): mWNT: t=0xb4000070d53e1c80 mBlastBufferQueue=0xb4000071d7fa8480 fn= 2684 mRenderHdrSdrRatio=1.0 caller= android.view.ViewRootImpl$6.onFrameDraw:5635 android.view.ViewRootImpl$2.onFrameDraw:2146 android.view.ThreadedRenderer$1.onFrameDraw:792 
06-03 10:15:03.886 I/ViewRootImpl@8930288[InternalGoogleAppActivityEntrypoint](18102): Setting up sync and frameCommitCallback
06-03 10:15:03.887 I/HoneySpace.AppWidgetLaunchAnimationDelegate( 2557): previewAlpha : 1.0, current rect : RectF(0.24450684, 5.886963, 1079.7695, 2335.519)
06-03 10:15:03.888 V/WindowManager( 1375): Relayout hash=255b007, pid=0, syncId=-1: mAttrs={(0,0)(fillx135) gr=BOTTOM CENTER_VERTICAL sim={adjust=pan} layoutInDisplayCutoutMode=always ty=NAVIGATION_BAR fmt=TRANSLUCENT
06-03 10:15:03.888 V/WindowManager( 1375):   fl=20840028
06-03 10:15:03.888 V/WindowManager( 1375):   pfl=33001000
06-03 10:15:03.888 V/WindowManager( 1375):   bhv=DEFAULT
06-03 10:15:03.888 V/WindowManager( 1375):   providedInsets:
06-03 10:15:03.888 V/WindowManager( 1375):     InsetsFrameProvider: {id=#52340001, index=0, type=navigationBars, source=FRAME, flags=[], insetsSize=Insets{left=0, top=0, right=0, bottom=135}, insetsSizeOverrides=[TypedInsetsSize: {windowType=INPUT_METHOD, insetsSize=null}]}
06-03 10:15:03.888 V/WindowManager( 1375):     InsetsFrameProvider: {id=#52340006, index=0, type=tappableElement, source=FRAME, flags=[]}
06-03 10:15:03.888 V/WindowManager( 1375):     InsetsFrameProvider: {id=#52340005, index=0, type=mandatorySystemGestures, source=FRAME, flags=[]}
06-03 10:15:03.888 V/WindowManager( 1375):     InsetsFrameProvider: {id=#52340004, index=0, type=systemGestures, source=DISPLAY, flags=[], insetsSize=Insets{left=0, top=0, right=0, bottom=0}, mMinimalInsetsSizeInDisplayCutoutSafe=Insets{left=0, top=0, right=0, bottom=0}}
06-03 10:15:03.888 V/WindowManager( 1375):     InsetsFrameProvider: {id=#52340024, index=1, type=systemGestures, source=DISPLAY, flags=[], insetsSize=Insets{left=0, top=0, right=0, bottom=0}, mMinimalInsetsSizeInDisplayCutoutSafe=Insets{left=0, top=0, right=0, bottom=0}}
06-03 10:15:03.888 V/WindowManager( 1375):   paramsForRotation:
06-03 10:15:03.888 V/WindowManager( 1375):     ROTATION_0={(0,0)(fillx135) gr=BOTTOM CENTER_VERTICAL layoutInDisplayCutoutMode=always ty=NAVIGATION_BAR fmt=TRANSLUCENT
06-03 10:15:03.888 V/WindowManager( 1375):       fl=20840028
06-03 10:15:03.888 V/WindowManager( 1375):       pfl=31001000
06-03 10:15:03.888 V/WindowManager( 1375):       bhv=DEFAULT
06-03 10:15:03.888 V/WindowManager( 1375):       providedInsets:
06-03 10:15:03.888 V/WindowManager( 1375):         InsetsFrameProvider: {id=#52340001, index=0, type=navigationBars, source=FRAME, flags=[], insetsSize=Insets{left=0, top=0, right=0, bottom=135}, insetsSizeOverrides=[TypedInsetsSize: {windowType=INPUT_METHOD, insetsSize=null}]}
06-03 10:15:03.888 V/WindowManager( 1375):         InsetsFrameProvider: {id=#52340006, index=0, type=tappableElement, source=FRAME, flags=[]}
06-03 10:15:03.888 V/WindowManager( 1375):         InsetsFrameProvider: {id=#52340005, index=0, type=mandatorySystemGestures, source=FRAME, flags=[]}
06-03 10:15:03.888 V/WindowManager( 1375):         InsetsFrameProvider: {id=#52340004, index=0, type=systemGestures, source=DISPLAY, flags=[], insetsSize=Insets{left=0, top=0, right=0, bottom=0}, mMinimalInsetsSizeInDisplayCutoutSafe=Insets{left=0, top=0, right=0, bottom=0}}
06-03 10:15:03.888 V/WindowManager( 1375):         InsetsFrameProvider: {id=#52340024, index=1, type=systemGestures, source=DISPLAY, flags=[], insetsSize=Insets{left=0, top=0, right=0, bottom=0}, mMinimalInsetsSizeInDisplayCutoutSafe=Insets{left=0, top=0, right=0, bottom=0}} naviIconColor=0}
06-03 10:15:03.888 V/WindowManager( 1375):     ROTATION_90={(0,0)(135xfill) gr=RIGHT CENTER_HORIZONTAL layoutInDisplayCutoutMode=always ty=NAVIGATION_BAR fmt=TRANSLUCENT
06-03 10:15:03.888 V/WindowManager( 1375):       fl=20840028
06-03 10:15:03.888 V/WindowManager( 1375):       pfl=31001000
06-03 10:15:03.888 V/WindowManager( 1375):       bhv=DEFAULT
06-03 10:15:03.888 V/WindowManager( 1375):       providedInsets:
06-03 10:15:03.888 V/WindowManager( 1375):         InsetsFrameProvider: {id=#52340001, index=0, type=navigationBars, source=FRAME, flags=[], insetsSizeOverrides=[TypedInsetsSize: {windowType=INPUT_METHOD, insetsSize=null}]}
06-03 10:15:03.888 V/WindowManager( 1375):         InsetsFrameProvider: {id=#52340006, index=0, type=tappableElement, source=FRAME, flags=[]}
06-03 10:15:03.888 V/WindowManager( 1375):         InsetsFrameProvider: {id=#52340005, index=0, type=mandatorySystemGestures, source=FRAME, flags=[]}
06-03 10:15:03.888 V/WindowManager( 1375):         InsetsFrameProvider: {id=#52340004, index=0, type=systemGestures, source=DISPLAY, flags=[], insetsSize=Insets{left=0, top=0, right=0, bottom=0}, mMinimalInsetsSizeInDisplayCutoutSafe=Insets{left=0, top=0, right=0, bottom=0}}
06-03 10:15:03.888 V/WindowManager( 1375):         InsetsFrameProvider: {id=#52340024, index=1, type=systemGestures, source=DISPLAY, flags=[], insetsSize=Insets{left=0, top=0, right=0, bottom=0}, mMinimalInsetsSizeInDisplayCutoutSafe=Insets{left=0, top=0, right=0, bottom=0}} naviIconColor=0}
06-03 10:15:03.888 V/WindowManager( 1375):     ROTATION_180={(0,0)(fillx135) gr=BOTTOM CENTER_VERTICAL layoutInDisplayCutoutMode=always ty=NAVIGATION_BAR fmt=TRANSLUCENT
06-03 10:15:03.888 V/WindowManager( 1375):       fl=20840028
06-03 10:15:03.888 V/WindowManager( 1375):       pfl=31001000
06-03 10:15:03.888 V/WindowManager( 1375):       bhv=DEFAULT
06-03 10:15:03.888 V/WindowManager( 1375):       providedInsets:
06-03 10:15:03.888 V/WindowManager( 1375):         InsetsFrameProvider: {id=#52340001, index=0, type=navigationBars, source=FRAME, flags=[], insetsSize=Insets{left=0, top=0, right=0, bottom=135}, insetsSizeOverrides=[TypedInsetsSize: {windowType=INPUT_METHOD, insetsSize=null}]}
06-03 10:15:03.888 V/WindowManager( 1375):         InsetsFrameProvider: {id=#52340006, index=0, type=tappableElement, source=FRAME, flags=[]}
06-03 10:15:03.888 V/WindowManager( 1375):         InsetsFrameProvider: {id=#52340005, index=0, type=mandatorySystemGestures, source=FRAME, flags=[]}
06-03 10:15:03.888 V/WindowManager( 1375):         InsetsFrameProvider: {id=#52340004, index=0, type=systemGestures, source=DISPLAY, flags=[], insetsSize=Insets{left=0, top=0, right=0, bottom=0}, mMinimalInsetsSizeInDisplayCutoutSafe=Insets{left=0, top=0, right=0, bottom=0}}
06-03 10:15:03.888 V/WindowManager( 1375):         InsetsFrameProvider: {id=#52340024, index=1, type=systemGestures, source=DISPLAY, flags=[], insetsSize=Insets{left=0, top=0, right=0, bottom=0}, mMinimalInsetsSizeInDisplayCutoutSafe=Insets{left=0, top=0, right=0, bottom=0}} naviIconColor=0}
06-03 10:15:03.888 V/WindowManager( 1375):     ROTATION_270={(0,0)(135xfill) gr=LEFT CENTER_HORIZONTAL layoutInDisplayCutoutMode=always ty=NAVIGATION_BAR fmt=TRANSLUCENT
06-03 10:15:03.888 V/WindowManager( 1375):       fl=20840028
06-03 10:15:03.888 V/WindowManager( 1375):       pfl=31001000
06-03 10:15:03.888 V/WindowManager( 1375):       bhv=DEFAULT
06-03 10:15:03.888 V/WindowManager( 1375):       providedInsets:
06-03 10:15:03.888 V/WindowManager( 1375):         InsetsFrameProvider: {id=#52340001, index=0, type=navigationBars, source=FRAME, flags=[], insetsSizeOverrides=[TypedInsetsSize: {windowType=INPUT_METHOD, insetsSize=null}]}
06-03 10:15:03.888 V/WindowManager( 1375):         InsetsFrameProvider: {id=#52340006, index=0, type=tappableElement, source=FRAME, flags=[]}
06-03 10:15:03.888 V/WindowManager( 1375):         InsetsFrameProvider: {id=#52340005, index=0, type=mandatorySystemGestures, source=FRAME, flags=[]}
06-03 10:15:03.888 V/WindowManager( 1375):         InsetsFrameProvider: {id=#52340004, index=0, type=systemGestures, source=DISPLAY, flags=[], insetsSize=Insets{left=0, top=0, right=0, bottom=0}, mMinimalInsetsSizeInDisplayCutoutSafe=Insets{left=0, top=0, right=0, bottom=0}}
06-03 10:15:03.888 V/WindowManager( 1375):         InsetsFrameProvider: {id=#52340024, index=1, type=systemGestures, source=DISPLAY, flags=[], insetsSize=Insets{left=0, top=0, right=0, bottom=0}, mMinimalInsetsSizeInDisplayCutoutSafe=Insets{left=0, top=0, right=0, bottom=0}} naviIconColor=0} naviIconColor=0}
06-03 10:15:03.890 E/PQ_HDR  (  803): DpAsyncBlitStream:: thie platform unsupport compress format
06-03 10:15:03.890 D/BLASTBufferQueue(18102): [ViewRootImpl@8930288[InternalGoogleAppActivityEntrypoint]#1](f:0,a:0) onFrameAvailable the first frame is available
06-03 10:15:03.891 D/BLASTBufferQueue(18102): [ViewRootImpl@8930288[InternalGoogleAppActivityEntrypoint]#1](f:0,a:1) acquireNextBufferLocked size=1080x2340 mFrameNumber=1 applyTransaction=true mTimestamp=44396369399799(auto) mPendingTransactions.size=0 graphicBufferId=77747497992231 transform=0
06-03 10:15:03.891 I/ViewRootImpl@8930288[InternalGoogleAppActivityEntrypoint](18102): Received frameCommittedCallback lastAttemptedDrawFrameNum=1 didProduceBuffer=true
06-03 10:15:03.893 D/OpenGLRenderer(18102): CFMS:: SetUp Pid : 18102    Tid : 8753
06-03 10:15:03.893 I/ViewRootImpl@8930288[InternalGoogleAppActivityEntrypoint](18102): reportDrawFinished seqId=0
06-03 10:15:03.894 D/WindowManager( 1375): finishDrawingWindow: Window{fc01d3e u0 com.google.android.googlequicksearchbox/com.google.android.googlequicksearchbox.InternalGoogleAppActivityEntrypoint} mDrawState=DRAW_PENDING seqId=0
06-03 10:15:03.895 I/InsetsSourceConsumer(18102): applyRequestedVisibilityToControl: visible=true, type=navigationBars, host=com.google.android.googlequicksearchbox/com.google.android.googlequicksearchbox.InternalGoogleAppActivityEntrypoint
06-03 10:15:03.895 I/InsetsSourceConsumer(18102): applyRequestedVisibilityToControl: visible=true, type=statusBars, host=com.google.android.googlequicksearchbox/com.google.android.googlequicksearchbox.InternalGoogleAppActivityEntrypoint
06-03 10:15:03.895 I/ViewRootImpl@c33b44f[LauncherActivity]( 2557): mWNT: t=0xb4000070e5d24a80 mBlastBufferQueue=0xb4000070cc84d000 fn= 733 mRenderHdrSdrRatio=1.0 caller= com.android.systemui.shared.launcher.ViewRootImplCompat.mergeWithNextTransaction:4 com.honeyspace.transition.utils.SurfaceTransactionApplier.scheduleApply$lambda$1:26 com.honeyspace.transition.utils.SurfaceTransactionApplier.c:0 
06-03 10:15:03.898 I/BufferQueueProducer(  846): [NavigationBar0$_2053#88](this:0xb400006f3ab06ba0,id:-1,api:0,p:-1,c:846) queueBuffer: fps=14.58 dur=1166.01 max=988.75 min=10.96
06-03 10:15:03.898 I/HoneySpace.AppWidgetLaunchAnimationDelegate( 2557): previewAlpha : 1.0, current rect : RectF(0.10614014, 2.5563965, 1079.8999, 2338.054)
06-03 10:15:03.900 I/etir    (18102): (REDACTED) AppFlow %s is about to be transmitted
06-03 10:15:03.901 I/etlq    (18102): (REDACTED) %s TNG App is logging Clearcut event named %s with the %s account state (zwieback available: %b) and %s source
06-03 10:15:03.901 E/PQ_HDR  (  803): DpAsyncBlitStream:: thie platform unsupport compress format
06-03 10:15:03.906 V/WindowManager( 1375): Finish starting ActivityRecord{4ea1f36 u0 com.google.android.googlequicksearchbox/.InternalGoogleAppActivityEntrypoint t163}: first real window is shown, no animation
06-03 10:15:03.910 D/CompatibilityChangeReporter(18102): Compat change id reported: 193247900; UID 10219; state: ENABLED
06-03 10:15:03.911 E/PQ_HDR  (  803): DpAsyncBlitStream:: thie platform unsupport compress format
06-03 10:15:03.918 V/WindowManager( 1375): Schedule remove starting ActivityRecord{4ea1f36 u0 com.google.android.googlequicksearchbox/.InternalGoogleAppActivityEntrypoint t163} startingWindow=Window{b9717a u0 Splash Screen com.google.android.googlequicksearchbox} animate=true Callers=com.android.server.wm.ActivityRecord.removeStartingWindow:3460 com.android.server.wm.ActivityRecord.onFirstWindowDrawn:7893 com.android.server.wm.WindowState.performShowLocked:5333 com.android.server.wm.WindowStateAnimator.commitFinishDrawingLocked:280 com.android.server.wm.DisplayContent.lambda$new$8:1294 
06-03 10:15:03.934 D/TaskOrganizerController( 1375): applyStartingWindowAnimation, window=Window{fc01d3e u0 com.google.android.googlequicksearchbox/com.google.android.googlequicksearchbox.InternalGoogleAppActivityEntrypoint}, caller=com.android.server.wm.TaskOrganizerController.removeStartingWindow:780 com.android.server.wm.StartingSurfaceController$StartingSurface.remove:292 com.android.server.wm.ActivityRecord.removeStartingWindowAnimation:3540 
06-03 10:15:03.935 I/WindowManager( 1375): Reparenting to leash, surface=Surface(name=fc01d3e com.google.android.googlequicksearchbox/com.google.android.googlequicksearchbox.InternalGoogleAppActivityEntrypoint)/@0xe477369, leashParent=Surface(name=ActivityRecord{4ea1f36 u0 com.google.android.googlequicksearchbox/.InternalGoogleAppActivityEntrypoint t163})/@0x1112d2a
06-03 10:15:03.935 E/BufferQueueDebug(  846): [Surface(name=fc01d3e com.google.android.googlequicksearchbox/com.google.android.googlequicksearchbox.InternalGoogleAppActivityEntrypoint)/@0xe477369 - animation-leash of starting_reveal#2264](this:0xb400006f3ab40ba0,id:-1,api:0,p:-1,c:-1) id info cannot be read from 'Surface(name=fc01d3e com.google.android.googlequicksearchbox/com.google.android.googlequicksearchbox.InternalGoogleAppActivityEntrypoint)/@0xe477369 - animation-leash of starting_reveal#2264'
06-03 10:15:03.938 I/BufferQueueDebug(  846): [Surface(name=fc01d3e com.google.android.googlequicksearchbox/com.google.android.googlequicksearchbox.InternalGoogleAppActivityEntrypoint)/@0xe477369 - animation-leash of starting_reveal#2264](this:0xb400006f3ab40ba0,id:-1,api:0,p:-1,c:-1) BufferQueue core=(846:/system/bin/surfaceflinger)
06-03 10:15:03.943 I/SurfaceFlinger(  846): id=2264 createSurf, flag=24000, Surface(name=fc01d3e com.google.android.googlequicksearchbox/com.google.android.googlequicksearchbox.InternalGoogleAppActivityEntrypoint)/@0xe477369 - animation-leash of starting_reveal#2264
06-03 10:15:03.945 D/WindowManager( 1375): makeSurface duration=10 leash=Surface(name=Surface(name=fc01d3e com.google.android.googlequicksearchbox/com.google.android.googlequicksearchbox.InternalGoogleAppActivityEntrypoint)/@0xe477369 - animation-leash of starting_reveal)/@0x5cc51ee
06-03 10:15:03.949 D/ShellTaskOrganizer( 2053): removeStartingWindow, removalInfo=StartingWindowRemovalInfo{taskId=163 frame=Rect(0, 0 - 1080, 2340) playRevealAnimation=true roundedCornerRadius=0.0 deferRemoveForImeMode=0 windowlessSurface=false removeImmediately=false}
06-03 10:15:03.952 W/FA      (18102): Failed to retrieve Firebase Instance Id
06-03 10:15:03.952 V/WindowManager( 1375): performShowLocked: mDrawState=HAS_DRAWN in Window{fc01d3e u0 com.google.android.googlequicksearchbox/com.google.android.googlequicksearchbox.InternalGoogleAppActivityEntrypoint}
06-03 10:15:03.953 D/BoundBrokerSvc( 5055): onBind: Intent { act=com.google.android.gms.feedback.internal.IFeedbackService dat=chimera-action:/... cmp=com.google.android.gms/.chimera.GmsBoundBrokerService }
06-03 10:15:03.953 D/BoundBrokerSvc( 5055): Loading bound service for intent: Intent { act=com.google.android.gms.feedback.internal.IFeedbackService dat=chimera-action:/... cmp=com.google.android.gms/.chimera.GmsBoundBrokerService }
06-03 10:15:03.953 I/BufferQueueProducer(  846): [StatusBar$_2053#89](this:0xb400006f3ab23ba0,id:-1,api:0,p:-1,c:846) queueBuffer: fps=8.57 dur=1399.57 max=1265.87 min=11.02
06-03 10:15:03.955 D/SurfaceFlinger(  846): GPIS:: requestGPISForClientComposition
06-03 10:15:03.956 E/PQ_HDR  (  803): DpAsyncBlitStream:: thie platform unsupport compress format
06-03 10:15:03.964 I/Layer   (  846): Layer [com.google.android.googlequicksearchbox/com.google.android.googlequicksearchbox.InternalGoogleAppActivityEntrypoint$_18102#2259] hidden!! flag(0)
06-03 10:15:03.968 E/PQ_HDR  (  803): DpAsyncBlitStream:: thie platform unsupport compress format
06-03 10:15:03.968 E/PQ_HDR  (  803): DpAsyncBlitStream:: thie platform unsupport compress format
06-03 10:15:03.970 D/InputDispatcher( 1375): Focus entered window (0): fc01d3e com.google.android.googlequicksearchbox/com.google.android.googlequicksearchbox.InternalGoogleAppActivityEntrypoint
06-03 10:15:03.971 I/ViewRootImpl@83a39cc[googlequicksearchbox]( 2053): mWNT: t=0xb4000070d549eb80 mBlastBufferQueue=0xb4000070d63caa80 fn= 2 mRenderHdrSdrRatio=1.0 caller= android.view.SyncRtSurfaceTransactionApplier.applyTransaction:96 android.view.SyncRtSurfaceTransactionApplier.lambda$scheduleApply$0:69 android.view.SyncRtSurfaceTransactionApplier.$r8$lambda$SgowXC58rj3PR958kHUfRgLZmvE:0 
06-03 10:15:03.971 I/ViewRootImpl@83a39cc[googlequicksearchbox]( 2053): mWNT: t=0xb4000070d54eb300 mBlastBufferQueue=0xb4000070d63caa80 fn= 2 mRenderHdrSdrRatio=1.0 caller= android.view.SyncRtSurfaceTransactionApplier.applyTransaction:96 android.view.SyncRtSurfaceTransactionApplier.lambda$scheduleApply$0:69 android.view.SyncRtSurfaceTransactionApplier.$r8$lambda$SgowXC58rj3PR958kHUfRgLZmvE:0 
06-03 10:15:03.972 I/HoneySpace.HomescreenPot( 2557): playContentAnimator end, skip alpha: false
06-03 10:15:03.972 I/HoneySpace.HoneyScreenManagerImpl( 2557): transitionAnimator is ended, onCancel: false
06-03 10:15:03.972 I/HoneySpace.ContentsAnimator( 2557): ContentsAnimator end
06-03 10:15:03.972 I/HoneySpace.WallpaperAnimator( 2557): wallpaper animation end
06-03 10:15:03.972 I/HoneySpace.AppWidgetLaunchAnimationDelegate( 2557): previewAlpha : 1.0, current rect : RectF(0.0, 0.0, 1080.0, 2340.0)
06-03 10:15:03.972 I/HoneySpace.FloatingWidgetView( 2557): end fwv anim - f.e@f3b6473
