06-03 10:15:02.861 I/clgj    (18102): (REDACTED) Tracking batch for content id %s and stream %s
06-03 10:15:02.861 I/clgj    (18102): (REDACTED) Tracking batch for content id %s and stream %s
06-03 10:15:02.862 I/clgj    (18102): (REDACTED) Tracking batch for content id %s and stream %s
06-03 10:15:02.862 I/clgj    (18102): (REDACTED) Tracking batch for content id %s and stream %s
06-03 10:15:02.866 W/ComponentTree(18102): Main Thread Layout state is not found
06-03 10:15:02.920 I/BufferQueueProducer(  846): [(2-2)-Window{d2e1de2 alpha=1.0 fl=}$_18102#2244](this:0xb400006f3aa30ba0,id:-1,api:0,p:-1,c:846) queueBuffer: fps=73.10 dur=1121.76 max=132.92 min=10.70
06-03 10:15:02.951 I/ckym    (18102): Got message
06-03 10:15:02.952 I/ckze    (18102): Handling actions ack
06-03 10:15:02.954 I/ckzs    (18102): decrementConnectionUsage
06-03 10:15:02.957 I/hwcomposer(  803): [HWC] (0)fire a callback of refresh to SF[4]  
06-03 10:15:02.972 I/BufferQueueProducer(  846): [FramebufferSurface](this:0xb400006f652856d0,id:-1,api:1,p:846,c:846) queueBuffer: fps=0.97 dur=3080.56 max=2725.75 min=155.48
06-03 10:15:03.005 I/ckym    (18102): Got message
06-03 10:15:03.013 I/ckwa    (18102): (REDACTED) loading data on surface %s.
06-03 10:15:03.018 W/clne    (18102): (REDACTED) Found multiple roots: %s
06-03 10:15:03.018 W/clne    (18102): (REDACTED) Found multiple roots: %s
06-03 10:15:03.018 W/clne    (18102): (REDACTED) Found multiple roots: %s
06-03 10:15:03.018 W/clne    (18102): (REDACTED) Found multiple roots: %s
06-03 10:15:03.027 I/clnd    (18102): (REDACTED) Created StreamSubTree successfully, items %s
06-03 10:15:03.027 I/ckwa    (18102): (REDACTED) RenderableStreamDataSource#loadData - sessionStatus(%s)
06-03 10:15:03.030 I/ckwa    (18102): RenderableStreamDataSource#loadData - cacheHit
06-03 10:15:03.032 I/ckwa    (18102): (REDACTED) RenderableStreamDataSource#loadData - succeed, cache status: %s
06-03 10:15:03.046 I/EPDG -- SIM0 [SMARTCELLULAR]( 1993): onSignalStrengthsChanged: SignalStrength:{mCdma=Invalid,mGsm=Invalid,mWcdma=Invalid,mTdscdma=Invalid,mLte=CellSignalStrengthLte: rssi=-109 rsrp=-108 rsrq=-10 rssnr=10 cqiTableIndex=2 cqi=2147483647 ta=2147483647 level=3 parametersUseForLevel=0,mNr=Invalid,SignalBarInfo{ lteLevel=3 },rat=14,primary=CellSignalStrengthLte}
06-03 10:15:03.046 I/EPDG -- SIM0 [SMARTCELLULAR]( 1993): lastLteRSRP is -108 currentLteRSRP is -108 lastLteRSRQ is -9 currentLteRSRQ is -10 lastLteSNR is 11 currentLteSNR is 10
06-03 10:15:03.046 I/etir    (18102): (REDACTED) AppFlow %s is about to be transmitted
06-03 10:15:03.047 D/Telephony: SamsungWfcCapabilityNotificationMgr( 1842): onSignalStrengthsChanged: level=3
06-03 10:15:03.047 D/Telephony: SamsungWfcCapabilityNotificationMgr( 1842): onSignalStrengthsChanged: mRsrp=-108
06-03 10:15:03.048 D/StatusBarIconController( 2053): ignoring old pipeline callbacks, because the new mobile icons are enabled
06-03 10:15:03.048 I/etlq    (18102): (REDACTED) %s TNG App is logging Clearcut event named %s with the %s account state (zwieback available: %b) and %s source
06-03 10:15:03.055 E/earchbox:search(18102): Invalid resource ID 0x00000012.
06-03 10:15:03.055 I/Telephony: SamsungWifiCallRepositoryImpl( 1842): getInt() wifi_call_enable : 0 , phoneId0
06-03 10:15:03.055 W/ConstraintSet(18102): id unknown UNKNOWN
06-03 10:15:03.057 E/earchbox:search(18102): Invalid resource ID 0x00000012.
06-03 10:15:03.057 W/ConstraintSet(18102): id unknown UNKNOWN
06-03 10:15:03.057 E/earchbox:search(18102): Invalid resource ID 0x00000014.
06-03 10:15:03.057 W/ConstraintSet(18102): id unknown UNKNOWN
06-03 10:15:03.057 I/Telephony: SamsungWifiCallRepositoryImpl( 1842): isWifiCallEnabled [ 0] : 0
06-03 10:15:03.058 I/Telephony: SamsungWifiCallRepositoryImpl( 1842): getWfcCapaNotiCount count :0
06-03 10:15:03.058 I/InputMethodService( 5933): removeImeSurface
06-03 10:15:03.058 I/InputMethodService( 5933): cancelImeSurfaceRemoval: removeCallbacks
06-03 10:15:03.058 I/Telephony: SamsungWifiCallRepositoryImpl( 1842): isWifiCallMenuEnabled: true
06-03 10:15:03.058 D/Telephony: SamsungWfcCapabilityNotificationMgr( 1842): updateWFCCapabilityNotification: tryCount=0 isWiFiCallEnable=false isWifiConnected=true isWifiCallMenuEnabled=true
06-03 10:15:03.058 D/Telephony: SamsungWfcCapabilityNotificationMgr( 1842): updateWFCCapabilityNotification: canShowWfcCapableNotification=true shouldShowWfcCapableNotification=false isShowingNotification=true rsrp=-108
06-03 10:15:03.073 D/power@timer(  816): [mtkPowerTimer] visRead:0
06-03 10:15:03.113 D/skia    (18102): onGetGainmapInfo: false.
06-03 10:15:03.150 D/skia    (18102): SkJpegCodec::onGetPixels + (626, 490)
06-03 10:15:03.158 D/skia    (18102): SkJpegCodec::onGetPixels -
06-03 10:15:03.167 D/skia    (18102): onGetGainmapInfo: false.
06-03 10:15:03.353 D/InputReader( 1375): Btn_touch(6): value=1 when=44395.831364
06-03 10:15:03.353 I/InputReader( 1375): Touch event's action is 0x0 (id=5, t=0) [pCnt=1, s=0.2557 ] when=44395.831364
06-03 10:15:03.354 I/InputDispatcher( 1375): Delivering touch to (2053): action: 0x4, f=0x0, d=0, '255b007', t=1 
06-03 10:15:03.355 I/InputDispatcher( 1375): Delivering touch to (18102): action: 0x4, f=0x0, d=0, '76ff518', t=1 
06-03 10:15:03.355 I/InputDispatcher( 1375): Delivering touch to (2557): action: 0x0, f=0x0, d=0, '4362d2a', t=1 
06-03 10:15:03.355 I/ViewRootImpl@c33b44f[LauncherActivity]( 2557): ViewPostIme pointer 0
06-03 10:15:03.355 I/HoneySpace.QuickOptionUtil( 2557): QuickOption Touch_Event state = -1, eventY = 1356.0, eventX =396.0 window Bounds = 2205 containerTouch = null
06-03 10:15:03.355 I/HoneySpace.QuickOptionUtil( 2557): resetDrag
06-03 10:15:03.355 I/HoneySpace.HomeView( 2557): findControllerToHandleTouch ev = 0
06-03 10:15:03.355 I/HoneySpace.StatusBarTouchController( 2557): canInterceptTouch showNotificationPanel : true systemUiProxy.isActive() = true honeyScreenManager.currentHoneyScreen : HOME honeyScreen.currentHoneyState : com.honeyspace.sdk.HomeScreen$Normal@35e56f8 isChildScrolling.invoke() : false
06-03 10:15:03.355 I/HoneySpace.StatusBarTouchController( 2557): canInterceptTouch showNotificationPanel : true systemUiProxy.isActive() = true honeyScreenManager.currentHoneyScreen : HOME honeyScreen.currentHoneyState : com.honeyspace.sdk.HomeScreen$Normal@35e56f8 isChildScrolling.invoke() : false
06-03 10:15:03.356 I/HoneySpace.FinderTouchController( 2557): onControllerInterceptTouchEvent :: canInterceptTouch() = false, QuickOptionUtil.isShowQuickOption() : false QuickOptionUtil.isDragging : false
06-03 10:15:03.356 D/PowerManagerService( 1375): [api] userActivityFromNative : touch displayId=0 eventTime=44395831
06-03 10:15:03.356 I/HoneySpace.PageEditTouchController( 2557): onControllerInterceptTouchEvent, isInProgress = false
06-03 10:15:03.356 I/HoneySpace.WorkspaceFastRecyclerView( 2557): dispatchTouchEvent() event.action=0
06-03 10:15:03.356 I/GestureDetector( 1375): obtain mCurrentDownEvent. id: 1015641259 caller: com.android.server.wm.SystemGesturesPointerEventListener.onPointerEvent:204 com.android.server.wm.PointerEventDispatcher.onInputEvent:53 android.view.InputEventReceiver.dispatchInputEvent:337 
06-03 10:15:03.356 I/GestureDetector( 1375): obtain mCurrentDownEvent. id: 1015641259 caller: com.android.server.wm.SystemPerformancePointerEventListener.onPointerEvent:89 com.android.server.wm.PointerEventDispatcher.onInputEvent:53 android.view.InputEventReceiver.dispatchInputEvent:337 
06-03 10:15:03.358 I/SemDvfsHyPerManager( 3557): acquire hyper - TATouchBoost/3557@20, type = 1090523139
06-03 10:15:03.358 I/HYPER-HAL(  809): [RequestManager.cpp]acquire(): Acquired ID : 6399273  [3557 / 20]    HINT :      list : [TABoost / 40] [TIMEOUT / 1500] 
06-03 10:15:03.358 I/GestureDetector( 1375): obtain mCurrentMotionEventRaw. action: 2 id: 287118747
06-03 10:15:03.359 I/GestureDetector( 1375): obtain mCurrentMotionEventRaw. action: 2 id: 287118747
06-03 10:15:03.365 I/HoneySpace.HomeView( 2557): findControllerToHandleTouch ev = 2
06-03 10:15:03.365 I/HoneySpace.StatusBarTouchController( 2557): canInterceptTouch showNotificationPanel : true systemUiProxy.isActive() = true honeyScreenManager.currentHoneyScreen : HOME honeyScreen.currentHoneyState : com.honeyspace.sdk.HomeScreen$Normal@35e56f8 isChildScrolling.invoke() : false
06-03 10:15:03.365 I/HoneySpace.FinderTouchController( 2557): onControllerInterceptTouchEvent :: canInterceptTouch() = false, QuickOptionUtil.isShowQuickOption() : false QuickOptionUtil.isDragging : false
06-03 10:15:03.365 I/HoneySpace.PageEditTouchController( 2557): onControllerInterceptTouchEvent, isInProgress = false
06-03 10:15:03.376 I/HoneySpace.HomeView( 2557): findControllerToHandleTouch ev = 2
06-03 10:15:03.376 I/HoneySpace.StatusBarTouchController( 2557): canInterceptTouch showNotificationPanel : true systemUiProxy.isActive() = true honeyScreenManager.currentHoneyScreen : HOME honeyScreen.currentHoneyState : com.honeyspace.sdk.HomeScreen$Normal@35e56f8 isChildScrolling.invoke() : false
06-03 10:15:03.376 I/HoneySpace.FinderTouchController( 2557): onControllerInterceptTouchEvent :: canInterceptTouch() = false, QuickOptionUtil.isShowQuickOption() : false QuickOptionUtil.isDragging : false
06-03 10:15:03.376 I/HoneySpace.PageEditTouchController( 2557): onControllerInterceptTouchEvent, isInProgress = false
06-03 10:15:03.387 I/HoneySpace.HomeView( 2557): findControllerToHandleTouch ev = 2
06-03 10:15:03.387 I/HoneySpace.StatusBarTouchController( 2557): canInterceptTouch showNotificationPanel : true systemUiProxy.isActive() = true honeyScreenManager.currentHoneyScreen : HOME honeyScreen.currentHoneyState : com.honeyspace.sdk.HomeScreen$Normal@35e56f8 isChildScrolling.invoke() : false
06-03 10:15:03.387 I/HoneySpace.FinderTouchController( 2557): onControllerInterceptTouchEvent :: canInterceptTouch() = false, QuickOptionUtil.isShowQuickOption() : false QuickOptionUtil.isDragging : false
06-03 10:15:03.387 I/HoneySpace.PageEditTouchController( 2557): onControllerInterceptTouchEvent, isInProgress = false
06-03 10:15:03.399 I/HoneySpace.HomeView( 2557): findControllerToHandleTouch ev = 2
06-03 10:15:03.399 I/HoneySpace.StatusBarTouchController( 2557): canInterceptTouch showNotificationPanel : true systemUiProxy.isActive() = true honeyScreenManager.currentHoneyScreen : HOME honeyScreen.currentHoneyState : com.honeyspace.sdk.HomeScreen$Normal@35e56f8 isChildScrolling.invoke() : false
06-03 10:15:03.399 I/HoneySpace.FinderTouchController( 2557): onControllerInterceptTouchEvent :: canInterceptTouch() = false, QuickOptionUtil.isShowQuickOption() : false QuickOptionUtil.isDragging : false
06-03 10:15:03.399 I/HoneySpace.PageEditTouchController( 2557): onControllerInterceptTouchEvent, isInProgress = false
06-03 10:15:03.409 I/HoneySpace.HomeView( 2557): findControllerToHandleTouch ev = 2
06-03 10:15:03.409 I/HoneySpace.StatusBarTouchController( 2557): canInterceptTouch showNotificationPanel : true systemUiProxy.isActive() = true honeyScreenManager.currentHoneyScreen : HOME honeyScreen.currentHoneyState : com.honeyspace.sdk.HomeScreen$Normal@35e56f8 isChildScrolling.invoke() : false
06-03 10:15:03.409 I/HoneySpace.FinderTouchController( 2557): onControllerInterceptTouchEvent :: canInterceptTouch() = false, QuickOptionUtil.isShowQuickOption() : false QuickOptionUtil.isDragging : false
06-03 10:15:03.409 I/HoneySpace.PageEditTouchController( 2557): onControllerInterceptTouchEvent, isInProgress = false
06-03 10:15:03.412 D/ProfileInstaller( 8693): Installing profile for com.google.android.gsf
06-03 10:15:03.414 D/InputReader( 1375): Btn_touch(6): value=0 when=44395.892614
06-03 10:15:03.414 I/InputReader( 1375): Touch event's action is 0x1 (id=5, t=0) [pCnt=1, s=] when=44395.892614
06-03 10:15:03.414 I/InputDispatcher( 1375): Delivering touch to (2557): action: 0x1, f=0x0, d=0, '4362d2a', t=1 
06-03 10:15:03.414 I/ViewRootImpl@c33b44f[LauncherActivity]( 2557): ViewPostIme pointer 1
06-03 10:15:03.414 I/HoneySpace.HomeView( 2557): findControllerToHandleTouch ev = 1
06-03 10:15:03.414 I/HoneySpace.StatusBarTouchController( 2557): canInterceptTouch showNotificationPanel : true systemUiProxy.isActive() = true honeyScreenManager.currentHoneyScreen : HOME honeyScreen.currentHoneyState : com.honeyspace.sdk.HomeScreen$Normal@35e56f8 isChildScrolling.invoke() : false
06-03 10:15:03.414 I/HoneySpace.FinderTouchController( 2557): onControllerInterceptTouchEvent :: canInterceptTouch() = false, QuickOptionUtil.isShowQuickOption() : false QuickOptionUtil.isDragging : false
06-03 10:15:03.414 I/HoneySpace.PageEditTouchController( 2557): onControllerInterceptTouchEvent, isInProgress = false
06-03 10:15:03.415 I/HoneySpace.HoneyAppWidgetHostView( 2557): touch up, widgetId : 3
06-03 10:15:03.419 I/HoneySpace.SALoggingUtils( 2557): SA Logging screenID: 101 eventId: 1003 detail: {det=1} value: -1
06-03 10:15:03.423 I/HoneySpace.WidgetInteractionImpl( 2557): [findHostViewAncestor] - com.honeyspace.ui.common.widget.HoneyAppWidgetHostView{6a2bcd0 VFE....L. R....... 0,981-1007,1308}
06-03 10:15:03.426 I/HoneySpace.WidgetInteractionImpl( 2557): [getActivityLaunchOptions] hostView-com.honeyspace.ui.common.widget.HoneyAppWidgetHostView{6a2bcd0 VFE....L. R....... 0,981-1007,1308}, cookieId-2
06-03 10:15:03.432 D/SurfaceFlinger(  846): GPIS:: requestGPISForClientComposition
06-03 10:15:03.433 I/HoneySpace.ShellTransitionManager( 2557): open start
06-03 10:15:03.438 I/HoneySpace.WidgetInteractionImpl( 2557): [getLaunchCookie] cookie-2, hostView-com.honeyspace.ui.common.widget.HoneyAppWidgetHostView{6a2bcd0 VFE....L. R....... 0,981-1007,1308}
06-03 10:15:03.440 I/HoneySpace.Launcher( 2557): startIntentSenderForResult request : -1
06-03 10:15:03.441 I/exld    ( 1815): (REDACTED) appOpsListener %s %s
06-03 10:15:03.448 I/ChimeraSystemEventListener( 1375): appLaunchIntent package name is: com.google.android.googlequicksearchbox
06-03 10:15:03.449 I/exkx    ( 1815): (REDACTED) #onConfigUpdate. requester: %s
06-03 10:15:03.454 D/CompatibilityChangeReporter( 1375): Compat change id reported: 265464455; UID 10219; state: DISABLED
06-03 10:15:03.454 D/CompatibilityChangeReporter( 1375): Compat change id reported: 265452344; UID 10219; state: DISABLED
06-03 10:15:03.455 D/CompatibilityChangeReporter( 1375): Compat change id reported: 266124927; UID 10219; state: DISABLED
06-03 10:15:03.455 D/CompatibilityChangeReporter( 1375): Compat change id reported: 265451093; UID 10219; state: DISABLED
06-03 10:15:03.455 D/CompatibilityChangeReporter( 1375): Compat change id reported: 265456536; UID 10219; state: DISABLED
06-03 10:15:03.455 D/CompatibilityChangeReporter( 1375): Compat change id reported: 255940284; UID 10219; state: DISABLED
06-03 10:15:03.455 D/CompatibilityChangeReporter( 1375): Compat change id reported: 236283604; UID 10219; state: DISABLED
06-03 10:15:03.455 D/CompatibilityChangeReporter( 1375): Compat change id reported: 263959004; UID 10219; state: DISABLED
06-03 10:15:03.456 D/CompatibilityChangeReporter( 1375): Compat change id reported: 264304459; UID 10219; state: DISABLED
06-03 10:15:03.456 D/CompatibilityChangeReporter( 1375): Compat change id reported: 264301586; UID 10219; state: DISABLED
06-03 10:15:03.456 D/CompatibilityChangeReporter( 1375): Compat change id reported: 254631730; UID 10219; state: DISABLED
06-03 10:15:03.456 D/CompatibilityChangeReporter( 1375): Compat change id reported: 273509367; UID 10219; state: DISABLED
06-03 10:15:03.456 D/CompatibilityChangeReporter( 1375): Compat change id reported: 263259275; UID 10219; state: DISABLED
06-03 10:15:03.456 D/CompatibilityChangeReporter( 1375): Compat change id reported: 174042980; UID 10219; state: DISABLED
06-03 10:15:03.456 D/CompatibilityChangeReporter( 1375): Compat change id reported: 174042936; UID 10219; state: DISABLED
06-03 10:15:03.456 D/CompatibilityChangeReporter( 1375): Compat change id reported: 181136395; UID 10219; state: DISABLED
06-03 10:15:03.458 I/exkx    ( 1815): #onConfigUpdate inside sequencer
06-03 10:15:03.460 D/CompatibilityChangeReporter( 1375): Compat change id reported: 194480991; UID 10219; state: ENABLED
06-03 10:15:03.462 I/exkx    ( 1815): (REDACTED) getAllConfigAndTakeAction called because of %s
06-03 10:15:03.463 D/WindowManager( 1375): Transition is created, t=TransitionRecord{98288d1 id=-1 type=OPEN flags=0x0}, caller=com.android.server.wm.TransitionController.createAndStartCollecting:1765 com.android.server.wm.ActivityStarter.startActivityUnchecked:2357 com.android.server.wm.ActivityStarter.executeRequest:1950 com.android.server.wm.ActivityStarter.execute:1090 com.android.server.wm.ActivityStartController.startActivityInPackage:451 
06-03 10:15:03.464 D/WindowManager( 1375): SyncGroup is created, id=126, name=Transition, caller=com.android.server.wm.BLASTSyncEngine$SyncGroup.<init>:0 com.android.server.wm.BLASTSyncEngine.prepareSyncSet:513 com.android.server.wm.BLASTSyncEngine.startSyncSet:518 com.android.server.wm.Transition.startCollecting:710 com.android.server.wm.TransitionController.moveToCollecting:360 com.android.server.wm.TransitionController.createAndStartCollecting:1766 com.android.server.wm.ActivityStarter.startActivityUnchecked:2357 
06-03 10:15:03.464 W/WindowManager( 1375): setSyncMethod, id=126, method=0, caller=com.android.server.wm.Transition.startCollecting:712 com.android.server.wm.TransitionController.moveToCollecting:360 com.android.server.wm.TransitionController.createAndStartCollecting:1766 
06-03 10:15:03.464 I/exlz    ( 1815): (REDACTED) Operational mode passed in HotwordConfig is %s
06-03 10:15:03.465 V/WindowManager( 1375): Start collecting in Transition: TransitionRecord{98288d1 id=126 type=OPEN flags=0x0}, caller=com.android.server.wm.TransitionController.createAndStartCollecting:1766 com.android.server.wm.ActivityStarter.startActivityUnchecked:2357 com.android.server.wm.ActivityStarter.executeRequest:1950 com.android.server.wm.ActivityStarter.execute:1090 com.android.server.wm.ActivityStartController.startActivityInPackage:451 
06-03 10:15:03.465 V/WindowManager( 1375): Collecting in transition 126: ActivityRecord{4ea1f36 u0 com.google.android.googlequicksearchbox/.InternalGoogleAppActivityEntrypoint, caller=com.android.server.wm.Transition.collect:759 com.android.server.wm.TransitionController.collect:935 com.android.server.wm.ActivityStarter.startActivityUnchecked:2361 com.android.server.wm.ActivityStarter.executeRequest:1950 com.android.server.wm.ActivityStarter.execute:1090 
06-03 10:15:03.465 D/ActivityTaskManager( 1375): TaskLaunchParamsModifier:task=null activity=ActivityRecord{4ea1f36 u0 com.google.android.googlequicksearchbox/.InternalGoogleAppActivityEntrypoint t-1} display-from-option=0 display-id=0 task-display-area-windowing-mode=1 suggested-display-area=DefaultTaskDisplayArea_d0@91676449
06-03 10:15:03.467 D/ActivityTaskManager( 1375): TaskLaunchParamsModifier:task=null activity=ActivityRecord{4ea1f36 u0 com.google.android.googlequicksearchbox/.InternalGoogleAppActivityEntrypoint t-1} display-from-option=0 display-id=0 task-display-area-windowing-mode=1 suggested-display-area=DefaultTaskDisplayArea_d0@91676449 inherit-from-source=fullscreen non-freeform-task-display-area display-area=DefaultTaskDisplayArea_d0@91676449 default-portrait freeform-size-mismatch=Rect(81, 557 - 999, 1727)
06-03 10:15:03.469 I/SemDvfsHyPerManager( 1375): acquire hyper - AMS_APP_SWITCH/1375@18, type = -999
06-03 10:15:03.470 I/HYPER-HAL(  809): [RequestManager.cpp]acquire(): Acquired ID : 970939  [1375 / 18]    HINT : AMS_ACT_SWITCH    list : 
06-03 10:15:03.470 E/BufferQueueDebug(  846): [Task=163#2249](this:0xb400006f3aa33ba0,id:-1,api:0,p:-1,c:-1) id info cannot be read from 'Task=163#2249'
06-03 10:15:03.471 I/BufferQueueDebug(  846): [Task=163#2249](this:0xb400006f3aa33ba0,id:-1,api:0,p:-1,c:-1) BufferQueue core=(846:/system/bin/surfaceflinger)
06-03 10:15:03.471 I/SurfaceFlinger(  846): id=2249 createSurf, flag=24004, Task=163#2249
06-03 10:15:03.471 I/mtkpower_client(  809): perf_lock_acq, hdl:0, dur:0, num:2, tid:845
06-03 10:15:03.472 W/KeyphraseEnrollmentInfo( 1815): No enrollment application supports the given keyphrase/locale: 'X Google'/en_US
06-03 10:15:03.472 I/mtkpower_client(  809): ret_hdl:2422
06-03 10:15:03.472 I/libPowerHal(  816): [perfLockAcq] idx:1 hdl:2422 hint:-1 pid:809 tid:845 duration:0 lock_user:vendor.samsung. => ret_hdl:2422
06-03 10:15:03.473 I/mtkpower_client(  809): perf_lock_acq, hdl:0, dur:0, num:2, tid:845
06-03 10:15:03.473 D/ActivityManagerPerformance( 1375): AMP_acquire() APP_SWITCH
06-03 10:15:03.473 W/KeyphraseEnrollmentInfo( 1815): No enrollment application supports the given keyphrase/locale: 'X Google'/en_US
06-03 10:15:03.474 W/KeyphraseEnrollmentInfo( 1815): No enrollment application supports the given keyphrase/locale: 'X Google'/ar_EG
06-03 10:15:03.474 W/KeyphraseEnrollmentInfo( 1815): No enrollment application supports the given keyphrase/locale: 'X Google'/en_US
06-03 10:15:03.475 I/libPowerHal(  816): [PE] vendor.samsung. update cmd:300c000, param:15
06-03 10:15:03.475 W/exnq    ( 1815): (REDACTED) #getDspEnrollmentFallbackLocale cannot find a fallback locale for %s.
06-03 10:15:03.475 W/KeyphraseEnrollmentInfo( 1815): No enrollment application supports the given keyphrase/locale: 'Ok Google'/en_US
06-03 10:15:03.475 W/KeyphraseEnrollmentInfo( 1815): No enrollment application supports the given keyphrase/locale: 'Ok Google'/ar_EG
06-03 10:15:03.476 W/KeyphraseEnrollmentInfo( 1815): No enrollment application supports the given keyphrase/locale: 'Ok Google'/en_US
06-03 10:15:03.476 I/mtkpower_client(  809): ret_hdl:2423
06-03 10:15:03.476 I/mtkpower_client(  809): perf_lock_rel, hdl:2421, tid:845
06-03 10:15:03.476 I/libPowerHal(  816): cmdSetting - unknown cmd:1c3c000, scmd:(null) ,param_1:0
06-03 10:15:03.476 I/libPowerHal(  816): [perfLockAcq] idx:2 hdl:2423 hint:-1 pid:809 tid:845 duration:0 lock_user:vendor.samsung. => ret_hdl:2423
06-03 10:15:03.476 W/exnq    ( 1815): (REDACTED) #getDspEnrollmentFallbackLocale cannot find a fallback locale for %s.
06-03 10:15:03.476 I/SemDvfsHyPerManager( 3557): acquire hyper - APP_START_SHORT/3557@14, type = -999
06-03 10:15:03.477 I/exnw    ( 1815): (REDACTED) #getDspAvailableResult locale : %s, dsp locale : %s, keyphrase : %s, DSP keyphrase : %s, isKeyphraseAndLocaleSupported : %b, canUseDownloadDspModel : %b. forceUniversalDspHotwordModel : %b
06-03 10:15:03.477 W/KeyphraseEnrollmentInfo( 1815): No enrollment application supports the given keyphrase/locale: 'Y Google'/en_US
06-03 10:15:03.478 D/ActivityTaskManager( 1375): TaskLaunchParamsModifier:task=Task{6f5ee37 #163 type=standard A=10219:com.google.android.googlequicksearchbox.googleapp} activity=ActivityRecord{4ea1f36 u0 com.google.android.googlequicksearchbox/.InternalGoogleAppActivityEntrypoint t-1} display-from-option=0 display-id=0 task-display-area-windowing-mode=1 suggested-display-area=DefaultTaskDisplayArea_d0@91676449 inherit-from-source=fullscreen non-freeform-task-display-area display-area=DefaultTaskDisplayArea_d0@91676449 default-portrait freeform-size-mismatch=Rect(81, 557 - 999, 1727)
06-03 10:15:03.478 V/WindowManager( 1375): Collecting in transition 126: Task{6f5ee37 #163 type=standard A=10219:com.google.android.googlequicksearchbox.googleapp}, caller=com.android.server.wm.Transition.collect:759 com.android.server.wm.Transition.collectExistenceChange:942 com.android.server.wm.TransitionController.collectExistenceChange:985 com.android.server.wm.ActivityStarter.setNewTask:4712 com.android.server.wm.ActivityStarter.startActivityInner:2929 
06-03 10:15:03.478 I/mtkpower_client(  809): perf_lock_acq, hdl:0, dur:0, num:2, tid:845
06-03 10:15:03.479 I/exnw    ( 1815): (REDACTED) isDspHotwordSupportedByPlatform = %s, isDspHotwordModelAvailable = %s
06-03 10:15:03.479 I/libPowerHal(  816): [perfLockRel] hdl:2421, idx:0
06-03 10:15:03.479 I/libPowerHal(  816): [setClusterFreq]  set cpu_ctrl cpufreq: -1 -1 -1 -1 
06-03 10:15:03.479 I/exkx    ( 1815): (REDACTED) getAllConfigAndTakeAction dspAvailable: %b, disableDspInTest: %b
06-03 10:15:03.480 I/libPowerHal(  816): [perfLockAcq] idx:3 hdl:2424 hint:-1 pid:809 tid:845 duration:0 lock_user:vendor.samsung. => ret_hdl:2424
06-03 10:15:03.480 I/libPowerHal(  816): [setClusterFreq] vendor.samsung. set cpufreq[0] min:2000000 max:-1 cpufreq[1] min:-1 max:-1 
06-03 10:15:03.480 I/exiy    ( 1815): (REDACTED) Voice Match (Speaker-id) supported : %b 
06-03 10:15:03.480 I/exiy    ( 1815): (REDACTED) hotword enrollment state is enrolled:  %b, speakerId model exist: %b. Voice Match supported : %b 
06-03 10:15:03.480 I/exiy    ( 1815): (REDACTED) isHotwordAvailable():  %b, isHotwordEnabled() %b , removeUsageOfHotwordEnabled: %b
06-03 10:15:03.480 I/libPowerHal(  816): [setClusterFreq]  set cpu_ctrl cpufreq: 2000000 -1 -1 -1 
06-03 10:15:03.481 I/mtkpower_client(  809): ret_hdl:2424
06-03 10:15:03.481 I/mtkpower_client(  809): perf_lock_acq, hdl:0, dur:0, num:2, tid:845
06-03 10:15:03.481 D/CompatibilityChangeReporter( 1375): Compat change id reported: 184838306; UID 10219; state: DISABLED
06-03 10:15:03.481 I/exiy    ( 1815): (REDACTED) Hotword enrollment state : %s.
06-03 10:15:03.481 D/CompatibilityChangeReporter( 1375): Compat change id reported: 185004937; UID 10219; state: DISABLED
06-03 10:15:03.481 E/BufferQueueDebug(  846): [ActivityRecord{4ea1f36 u0 com.google.android.googlequicksearchbox/.InternalGoogleAppActivityEntrypoint t163}#2250](this:0xb400006f3a532ba0,id:-1,api:0,p:-1,c:-1) id info cannot be read from 'ActivityRecord{4ea1f36 u0 com.google.android.googlequicksearchbox/.InternalGoogleAppActivityEntrypoint t163}#2250'
06-03 10:15:03.482 I/mtkpower_client(  809): ret_hdl:2425
06-03 10:15:03.482 I/libPowerHal(  816): [perfLockAcq] idx:0 hdl:2425 hint:-1 pid:809 tid:845 duration:0 lock_user:vendor.samsung. => ret_hdl:2425
06-03 10:15:03.482 I/libPowerHal(  816): [setDvfsrcDevFreqOpp] opp:0, freq:4266000000
06-03 10:15:03.482 I/HYPER-HAL(  809): [RequestManager.cpp]acquire(): Acquired ID : 6377820  [3557 / 14]    HINT : APP_START    list : [TIMEOUT / 1500] 
06-03 10:15:03.482 I/libPowerHal(  816): [PE] vendor.samsung. update cmd:1000000 param:0
06-03 10:15:03.482 I/BufferQueueDebug(  846): [ActivityRecord{4ea1f36 u0 com.google.android.googlequicksearchbox/.InternalGoogleAppActivityEntrypoint t163}#2250](this:0xb400006f3a532ba0,id:-1,api:0,p:-1,c:-1) BufferQueue core=(846:/system/bin/surfaceflinger)
06-03 10:15:03.483 I/SurfaceFlinger(  846): id=2250 createSurf, flag=84004, ActivityRecord{4ea1f36 u0 com.google.android.googlequicksearchbox/.InternalGoogleAppActivityEntrypoint t163}#2250
06-03 10:15:03.485 I/exiy    ( 1815): (REDACTED) Voice Match (Speaker-id) supported : %b 
06-03 10:15:03.486 I/exiy    ( 1815): (REDACTED) Hotword enrollment state : %s.
06-03 10:15:03.489 D/ActivityTaskManager( 1375): scheduleTopResumedActivityChanged, onTop=false, r=ActivityRecord{861ca4 u0 com.sec.android.app.launcher/.activities.LauncherActivity t144}, caller=com.android.server.wm.ActivityTaskSupervisor.updateTopResumedActivityIfNeeded:2826 com.android.server.wm.TaskDisplayArea.positionChildTaskAt:567 com.android.server.wm.TaskDisplayArea.positionChildAt:483 com.android.server.wm.Task.moveToFront:6077 com.android.server.wm.ActivityStarter.startActivityInner:2957 com.android.server.wm.ActivityStarter.startActivityUnchecked:2364 
06-03 10:15:03.490 I/mtkpower@impl(  816): [setMode] type:5, enabled:1
06-03 10:15:03.490 V/WindowManager( 1375): Checking theme of starting window: 0x7f160de0
06-03 10:15:03.490 V/WindowManager( 1375): Translucent=false Floating=false ShowWallpaper=false Disable=true
06-03 10:15:03.490 D/CompatibilityChangeReporter( 1375): Compat change id reported: 205907456; UID 10219; state: ENABLED
06-03 10:15:03.491 V/WindowManager( 1375): Creating SplashScreenStartingData
06-03 10:15:03.491 D/ActivityTaskManager( 1375): Add starting ActivityRecord{4ea1f36 u0 com.google.android.googlequicksearchbox/.InternalGoogleAppActivityEntrypoint t163}: typeParam=143 startingData=com.android.server.wm.SplashScreenStartingData@cd5e10d
06-03 10:15:03.492 V/WindowManager( 1375): Added starting ActivityRecord{4ea1f36 u0 com.google.android.googlequicksearchbox/.InternalGoogleAppActivityEntrypoint t163}: startingWindow=null startingView=com.android.server.wm.StartingSurfaceController$StartingSurface@eb0f8c2
06-03 10:15:03.495 V/WindowManager( 1375): Collecting in transition 126: ActivityRecord{4ea1f36 u0 com.google.android.googlequicksearchbox/.InternalGoogleAppActivityEntrypoint t163}, caller=com.android.server.wm.Transition.collect:759 com.android.server.wm.Transition.collectExistenceChange:942 com.android.server.wm.TransitionController.collectExistenceChange:985 com.android.server.wm.ActivityStarter.handleStartResult:2542 com.android.server.wm.ActivityStarter.startActivityUnchecked:2369 
06-03 10:15:03.495 V/WindowManager( 1375): Requesting StartTransition: TransitionRecord{98288d1 id=126 type=OPEN flags=0x0}, caller=com.android.server.wm.ActivityStarter.handleStartResult:2576 com.android.server.wm.ActivityStarter.startActivityUnchecked:2369 com.android.server.wm.ActivityStarter.executeRequest:1950 com.android.server.wm.ActivityStarter.execute:1090 com.android.server.wm.ActivityStartController.startActivityInPackage:451 
06-03 10:15:03.496 I/ActivityTaskManager( 1375): START u0 {dat=ga:/... flg=0x10008000 cmp=com.google.android.googlequicksearchbox/.InternalGoogleAppActivityEntrypoint (has extras)} with LAUNCH_SINGLE_TOP from uid 10219 (realCallingUid=10132) (BAL_ALLOW_PENDING_INTENT) result code=0
06-03 10:15:03.496 I/Pageboost( 1375): stop alp
06-03 10:15:03.496 E/pageboostd( 3212): Received HALT command code 2
06-03 10:15:03.497 V/WindowManagerShell( 2053): Transition requested: android.os.BinderProxy@1201834 TransitionRequestInfo { type = OPEN, triggerTask = TaskInfo{userId=0 taskId=163 displayId=0 isRunning=true baseIntent=Intent { dat=ga:/... flg=0x10008000 cmp=com.google.android.googlequicksearchbox/.InternalGoogleAppActivityEntrypoint } baseActivity=ComponentInfo{com.google.android.googlequicksearchbox/com.google.android.apps.search.googleapp.activity.GoogleAppActivity} topActivity=ComponentInfo{com.google.android.googlequicksearchbox/com.google.android.apps.search.googleapp.activity.GoogleAppActivity} origActivity=ComponentInfo{com.google.android.googlequicksearchbox/com.google.android.googlequicksearchbox.InternalGoogleAppActivityEntrypoint} realActivity=ComponentInfo{com.google.android.googlequicksearchbox/com.google.android.apps.search.googleapp.activity.GoogleAppActivity} numActivities=1 lastActiveTime=1213766765 supportsMultiWindow=true resizeMode=2 isResizeable=true minWidth=-1 minHeight=-1 maxWidth=-1 maxHeight=-1 defaultMinSize=220 token=WCT{android.window.IWindowContainerToken$Stub$Proxy@e42565d} topActivityType=1 pictureInPictureParams=null shouldDockBigOverlays=false launchIntoPipHostTaskId=-1 lastParentTaskIdBeforePip=-1 displayCutoutSafeInsets=Rect(0, 80 - 0, 0) topActivityInfo=ActivityInfo{17d4bd2 com.google.android.googlequicksearchbox.InternalGoogleAppActivityEntrypoint} launchCookies=[android.os.BinderProxy@5df74a3] positionInParent=Point(0, 0) parentTaskId=-1 isFocused=false isVisible=false isVisibleRequested=false isSleeping=false topActivityInSizeCompat=false topActivityEligibleForLetterboxEducation= false topActivityLetterboxed= false isFromDoubleTap= false topActivityLetterboxVerticalPosition= -1 topActivityLetterboxHorizontalPosition= -1 topActivityLetterboxWidth=-1 topActivityLetterboxHeight=-1 locusId=null displayAreaFeatureId=1 cameraCompatControlState=hidden originallySupportedMultiWindow=true hasWallpaper=false topActivityInFixedAspectRatio=false rootAffinity=10219:com.google.android.googlequicksearchbox.googleapp topActivityInDisplayCompat=false topActivityInBoundsCompat=false topActivityBounds=null singleTapFromLetterbox=false isTopTaskInStage=false topActivityUiMode=17 CoverLauncherWidgetTask=false CoverScreenTask=false isAllowedSeamlessRotation=false isTopTransparentActivity=false hasPopOver=false}, remoteTransition = RemoteTransition { remoteTransition = android.window.IRemoteTransition$Stub$Proxy@ec083a0, appThread = android.app.IApplicationThread$Stub$Proxy@dd2fb59, debugName = QuickstepLaunch }, displayChange = null }
06-03 10:15:03.497 V/WindowManagerShell( 2053): RemoteTransition directly requested for android.os.BinderProxy@1201834: RemoteTransition { remoteTransition = android.window.IRemoteTransition$Stub$Proxy@ec083a0, appThread = android.app.IApplicationThread$Stub$Proxy@dd2fb59, debugName = QuickstepLaunch }
06-03 10:15:03.498 I/SemDvfsHyPerManager( 1375): acquire hyper - AMS_APP_LAUNCH/1375@15, type = -999
06-03 10:15:03.499 I/HYPER-HAL(  809): [RequestManager.cpp]acquire(): Acquired ID : 966760  [1375 / 15]    HINT : AMS_APP_LAUNCH    list : 
06-03 10:15:03.499 D/ActivityManager( 1375): Received ACTIVITY intent 0x6664841 Key{startActivity pkg=com.google.android.googlequicksearchbox intent=dat=ga:/... flg=0x10008000 cmp=com.google.android.googlequicksearchbox/.InternalGoogleAppActivityEntrypoint flags=0x4000000 u=0} requestCode=1 res=0 from uid 10132
06-03 10:15:03.499 I/mtkpower_client(  809): perf_lock_rel, hdl:2422, tid:845
06-03 10:15:03.500 I/mtkpower_client(  809): perf_lock_acq, hdl:0, dur:0, num:2, tid:845
06-03 10:15:03.500 I/libPowerHal(  816): [perfLockRel] hdl:2422, idx:1
06-03 10:15:03.500 I/libPowerHal(  816): [PD] vendor.samsung. update cmd:300c000 param:0
06-03 10:15:03.500 V/WindowManager( 1375): Starting Transition 126, caller=com.android.server.wm.WindowOrganizerController.startTransition:384 com.android.server.wm.WindowOrganizerController.startTransition:315 android.window.IWindowOrganizerController$Stub.onTransact:257 
06-03 10:15:03.500 V/Transition( 1375):  allReady query: used=true, override=false, defer=0, states=Display{#0 state=ON size=1080x2340 ROTATION_0}:false
06-03 10:15:03.500 I/SemDvfsHyPerManager( 3557): acquire hyper - APP_START/3557@16, type = -999
06-03 10:15:03.501 I/libPowerHal(  816): [perfLockAcq] idx:1 hdl:2426 hint:-1 pid:809 tid:845 duration:0 lock_user:vendor.samsung. => ret_hdl:2426
06-03 10:15:03.501 I/mtkpower_client(  809): ret_hdl:2426
06-03 10:15:03.501 I/libPowerHal(  816): [PE] vendor.samsung. update cmd:300c000, param:15
06-03 10:15:03.501 I/mtkpower_client(  809): perf_lock_rel, hdl:2423, tid:845
06-03 10:15:03.502 I/mtkpower_client(  809): perf_lock_acq, hdl:0, dur:0, num:2, tid:845
06-03 10:15:03.502 I/libPowerHal(  816): [perfLockRel] hdl:2423, idx:2
06-03 10:15:03.502 I/libPowerHal(  816): cmdSetting - unknown cmd:1c3c000, scmd:(null) ,param_1:0
06-03 10:15:03.502 I/libPowerHal(  816): [perfLockAcq] idx:4 hdl:2427 hint:-1 pid:809 tid:845 duration:0 lock_user:vendor.samsung. => ret_hdl:2427
06-03 10:15:03.503 I/mtkpower_client(  809): ret_hdl:2427
06-03 10:15:03.503 I/mtkpower_client(  809): perf_lock_rel, hdl:2424, tid:845
06-03 10:15:03.503 I/mtkpower_client(  809): perf_lock_acq, hdl:0, dur:0, num:2, tid:845
06-03 10:15:03.503 I/libPowerHal(  816): [perfLockRel] hdl:2424, idx:3
06-03 10:15:03.503 I/libPowerHal(  816): [setClusterFreq]  set cpu_ctrl cpufreq: -1 -1 -1 -1 
06-03 10:15:03.504 I/mtkpower_client(  809): ret_hdl:2428
06-03 10:15:03.504 I/mtkpower_client(  809): perf_lock_rel, hdl:2425, tid:845
06-03 10:15:03.504 I/libPowerHal(  816): [perfLockAcq] idx:2 hdl:2428 hint:-1 pid:809 tid:845 duration:0 lock_user:vendor.samsung. => ret_hdl:2428
06-03 10:15:03.504 I/libPowerHal(  816): [setClusterFreq] vendor.samsung. set cpufreq[0] min:2000000 max:-1 cpufreq[1] min:-1 max:-1 
06-03 10:15:03.504 I/libPowerHal(  816): [setClusterFreq]  set cpu_ctrl cpufreq: 2000000 -1 -1 -1 
06-03 10:15:03.504 I/HoneySpace.BackgroundManagerImpl( 2557): capturedBlurView: pause(com.sec.android.app.launcher.Launcher@794765c, 127170140)
06-03 10:15:03.504 I/HoneySpace.Launcher( 2557): !@Boot_EBS_D: Launcher.onPause()
06-03 10:15:03.504 I/mtkpower_client(  809): perf_lock_acq, hdl:0, dur:0, num:2, tid:845
06-03 10:15:03.504 I/HoneySpace.Launcher( 2557): updateLauncherShowing true -> false
06-03 10:15:03.505 I/libPowerHal(  816): [perfLockRel] hdl:2425, idx:0
06-03 10:15:03.505 I/HoneySpace.SPayHandler( 2557): updateSpayHandler launcher activity is paused false
06-03 10:15:03.505 I/libPowerHal(  816): [PD] vendor.samsung. update cmd:1000000 param:-1
06-03 10:15:03.506 I/mtkpower_client(  809): ret_hdl:2429
06-03 10:15:03.506 I/libPowerHal(  816): [perfLockAcq] idx:3 hdl:2429 hint:-1 pid:809 tid:845 duration:0 lock_user:vendor.samsung. => ret_hdl:2429
06-03 10:15:03.506 I/libPowerHal(  816): [setDvfsrcDevFreqOpp] opp:0, freq:4266000000
06-03 10:15:03.506 I/HYPER-HAL(  809): [RequestManager.cpp]acquire(): Acquired ID : 6384967  [3557 / 16]    HINT : APP_START    list : 
06-03 10:15:03.506 I/libPowerHal(  816): [PE] vendor.samsung. update cmd:1000000 param:0
06-03 10:15:03.507 D/SGM:FgCheckThread( 1375): notePauseComponent(), received pkgName: com.sec.android.app.launcher, userId: 0
06-03 10:15:03.507 I/ftvt    (18102): (REDACTED) Created gRPC endpoint for service %s
06-03 10:15:03.509 I/exlz    ( 1815): (REDACTED) Operational mode passed in HotwordConfig is %s
06-03 10:15:03.509 I/BufferQueueProducer(  846): [com.sec.android.app.launcher/com.sec.android.app.launcher.activities.LauncherActivity$_2557#2223](this:0xb400006f3aa62ba0,id:-1,api:0,p:-1,c:846) queueBuffer: fps=28.69 dur=1010.74 max=643.92 min=10.82
06-03 10:15:03.509 I/BpBinder(  846): onLastStrongRef automatically unlinking death recipients: 
06-03 10:15:03.509 I/exiy    ( 1815): (REDACTED) Hotword enrollment state : %s.
06-03 10:15:03.510 I/CameraService( 1019): onUidStateChanged: uid=10064, procState is changed. (0 -> 1)
06-03 10:15:03.511 D/SurfaceFlinger(  846): [SF client] NEW(0xb400006f3456ab80) for (2053:com.android.systemui)
06-03 10:15:03.511 I/exlr    ( 1815): (REDACTED) DefaultPersonalDecisionMaker#getNextAction. Voice match enabled: %b. incomplete enrollment state: %b, screen on: %b, screen locked: %b dsp available: %b
06-03 10:15:03.512 I/exkx    ( 1815): No detectors created before, no need to reconfig.
06-03 10:15:03.512 I/HoneySpace.RecentTasks( 2557): onRecentTasksChanged
06-03 10:15:03.513 I/exkx    ( 1815): (REDACTED) Get the next action %s for requester %s.
06-03 10:15:03.513 I/exkx    ( 1815): (REDACTED) Hotword detection is running : %b, no further operation required.
06-03 10:15:03.515 D/NativeCustomFrequencyManager( 2053): [NativeCFMS] BpCustomFrequencyManager::BpCustomFrequencyManager()
06-03 10:15:03.516 I/exiy    ( 1815): (REDACTED) isHotwordAvailable():  %b, isHotwordEnabled() %b , removeUsageOfHotwordEnabled: %b
06-03 10:15:03.516 I/exiy    ( 1815): (REDACTED) Voice Match (Speaker-id) supported : %b 
06-03 10:15:03.517 I/exkx    ( 1815): #logRequestHandlingNonErrorEndEvent. Reset requestIdOfFirstError, firstStartErrorCausesRetry and numOfRetriesDoneForHotwordDetectorStartErrors!
06-03 10:15:03.519 V/WindowManager( 1375): Collecting in transition 126: ActivityRecord{4ea1f36 u0 com.google.android.googlequicksearchbox/.InternalGoogleAppActivityEntrypoint t163}, caller=com.android.server.wm.Transition.collect:759 com.android.server.wm.TransitionController.collect:935 com.android.server.wm.ActivityRecord.setVisibility:6348 com.android.server.wm.ActivityRecord.setVisibility:6300 com.android.server.wm.ActivityRecord.makeVisibleIfNeeded:7102 
06-03 10:15:03.520 V/WindowManager( 1375): Collecting in transition 126: ActivityRecord{861ca4 u0 com.sec.android.app.launcher/.activities.LauncherActivity t144}, caller=com.android.server.wm.Transition.collect:759 com.android.server.wm.TransitionController.collect:935 com.android.server.wm.ActivityRecord.setVisibility:6348 com.android.server.wm.ActivityRecord.setVisibility:6300 com.android.server.wm.ActivityRecord.makeInvisible:7137 
06-03 10:15:03.521 I/etir    ( 1815): (REDACTED) AppFlow %s is about to be transmitted
06-03 10:15:03.522 I/etlq    ( 1815): (REDACTED) %s TNG App is logging Clearcut event named %s with the %s account state (zwieback available: %b) and %s source
06-03 10:15:03.523 D/WindowManager( 1375): prepareSync <SYNC_STATE_WAITING_FOR_DRAW>, mPrepareSyncSeqId=0, win=Window{76ff518 u0 (2-2)-Window{d2e1de2 alpha=1.0 fl=}}
06-03 10:15:03.523 D/WindowManager( 1375): prepareSync <SYNC_STATE_WAITING_FOR_DRAW>, mPrepareSyncSeqId=0, win=Window{4362d2a u0 com.sec.android.app.launcher/com.sec.android.app.launcher.activities.LauncherActivity}
06-03 10:15:03.523 V/WindowManager( 1375): Collecting in transition 126: WallpaperWindowToken{445c02e token=android.os.Binder@8a4b2a9}, caller=com.android.server.wm.Transition.collect:759 com.android.server.wm.Transition.collect:847 com.android.server.wm.Transition.collect:759 com.android.server.wm.TransitionController.collect:935 com.android.server.wm.ActivityRecord.setVisibility:6348 
06-03 10:15:03.524 D/WindowManager( 1375): VisibleRequested updated, r=ActivityRecord{861ca4 u0 com.sec.android.app.launcher/.activities.LauncherActivity t144}
06-03 10:15:03.524 V/WindowManager( 1375): rotationForOrientation(orient=SCREEN_ORIENTATION_UNSPECIFIED (-1), last=ROTATION_0 (0)); user=ROTATION_0 (0) 
06-03 10:15:03.524 D/WindowManager( 1375): rotationForOrientation, orientationSource=ActivityRecord{4ea1f36 u0 com.google.android.googlequicksearchbox/.InternalGoogleAppActivityEntrypoint t163}
06-03 10:15:03.524 V/WindowManager( 1375): rotationForOrientation(orient=SCREEN_ORIENTATION_UNSPECIFIED (-1), last=ROTATION_0 (0)); user=ROTATION_0 (0) 
06-03 10:15:03.524 D/WindowManager( 1375): rotationForOrientation, orientationSource=ActivityRecord{4ea1f36 u0 com.google.android.googlequicksearchbox/.InternalGoogleAppActivityEntrypoint t163}
06-03 10:15:03.525 V/WindowManager( 1375): Computed rotation=ROTATION_0 (0) for display id=0 based on lastOrientation=SCREEN_ORIENTATION_UNSPECIFIED (-1) and oldRotation=ROTATION_0 (0), caller=com.android.server.wm.DisplayRotation.updateOrientation:517 com.android.server.wm.DisplayContent.updateOrientation:2176 com.android.server.wm.DisplayContent.updateOrientation:2092 com.android.server.wm.RootWindowContainer.ensureVisibilityAndConfig:2091 com.android.server.wm.ActivityTaskSupervisor.realStartActivityLocked:932 com.android.server.wm.ActivityTaskSupervisor.startSpecificActivity:1267 
06-03 10:15:03.525 V/WindowManager( 1375): rotationForOrientation(orient=SCREEN_ORIENTATION_UNSPECIFIED (-1), last=ROTATION_0 (0)); user=ROTATION_0 (0) 
06-03 10:15:03.525 D/WindowManager( 1375): rotationForOrientation, orientationSource=ActivityRecord{4ea1f36 u0 com.google.android.googlequicksearchbox/.InternalGoogleAppActivityEntrypoint t163}
06-03 10:15:03.526 V/WindowManager( 1375): Collecting in transition 126: ActivityRecord{4ea1f36 u0 com.google.android.googlequicksearchbox/.InternalGoogleAppActivityEntrypoint t163}, caller=com.android.server.wm.Transition.collect:759 com.android.server.wm.TransitionController.collect:935 com.android.server.wm.ActivityRecord.setVisibility:6348 com.android.server.wm.ActivityRecord.setVisibility:6300 com.android.server.wm.ActivityTaskSupervisor.realStartActivityLocked:941 
06-03 10:15:03.527 I/bphn    ( 1815): OptInSetting is UNKNOWN or UNRECOGNIZED [CONTEXT ratelimit_period="10 SECONDS" ]
06-03 10:15:03.527 D/SGM:PkgDataHelper( 1375): notifyAppCreate(), pkgName: com.google.android.googlequicksearchbox, userId: 0, sendRet: true
06-03 10:15:03.527 D/SGM:FgCheckThread( 1375): onLooperPrepared(), msg: MSG_APP_CREATE, pkgName: com.google.android.googlequicksearchbox, userId: 0
06-03 10:15:03.528 I/bljy    ( 1815): Mode not matched [CONTEXT ratelimit_period="10 SECONDS" ]
06-03 10:15:03.528 I/bljy    ( 1815): Device not matched [CONTEXT ratelimit_period="10 SECONDS" ]
06-03 10:15:03.529 I/bphn    ( 1815): #getOobeStatus: FastTrack [CONTEXT ratelimit_period="10 SECONDS" ]
06-03 10:15:03.530 I/binn    ( 1815): User OptedIn. Checking Eligibility.
06-03 10:15:03.531 D/SGM:FgCheckThread( 1375): TaskStackListener.onTaskFocusChanged(), taskId=144, focused=false
06-03 10:15:03.532 D/SGM:FgCheckThread( 1375): TaskStackListener.onTaskFocusChanged(), taskId=163, focused=true
06-03 10:15:03.532 D/SGM:FgCheckThread( 1375):   sendRunningComponentFocus(), pkgName: com.google.android.googlequicksearchbox, userId: 0
06-03 10:15:03.532 D/SGM:FgCheckThread( 1375): onLooperPrepared(), msg: MSG_TASK_FOCUSED, pkgName: com.google.android.googlequicksearchbox, userId: 0
06-03 10:15:03.532 D/SGM:FgCheckThread( 1375): handleTaskFocused().
06-03 10:15:03.532 D/SGM:FgCheckThread( 1375):   handleTaskFocused(), pkgName: com.google.android.googlequicksearchbox, userID:0
06-03 10:15:03.532 D/SGM:FgCheckThread( 1375): handleResume().
06-03 10:15:03.532 D/SGM:FgCheckThread( 1375): sendFocusOutConditionally() - mPrevNotiPkg: (unknown), userId: 0
06-03 10:15:03.534 D/InputDispatcher( 1375): Focused application(0): ActivityRecord{4ea1f36 u0 com.google.android.googlequicksearchbox/.InternalGoogleAppActivityEntrypoint t163}
06-03 10:15:03.534 D/SGM:FgCheckThread( 1375):   handleResume(). pkgName: com.google.android.googlequicksearchbox, userId: 0, isTunableApp: null
06-03 10:15:03.534 D/SGM:FgCheckThread( 1375): notifyFocusInOut(). of pkg: com.google.android.googlequicksearchbox, type: 4, isTunableApp: false, userId: 0
06-03 10:15:03.534 D/SGM:FgCheckThread( 1375):   notifyFocusInOut(). unexpected mPrevNotiType: -1
06-03 10:15:03.534 D/SGM:SystemHelper( 1375): callReleaseBlock needReleaseBlock:false
06-03 10:15:03.535 V/WindowManager( 1375): Changing focus from Window{4362d2a u0 com.sec.android.app.launcher/com.sec.android.app.launcher.activities.LauncherActivity} to null displayId=0 Callers=com.android.server.wm.RootWindowContainer.updateFocusedWindowLocked:578 com.android.server.wm.WindowManagerService.updateFocusedWindowLocked:6833 com.android.server.wm.ActivityTaskManagerService.setLastResumedActivityUncheckLocked:6118 com.android.server.wm.ActivityTaskSupervisor.updateTopResumedActivityIfNeeded:2847 
06-03 10:15:03.535 D/SGM:FgCheckThread( 1375): TaskStackListener.onTaskFocusChanged(), taskId=144, focused=false
06-03 10:15:03.535 D/SGM:FgCheckThread( 1375): TaskStackListener.onTaskFocusChanged(), taskId=163, focused=true
06-03 10:15:03.535 D/SGM:FgCheckThread( 1375):   sendRunningComponentFocus(), pkgName: com.google.android.googlequicksearchbox, userId: 0
06-03 10:15:03.536 D/SGM:FgCheckThread( 1375): onLooperPrepared(), msg: MSG_TASK_FOCUSED, pkgName: com.google.android.googlequicksearchbox, userId: 0
06-03 10:15:03.536 D/ActivityTaskManager( 1375): scheduleTopResumedActivityChanged, onTop=true, r=ActivityRecord{4ea1f36 u0 com.google.android.googlequicksearchbox/.InternalGoogleAppActivityEntrypoint t163}, caller=com.android.server.wm.ActivityTaskSupervisor.scheduleTopResumedActivityStateIfNeeded:2857 com.android.server.wm.ActivityTaskSupervisor.updateTopResumedActivityIfNeeded:2849 com.android.server.wm.TaskFragment.setResumedActivity:579 com.android.server.wm.TaskFragment.onActivityStateChanged:903 com.android.server.wm.ActivityRecord.setState:6811 com.android.server.wm.Task.minimalResumeActivityLocked:6192 
06-03 10:15:03.536 D/SGM:FgCheckThread( 1375): handleTaskFocused().
06-03 10:15:03.536 D/SGM:FgCheckThread( 1375):   handleTaskFocused(), pkgName: com.google.android.googlequicksearchbox, userID:0
06-03 10:15:03.536 D/SGM:FgCheckThread( 1375): handleResume().
06-03 10:15:03.536 D/SGM:FgCheckThread( 1375): sendFocusOutConditionally() - mPrevNotiPkg: (unknown), userId: 0
06-03 10:15:03.536 D/SGM:FgCheckThread( 1375):   handleResume(). pkgName: com.google.android.googlequicksearchbox, userId: 0, isTunableApp: null
06-03 10:15:03.536 V/WindowManager( 1375): Collecting in transition 126: ActivityRecord{4ea1f36 u0 com.google.android.googlequicksearchbox/.InternalGoogleAppActivityEntrypoint t163}, caller=com.android.server.wm.Transition.collect:759 com.android.server.wm.TransitionController.collect:935 com.android.server.wm.ActivityRecord.setVisibility:6348 com.android.server.wm.ActivityRecord.setVisibility:6300 com.android.server.wm.ActivityRecord.completeResumeLocked:7395 
06-03 10:15:03.536 D/SGM:FgCheckThread( 1375): notifyFocusInOut(). of pkg: com.google.android.googlequicksearchbox, type: 4, isTunableApp: false, userId: 0
06-03 10:15:03.537 D/SGM:FgCheckThread( 1375):   notifyFocusInOut(). unexpected mPrevNotiType: -1
06-03 10:15:03.537 D/SGM:SystemHelper( 1375): callReleaseBlock needReleaseBlock:false
06-03 10:15:03.537 V/Transition( 1375):  allReady query: used=true, override=false, defer=0, states=Display{#0 state=ON size=1080x2340 ROTATION_0}:true
06-03 10:15:03.537 D/WindowManagerServiceExt( 1375): notifyOccludeChangeNotice: cn=ComponentInfo{com.google.android.googlequicksearchbox/com.google.android.googlequicksearchbox.InternalGoogleAppActivityEntrypoint} occludesParent=true isInSplitScreenMode=false styleFloating=false caller=com.android.server.wm.ActivityRecord.completeResumeLocked:7452 com.android.server.wm.Task.minimalResumeActivityLocked:6193 com.android.server.wm.ActivityTaskSupervisor.realStartActivityLocked:1158 com.android.server.wm.ActivityTaskSupervisor.startSpecificActivity:1267 com.android.server.wm.TaskFragment.resumeTopActivity:1885 
06-03 10:15:03.539 D/WindowManager( 1375): SyncGroup 126:  Unfinished container: Task{6f5ee37 #163 type=standard A=10219:com.google.android.googlequicksearchbox.googleapp} mSyncState=2
06-03 10:15:03.541 D/CompatibilityChangeReporter( 1375): Compat change id reported: 168419799; UID 10219; state: DISABLED
06-03 10:15:03.541 D/CompatibilityChangeReporter( 1375): Compat change id reported: 273564678; UID 10219; state: DISABLED
06-03 10:15:03.541 D/InputTransport( 1375): Input channel constructed: 'b9717a ', fd=925
06-03 10:15:03.541 D/InputTransport( 1375): Input channel constructed: 'b9717a ', fd=926
06-03 10:15:03.541 D/InputTransport( 1375): Input channel constructed: 'b9717a ', fd=946
